Archive member included to satisfy reference by file (symbol)

/opt/devkitpro/libnds/lib/libnds9.a(console.o)
                              main.o (consoleDemoInit)
/opt/devkitpro/libnds/lib/libnds9.a(trig.o)
                              main.o (tanLerp)
/opt/devkitpro/libnds/lib/libnds9.a(videoGL_base.o)
                              main.o (glRotatef32i)
/opt/devkitpro/libnds/lib/libnds9.a(default_font.bin.o)
                              /opt/devkitpro/libnds/lib/libnds9.a(console.o) (default_font_bin)
/opt/devkitpro/libnds/lib/libnds9.a(background.o)
                              /opt/devkitpro/libnds/lib/libnds9.a(console.o) (bgState)
/opt/devkitpro/libnds/lib/libnds9.a(system.o)
                              /opt/devkitpro/libnds/lib/libnds9.a(videoGL_base.o) (powerOn)
/opt/devkitpro/calico/lib/libcalico_ds9.a(thread_cold.o)
                              main.o (threadIrqWait)
/opt/devkitpro/calico/lib/libcalico_ds9.a(thread_hot.32.o)
                              /opt/devkitpro/calico/lib/libcalico_ds9.a(thread_cold.o) (__sched_state)
/opt/devkitpro/calico/lib/libcalico_ds9.a(arm-copy-fill.32.o)
                              /opt/devkitpro/calico/lib/libcalico_ds9.a(thread_cold.o) (armCopyMem32)
/opt/devkitpro/calico/lib/libcalico_ds9.a(arm-context.32.o)
                              /opt/devkitpro/calico/lib/libcalico_ds9.a(thread_cold.o) (armContextSave)
/opt/devkitpro/calico/lib/libcalico_ds9.a(arm-shims.32.o)
                              /opt/devkitpro/calico/lib/libcalico_ds9.a(thread_cold.o) (armWaitForIrq)
/opt/devkitpro/calico/lib/libcalico_ds9.a(bootstub_arm9.o)
                              (__ds9_bootstub)
/opt/devkitpro/calico/lib/libcalico_ds9.a(excpt_handler.32.o)
                              /opt/devkitpro/calico/lib/libcalico_ds9.a(bootstub_arm9.o) (__arm_excpt_rst)
/opt/devkitpro/calico/lib/libcalico_ds9.a(tick.o)
                              /opt/devkitpro/calico/lib/libcalico_ds9.a(thread_cold.o) (tickTaskStart)
/opt/devkitpro/calico/lib/libcalico_ds9.a(newlib_syscalls.o)
                              /opt/devkitpro/calico/lib/libcalico_ds9.a(bootstub_arm9.o) (__newlib_syscalls)
/opt/devkitpro/calico/lib/libcalico_ds9.a(startup.crt0.o)
                              /opt/devkitpro/calico/lib/libcalico_ds9.a(bootstub_arm9.o) (crt0Startup)
/opt/devkitpro/calico/lib/libcalico_ds9.a(utils.crt0.o)
                              /opt/devkitpro/calico/lib/libcalico_ds9.a(startup.crt0.o) (crt0CopyMem32)
/opt/devkitpro/calico/lib/libcalico_ds9.a(irq_handler.32.o)
                              /opt/devkitpro/calico/lib/libcalico_ds9.a(bootstub_arm9.o) (__arm_excpt_irq)
/opt/devkitpro/calico/lib/libcalico_ds9.a(pxi.o)
                              /opt/devkitpro/calico/lib/libcalico_ds9.a(startup.crt0.o) (_pxiInit)
/opt/devkitpro/calico/lib/libcalico_ds9.a(mpu_setup.crt0.o)
                              /opt/devkitpro/calico/lib/libcalico_ds9.a(startup.crt0.o) (crt0SetupMPU)
/opt/devkitpro/calico/lib/libcalico_ds9.a(sys_startup.o)
                              /opt/devkitpro/calico/lib/libcalico_ds9.a(startup.crt0.o) (systemStartup)
/opt/devkitpro/calico/lib/libcalico_ds9.a(irq.o)
                              /opt/devkitpro/calico/lib/libcalico_ds9.a(tick.o) (irqSet)
/opt/devkitpro/calico/lib/libcalico_ds9.a(mutex.o)
                              /opt/devkitpro/calico/lib/libcalico_ds9.a(newlib_syscalls.o) (mutexLock)
/opt/devkitpro/calico/lib/libcalico_ds9.a(mailbox.o)
                              /opt/devkitpro/calico/lib/libcalico_ds9.a(pxi.o) (mailboxTrySend)
/opt/devkitpro/calico/lib/libcalico_ds9.a(arm-cache.32.o)
                              /opt/devkitpro/calico/lib/libcalico_ds9.a(startup.crt0.o) (armDCacheFlushAll)
/opt/devkitpro/calico/lib/libcalico_ds9.a(pm.o)
                              /opt/devkitpro/calico/lib/libcalico_ds9.a(sys_startup.o) (pmInit)
/opt/devkitpro/devkitARM/bin/../lib/gcc/arm-none-eabi/14.2.0/thumb/libgcc.a(_arm_mulsf3.o)
                              main.o (__aeabi_fmul)
/opt/devkitpro/devkitARM/bin/../lib/gcc/arm-none-eabi/14.2.0/thumb/libgcc.a(_divsi3.o)
                              /opt/devkitpro/libnds/lib/libnds9.a(console.o) (__aeabi_idivmod)
/opt/devkitpro/devkitARM/bin/../lib/gcc/arm-none-eabi/14.2.0/thumb/libgcc.a(_dvmd_tls.o)
                              /opt/devkitpro/devkitARM/bin/../lib/gcc/arm-none-eabi/14.2.0/thumb/libgcc.a(_divsi3.o) (__aeabi_idiv0)
/opt/devkitpro/devkitARM/bin/../lib/gcc/arm-none-eabi/14.2.0/thumb/libgcc.a(_arm_addsubdf3.o)
                              main.o (__aeabi_f2d)
/opt/devkitpro/devkitARM/bin/../lib/gcc/arm-none-eabi/14.2.0/thumb/libgcc.a(_arm_muldivdf3.o)
                              main.o (__aeabi_ddiv)
/opt/devkitpro/devkitARM/bin/../lib/gcc/arm-none-eabi/14.2.0/thumb/libgcc.a(_arm_fixdfsi.o)
                              main.o (__aeabi_d2iz)
/opt/devkitpro/devkitARM/bin/../lib/gcc/arm-none-eabi/14.2.0/thumb/libgcc.a(_arm_fixsfsi.o)
                              main.o (__aeabi_f2iz)
[...]
Memory Configuration

Name             Origin             Length             Attributes
lma9             0x02004000         0x0027c000
lma9i            0x02400000         0x00280000
vectors          0x00000000         0x00000020
itcm             0x01ff8020         0x00007fe0
main             0x02001000         0x00f7f000
dtcm             0x02ff0000         0x00003e80
dldi             0x0380b000         0x00004000
stub             0x0e000000         0x00004000
tls              0x00000000         0x00000400
*default*        0x00000000         0xffffffff

Linker script and memory map

                0x00000000                        __sync_synchronize = __sync_synchronize_none
LOAD /opt/devkitpro/devkitARM/bin/../lib/gcc/arm-none-eabi/14.2.0/thumb/crti.o
LOAD /opt/devkitpro/devkitARM/bin/../lib/gcc/arm-none-eabi/14.2.0/thumb/crtbegin.o
LOAD main.o
LOAD /opt/devkitpro/libnds/lib/libnds9.a
LOAD /opt/devkitpro/calico/lib/libcalico_ds9.a
START GROUP
LOAD /opt/devkitpro/devkitARM/bin/../lib/gcc/arm-none-eabi/14.2.0/thumb/libgcc.a
LOAD /opt/devkitpro/devkitARM/bin/../lib/gcc/arm-none-eabi/14.2.0/../../../../arm-none-eabi/lib/thumb/libg.a
LOAD /opt/devkitpro/devkitARM/bin/../lib/gcc/arm-none-eabi/14.2.0/../../../../arm-none-eabi/lib/thumb/libc.a
LOAD /opt/devkitpro/devkitARM/bin/../lib/gcc/arm-none-eabi/14.2.0/../../../../arm-none-eabi/lib/thumb/libsysbase.a
END GROUP
LOAD /opt/devkitpro/devkitARM/bin/../lib/gcc/arm-none-eabi/14.2.0/thumb/crtend.o
LOAD /opt/devkitpro/devkitARM/bin/../lib/gcc/arm-none-eabi/14.2.0/thumb/crtn.o
                0x02ff3e80                        PROVIDE (__sp_usr = (ORIGIN (dtcm) + LENGTH (dtcm)))
                0x02ff3f80                        PROVIDE (__sp_irq = (__sp_usr + 0x100))
                0x02ff3fc0                        PROVIDE (__sp_svc = (__sp_irq + 0x40))
                0x02ff3ff8                        PROVIDE (__irq_flags = (__sp_svc + 0x38))
                [!provide]                        PROVIDE (__irq_vector = (__sp_svc + 0x3c))
                [!provide]                        PROVIDE (__arm_excpt_rst = 0xffff0000)
                [!provide]                        PROVIDE (__arm_excpt_und = 0xffff0004)
                0xffff0008                        PROVIDE (__arm_excpt_svc = 0xffff0008)
                [!provide]                        PROVIDE (__arm_excpt_pabt = 0xffff000c)
                [!provide]                        PROVIDE (__arm_excpt_dabt = 0xffff0010)
                [!provide]                        PROVIDE (__arm_excpt_irq = 0xffff0018)
                [!provide]                        PROVIDE (__arm_excpt_fiq = 0xffff001c)
                0x00000000                        PROVIDE (__end__ = 0x0)

.secure         0x0e000000      0x800 load address 0x02004000
                0x0e0007fc                        . = (. + 0x7fc)
 *fill*         0x0e000000      0x7fc 00000000
                0x0e0007fc        0x4 LONG 0x0

.bootstub       0x0e000800      0x190 load address 0x02004800
 *(.bootstub .bootstub.*)
 .bootstub.__ds9_bootstub
                0x0e000800      0x190 /opt/devkitpro/calico/lib/libcalico_ds9.a(bootstub_arm9.o)
                0x0e000800                __ds9_bootstub
                0x0e000990                        . = ALIGN (0x4)

.crt0           0x02001000      0x360 load address 0x02004990
 *(.crt0 .crt0.*)
 .crt0.__ds9_bootstub_trampoline
                0x02001000       0x20 /opt/devkitpro/calico/lib/libcalico_ds9.a(bootstub_arm9.o)
 *.crt0.*(.text .stub .text.* .gnu.linkonce.t.*)
 .text.crt0ProcessLoadList
                0x02001020       0x74 /opt/devkitpro/calico/lib/libcalico_ds9.a(startup.crt0.o)
                0x02001020                crt0ProcessLoadList
 .text.crt0Startup
                0x02001094      0x150 /opt/devkitpro/calico/lib/libcalico_ds9.a(startup.crt0.o)
                0x02001094                crt0Startup
 .text.crt0CopyMem32
                0x020011e4       0x4c /opt/devkitpro/calico/lib/libcalico_ds9.a(utils.crt0.o)
                0x020011e4                crt0CopyMem32
 .text.crt0FillMem32
                0x02001230       0x58 /opt/devkitpro/calico/lib/libcalico_ds9.a(utils.crt0.o)
                0x02001230                crt0FillMem32
 .text.crt0SetupMPU
                0x02001288       0xb4 /opt/devkitpro/calico/lib/libcalico_ds9.a(mpu_setup.crt0.o)
                0x02001288                crt0SetupMPU
 *fill*         0x0200133c        0x4 ff
 .text.crt0SetupMPU.__stub
                0x02001340        0x8 linker stubs
 *.crt0.*(.glue_7t .glue_7 .vfp11_veneer .v4_bx)
 *.crt0.*(.rodata .rodata.* .gnu.linkonce.r.*)
 *.crt0.*(.rodata1)
                0x02001360                        . = ALIGN (0x20)
 *fill*         0x02001348       0x18 ff
                0x02004990                        PROVIDE (__crt0_lma = LOADADDR (.crt0))
                0x02001000                        PROVIDE (__crt0_start = ADDR (.crt0))
                0x02001360                        PROVIDE (__crt0_end = (ADDR (.crt0) + SIZEOF (.crt0)))
                0x00000001                        ASSERT (((__crt0_end <= LOADADDR (.bootstub)) || (__crt0_start >= (LOADADDR (.bootstub) + SIZEOF (.bootstub)))), Error: crt0 section overlaps initial bootstrap)

.dldi           0x0380b000        0x0 load address 0x02004cf0
 *(.dldi)
                0x00000000                        PROVIDE (__dldi_lma = SIZEOF (.dldi)?LOADADDR (.dldi):0x0)

.vectors        0x00000000       0x20 load address 0x02004cf0
 *(.vectors)
 .vectors       0x00000000       0x20 /opt/devkitpro/calico/lib/libcalico_ds9.a(bootstub_arm9.o)

.itcm           0x01ff8020      0x68c load address 0x02004d10
 *(.itcm .itcm.*)
 .itcm          0x01ff8020       0x30 /opt/devkitpro/calico/lib/libcalico_ds9.a(bootstub_arm9.o)
                0x01ff8038                __excpt_vectors
 *.itcm.*(.text .stub .text.* .gnu.linkonce.t.*)
 *.32.o(.text .stub .text.* .gnu.linkonce.t.*)
 .text.threadReschedule
                0x01ff8050       0x88 /opt/devkitpro/calico/lib/libcalico_ds9.a(thread_hot.32.o)
 .text.threadBlock
                0x01ff80d8       0xd4 /opt/devkitpro/calico/lib/libcalico_ds9.a(thread_hot.32.o)
                0x01ff80d8                threadBlock
 .text.threadUnblockOneByValue
                0x01ff81ac       0xc0 /opt/devkitpro/calico/lib/libcalico_ds9.a(thread_hot.32.o)
                0x01ff81ac                threadUnblockOneByValue
 .text.threadUnblockAllByValue
                0x01ff826c      0x144 /opt/devkitpro/calico/lib/libcalico_ds9.a(thread_hot.32.o)
                0x01ff826c                threadUnblockAllByValue
 .text.threadUnblockAllByMask
                0x01ff83b0      0x134 /opt/devkitpro/calico/lib/libcalico_ds9.a(thread_hot.32.o)
                0x01ff83b0                threadUnblockAllByMask
 .text.armContextSave
                0x01ff84e4       0x2c /opt/devkitpro/calico/lib/libcalico_ds9.a(arm-context.32.o)
                0x01ff84e4                armContextSave
 .text.armContextLoad
                0x01ff8510       0x20 /opt/devkitpro/calico/lib/libcalico_ds9.a(arm-context.32.o)
                0x01ff8510                armContextLoad
                0x01ff8514                armContextLoadFromSvc
 .text.armWaitForIrq
                0x01ff8530        0x8 /opt/devkitpro/calico/lib/libcalico_ds9.a(arm-shims.32.o)
                0x01ff8530                armWaitForIrq
 .text.__excpt_entry
                0x01ff8538       0x50 /opt/devkitpro/calico/lib/libcalico_ds9.a(excpt_handler.32.o)
                0x01ff8538                __arm_excpt_rst
                0x01ff853c                __arm_excpt_pabt
                0x01ff8540                __arm_excpt_und
                0x01ff854c                __arm_excpt_dabt
 .text.__arm_excpt_irq
                0x01ff8588       0xe4 /opt/devkitpro/calico/lib/libcalico_ds9.a(irq_handler.32.o)
                0x01ff8588                __arm_excpt_irq
 .text.armDrainWriteBuffer
                0x01ff866c        0xc /opt/devkitpro/calico/lib/libcalico_ds9.a(arm-cache.32.o)
                0x01ff866c                armDrainWriteBuffer
 .text.armDCacheFlushAll
                0x01ff8678       0x28 /opt/devkitpro/calico/lib/libcalico_ds9.a(arm-cache.32.o)
                0x01ff8678                armDCacheFlushAll
 .text.armICacheInvalidateAll
                0x01ff86a0        0xc /opt/devkitpro/calico/lib/libcalico_ds9.a(arm-cache.32.o)
                0x01ff86a0                armICacheInvalidateAll
 *.itcm.*(.glue_7t .glue_7 .vfp11_veneer .v4_bx)
 *.32.o(.glue_7t .glue_7 .vfp11_veneer .v4_bx)
 *.itcm.*(.rodata .rodata.* .gnu.linkonce.r.*)
 *.32.o(.rodata .rodata.* .gnu.linkonce.r.*)
 *.itcm.*(.rodata1)
 *.32.o(.rodata1)
                0x01ff86ac                        . = ALIGN (0x4)
                0x02004cf0                        PROVIDE (__itcm_lma = LOADADDR (.vectors))
                0x01ff8000                        PROVIDE (__itcm_start = (ADDR (.itcm) - SIZEOF (.vectors)))
                0x01ff86ac                        PROVIDE (__itcm_end = (ADDR (.itcm) + SIZEOF (.itcm)))
                0x00000001                        ASSERT (((__itcm_lma + SIZEOF (.vectors)) == LOADADDR (.itcm)), Error: gap between vectors and itcm)

.dtcm           0x02ff0000        0x0 load address 0x0200539c
 *(.dtcm .dtcm.*)
 *.32.o(.data .data.* .gnu.linkonce.d.*)
 *.32.o(.data1)
                0x02ff0000                        . = ALIGN (0x4)
                [!provide]                        PROVIDE (__dtcm_lma = LOADADDR (.dtcm))
                0x02ff0000                        PROVIDE (__dtcm_start = ADDR (.dtcm))
                0x02ff0000                        PROVIDE (__dtcm_end = (ADDR (.dtcm) + SIZEOF (.dtcm)))

.dtcm.bss       0x02ff0000       0x98 load address 0x0200539c
 *(.sbss .sbss.*)
 *.32.o(.dynbss)
 *.32.o(.bss .bss.* .gnu.linkonce.b.*)
 .bss.__irq_table
                0x02ff0000       0x80 /opt/devkitpro/calico/lib/libcalico_ds9.a(thread_hot.32.o)
                0x02ff0000                __irq_table
 .bss.__sched_state
                0x02ff0080       0x18 /opt/devkitpro/calico/lib/libcalico_ds9.a(thread_hot.32.o)
                0x02ff0080                __sched_state
 *.32.o(COMMON)
                0x02ff0098                        . = ALIGN (0x4)
                [!provide]                        PROVIDE (__dtcm_bss_start = ADDR (.dtcm.bss))
                0x02ff0098                        PROVIDE (__dtcm_bss_end = (ADDR (.dtcm.bss) + SIZEOF (.dtcm.bss)))

.main           0x02001360    0x16374 load address 0x0200539c
 *(SORT_NONE(.init))
 .init          0x02001360        0x4 /opt/devkitpro/devkitARM/bin/../lib/gcc/arm-none-eabi/14.2.0/thumb/crti.o
                0x02001360                _init
 .init          0x02001364        0x8 /opt/devkitpro/devkitARM/bin/../lib/gcc/arm-none-eabi/14.2.0/thumb/crtn.o
 EXCLUDE_FILE(*.twl.*) *(.text.unlikely .text.*_unlikely .text.unlikely.*)
 EXCLUDE_FILE(*.twl.*) *(.text.exit .text.exit.*)
 .text.exit     0x0200136c       0x24 /opt/devkitpro/devkitARM/bin/../lib/gcc/arm-none-eabi/14.2.0/../../../../arm-none-eabi/lib/thumb/libg.a(libc_a-exit.o)
                0x0200136c                exit
 EXCLUDE_FILE(*.twl.*) *(.text.startup .text.startup.*)
 .text.startup.main
                0x02001390      0x108 main.o
                0x02001390                main
 EXCLUDE_FILE(*.twl.*) *(.text.hot .text.hot.*)
 EXCLUDE_FILE(*.twl.*) *(.text .iplt .stub .text.* .gnu.linkonce.t.*)
 .text.__do_global_dtors_aux
                0x02001498       0x2c /opt/devkitpro/devkitARM/bin/../lib/gcc/arm-none-eabi/14.2.0/thumb/crtbegin.o
 .text.frame_dummy
                0x020014c4       0x24 /opt/devkitpro/devkitARM/bin/../lib/gcc/arm-none-eabi/14.2.0/thumb/crtbegin.o
 .iplt          0x020014e8        0x0 /opt/devkitpro/devkitARM/bin/../lib/gcc/arm-none-eabi/14.2.0/thumb/crtbegin.o
 .text.initOpenGL
                0x020014e8       0x74 main.o
                0x020014e8                initOpenGL
 .text.perspectiveModeGL
                0x0200155c      0x48c main.o
                0x0200155c                perspectiveModeGL
 .text.render_cube
                0x020019e8       0xb8 main.o
                0x020019e8                render_cube
 .text.newRow   0x02001aa0       0xdc /opt/devkitpro/libnds/lib/libnds9.a(console.o)
 .text.consolePrintChar
                0x02001b7c       0xe0 /opt/devkitpro/libnds/lib/libnds9.a(console.o)
                0x02001b7c                consolePrintChar
 .text.con_write
                0x02001c5c      0x320 /opt/devkitpro/libnds/lib/libnds9.a(console.o)
                0x02001c5c                con_write
 .text.consoleLoadFont
                0x02001f7c      0x314 /opt/devkitpro/libnds/lib/libnds9.a(console.o)
                0x02001f7c                consoleLoadFont
 .text.consoleInit
                0x02002290      0x18c /opt/devkitpro/libnds/lib/libnds9.a(console.o)
                0x02002290                consoleInit
 .text.consoleDemoInit
                0x0200241c       0x40 /opt/devkitpro/libnds/lib/libnds9.a(console.o)
                0x0200241c                consoleDemoInit
 .text.sinLutLookup
                0x0200245c       0x4c /opt/devkitpro/libnds/lib/libnds9.a(trig.o)
                0x0200245c                sinLutLookup
 .text.sinLerp  0x020024a8       0x38 /opt/devkitpro/libnds/lib/libnds9.a(trig.o)
                0x020024a8                sinLerp
 .text.cosLerp  0x020024e0       0x48 /opt/devkitpro/libnds/lib/libnds9.a(trig.o)
                0x020024e0                cosLerp
 .text.tanLerp  0x02002528       0xb0 /opt/devkitpro/libnds/lib/libnds9.a(trig.o)
                0x02002528                tanLerp
 .text.glRotatef32i
                0x020025d8      0x2b8 /opt/devkitpro/libnds/lib/libnds9.a(videoGL_base.o)
                0x020025d8                glRotatef32i
 .text._glInitGlobals
                0x02002890        0x4 /opt/devkitpro/libnds/lib/libnds9.a(videoGL_base.o)
                0x02002890                _glInitGlobals
 .text.glInit   0x02002894       0xdc /opt/devkitpro/libnds/lib/libnds9.a(videoGL_base.o)
                0x02002894                glInit
 .text.checkIfText
                0x02002970       0x6c /opt/devkitpro/libnds/lib/libnds9.a(background.o)
                0x02002970                checkIfText
 .text.bgUpdate
                0x020029dc       0xf4 /opt/devkitpro/libnds/lib/libnds9.a(background.o)
                0x020029dc                bgUpdate
 .text.bgInit_call
                0x02002ad0       0xb0 /opt/devkitpro/libnds/lib/libnds9.a(background.o)
                0x02002ad0                bgInit_call
 .text.bgInitSub_call
                0x02002b80       0xb8 /opt/devkitpro/libnds/lib/libnds9.a(background.o)
                0x02002b80                bgInitSub_call
 .text.powerOn  0x02002c38       0x18 /opt/devkitpro/libnds/lib/libnds9.a(system.o)
                0x02002c38                powerOn
 .text.threadExit
                0x02002c50       0x98 /opt/devkitpro/calico/lib/libcalico_ds9.a(thread_cold.o)
                0x02002c50                threadExit
 .text._threadTickTask
                0x02002ce8       0x10 /opt/devkitpro/calico/lib/libcalico_ds9.a(thread_cold.o)
 .text._threadInit
                0x02002cf8       0x98 /opt/devkitpro/calico/lib/libcalico_ds9.a(thread_cold.o)
                0x02002cf8                _threadInit
 .text.threadPrepare
                0x02002d90       0x98 /opt/devkitpro/calico/lib/libcalico_ds9.a(thread_cold.o)
                0x02002d90                threadPrepare
 .text.threadStart
                0x02002e28       0xc0 /opt/devkitpro/calico/lib/libcalico_ds9.a(thread_cold.o)
                0x02002e28                threadStart
 .text.threadIrqWait
                0x02002ee8       0x98 /opt/devkitpro/calico/lib/libcalico_ds9.a(thread_cold.o)
                0x02002ee8                threadIrqWait
 .text.threadSleepTicks
                0x02002f80       0x58 /opt/devkitpro/calico/lib/libcalico_ds9.a(thread_cold.o)
                0x02002f80                threadSleepTicks
 .text._tickCountIsr
                0x02002fd8       0x1c /opt/devkitpro/calico/lib/libcalico_ds9.a(tick.o)
 .text._tickTaskSchedule.part.0.isra.0
                0x02002ff4       0x98 /opt/devkitpro/calico/lib/libcalico_ds9.a(tick.o)
 .text.tickInit
                0x0200308c       0x8c /opt/devkitpro/calico/lib/libcalico_ds9.a(tick.o)
                0x0200308c                tickInit
 .text.tickGetCount
                0x02003118       0x6c /opt/devkitpro/calico/lib/libcalico_ds9.a(tick.o)
                0x02003118                tickGetCount
 .text._tickTaskIsr
                0x02003184      0x110 /opt/devkitpro/calico/lib/libcalico_ds9.a(tick.o)
 .text.tickTaskStart
                0x02003294      0x11c /opt/devkitpro/calico/lib/libcalico_ds9.a(tick.o)
                0x02003294                tickTaskStart
 .text.__syscall_getreent
                0x020033b0       0x14 /opt/devkitpro/calico/lib/libcalico_ds9.a(newlib_syscalls.o)
                0x020033b0                __syscall_getreent
 .text.__errno  0x020033c4       0x24 /opt/devkitpro/calico/lib/libcalico_ds9.a(newlib_syscalls.o)
                0x020033c4                __errno
 .text.__syscall_lock_acquire
                0x020033e8        0x4 /opt/devkitpro/calico/lib/libcalico_ds9.a(newlib_syscalls.o)
                0x020033e8                __syscall_lock_acquire
 .text.__syscall_lock_release
                0x020033ec        0x4 /opt/devkitpro/calico/lib/libcalico_ds9.a(newlib_syscalls.o)
                0x020033ec                __syscall_lock_release
 .text.__syscall_lock_acquire_recursive
                0x020033f0       0x40 /opt/devkitpro/calico/lib/libcalico_ds9.a(newlib_syscalls.o)
                0x020033f0                __syscall_lock_acquire_recursive
 .text.__syscall_lock_release_recursive
                0x02003430       0x18 /opt/devkitpro/calico/lib/libcalico_ds9.a(newlib_syscalls.o)
                0x02003430                __syscall_lock_release_recursive
 .text._pxiMailboxHandler
                0x02003448        0x4 /opt/devkitpro/calico/lib/libcalico_ds9.a(pxi.o)
 .text._pxiRecvUnhandled
                0x0200344c        0x4 /opt/devkitpro/calico/lib/libcalico_ds9.a(pxi.o)
                0x0200344c                _pxiRecvUnhandled
 .text._pxiRecvIrqHandler
                0x02003450      0x154 /opt/devkitpro/calico/lib/libcalico_ds9.a(pxi.o)
 .text._pxiInit
                0x020035a4       0x58 /opt/devkitpro/calico/lib/libcalico_ds9.a(pxi.o)
                0x020035a4                _pxiInit
 .text.pxiSetHandler
                0x020035fc       0x74 /opt/devkitpro/calico/lib/libcalico_ds9.a(pxi.o)
                0x020035fc                pxiSetHandler
 .text.pxiSetMailbox
                0x02003670       0x68 /opt/devkitpro/calico/lib/libcalico_ds9.a(pxi.o)
                0x02003670                pxiSetMailbox
 .text.pxiWaitRemote
                0x020036d8       0x38 /opt/devkitpro/calico/lib/libcalico_ds9.a(pxi.o)
                0x020036d8                pxiWaitRemote
 .text.pxiSendPacket
                0x02003710       0x50 /opt/devkitpro/calico/lib/libcalico_ds9.a(pxi.o)
                0x02003710                pxiSendPacket
 .text.systemUserStartup
                0x02003760        0x4 /opt/devkitpro/calico/lib/libcalico_ds9.a(sys_startup.o)
                0x02003760                systemUserStartup
 .text.systemStartup
                0x02003764      0x104 /opt/devkitpro/calico/lib/libcalico_ds9.a(sys_startup.o)
                0x02003764                systemStartup
 .text.irqSet   0x02003868       0x64 /opt/devkitpro/calico/lib/libcalico_ds9.a(irq.o)
                0x02003868                irqSet
 .text.threadUpdateDynamicPrio
                0x020038cc      0x1c4 /opt/devkitpro/calico/lib/libcalico_ds9.a(mutex.o)
 .text.threadRemoveWaiter
                0x02003a90      0x1a8 /opt/devkitpro/calico/lib/libcalico_ds9.a(mutex.o)
 .text.mutexLock
                0x02003c38      0x144 /opt/devkitpro/calico/lib/libcalico_ds9.a(mutex.o)
                0x02003c38                mutexLock
 .text.mutexUnlock
                0x02003d7c       0xbc /opt/devkitpro/calico/lib/libcalico_ds9.a(mutex.o)
                0x02003d7c                mutexUnlock
 .text.mailboxTrySend
                0x02003e38       0x9c /opt/devkitpro/calico/lib/libcalico_ds9.a(mailbox.o)
                0x02003e38                mailboxTrySend
 .text.mailboxRecv
                0x02003ed4       0x8c /opt/devkitpro/calico/lib/libcalico_ds9.a(mailbox.o)
                0x02003ed4                mailboxRecv
 .text._pmCallEventHandlers
                0x02003f60       0x40 /opt/devkitpro/calico/lib/libcalico_ds9.a(pm.o)
 .text._pmPxiThreadMain
                0x02003fa0       0xa0 /opt/devkitpro/calico/lib/libcalico_ds9.a(pm.o)
 .text._pmResetPxiHandler
                0x02004040       0x28 /opt/devkitpro/calico/lib/libcalico_ds9.a(pm.o)
 .text.systemUserExit
                0x02004068        0x4 /opt/devkitpro/calico/lib/libcalico_ds9.a(pm.o)
                0x02004068                systemUserExit
 .text.systemErrorExit
                0x0200406c        0x4 /opt/devkitpro/calico/lib/libcalico_ds9.a(pm.o)
                0x0200406c                systemErrorExit
 .text.__syscall_exit
                0x02004070      0x138 /opt/devkitpro/calico/lib/libcalico_ds9.a(pm.o)
                0x02004070                __syscall_exit
 .text.pmInit   0x020041a8       0x58 /opt/devkitpro/calico/lib/libcalico_ds9.a(pm.o)
                0x020041a8                pmInit
 .text          0x02004200      0x198 /opt/devkitpro/devkitARM/bin/../lib/gcc/arm-none-eabi/14.2.0/thumb/libgcc.a(_arm_mulsf3.o)
                0x02004200                __mulsf3
                0x02004200                __aeabi_fmul
 .text          0x02004398      0x150 /opt/devkitpro/devkitARM/bin/../lib/gcc/arm-none-eabi/14.2.0/thumb/libgcc.a(_divsi3.o)
                0x02004398                __aeabi_idiv
                0x02004398                __divsi3
                0x020044c8                __aeabi_idivmod
 .text          0x020044e8        0x4 /opt/devkitpro/devkitARM/bin/../lib/gcc/arm-none-eabi/14.2.0/thumb/libgcc.a(_dvmd_tls.o)
                0x020044e8                __aeabi_ldiv0
                0x020044e8                __aeabi_idiv0
 .text          0x020044ec      0x424 /opt/devkitpro/devkitARM/bin/../lib/gcc/arm-none-eabi/14.2.0/thumb/libgcc.a(_arm_addsubdf3.o)
                0x020044ec                __aeabi_drsub
                0x020044f4                __aeabi_dsub
                0x020044f4                __subdf3
                0x020044f8                __adddf3
                0x020044f8                __aeabi_dadd
                0x02004808                __aeabi_ui2d
                0x02004808                __floatunsidf
                0x0200482c                __floatsidf
                0x0200482c                __aeabi_i2d
                0x02004854                __extendsfdf2
                0x02004854                __aeabi_f2d
                0x0200489c                __aeabi_ul2d
                0x0200489c                __floatundidf
                0x020048b0                __floatdidf
                0x020048b0                __aeabi_l2d
 .text          0x02004910      0x49c /opt/devkitpro/devkitARM/bin/../lib/gcc/arm-none-eabi/14.2.0/thumb/libgcc.a(_arm_muldivdf3.o)
                0x02004910                __aeabi_dmul
                0x02004910                __muldf3
                0x02004ba0                __aeabi_ddiv
                0x02004ba0                __divdf3
 .text          0x02004dac       0x5c /opt/devkitpro/devkitARM/bin/../lib/gcc/arm-none-eabi/14.2.0/thumb/libgcc.a(_arm_fixdfsi.o)
                0x02004dac                __fixdfsi
                0x02004dac                __aeabi_d2iz
 .text          0x02004e08       0x5c /opt/devkitpro/devkitARM/bin/../lib/gcc/arm-none-eabi/14.2.0/thumb/libgcc.a(_arm_fixsfsi.o)
                0x02004e08                __fixsfsi
                0x02004e08                __aeabi_f2iz
 .text          0x02004e64       0x3c /opt/devkitpro/devkitARM/bin/../lib/gcc/arm-none-eabi/14.2.0/thumb/libgcc.a(_aeabi_uldivmod.o)
                0x02004e64                __aeabi_uldivmod
 .text.__muldi3
                0x02004ea0       0x64 /opt/devkitpro/devkitARM/bin/../lib/gcc/arm-none-eabi/14.2.0/thumb/libgcc.a(_muldi3.o)
                0x02004ea0                __aeabi_lmul
                0x02004ea0                __muldi3
 .text.__udivmoddi4
                0x02004f04      0x19c /opt/devkitpro/devkitARM/bin/../lib/gcc/arm-none-eabi/14.2.0/thumb/libgcc.a(_udivmoddi4.o)
                0x02004f04                __udivmoddi4
 .text          0x020050a0       0x28 /opt/devkitpro/devkitARM/bin/../lib/gcc/arm-none-eabi/14.2.0/thumb/libgcc.a(_clzdi2.o)
                0x020050a0                __clzdi2
 .text          0x020050c8       0x48 /opt/devkitpro/devkitARM/bin/../lib/gcc/arm-none-eabi/14.2.0/thumb/libgcc.a(_clzsi2.o)
                0x020050c8                __clzsi2
 .text.sprintf  0x02005110       0x44 /opt/devkitpro/devkitARM/bin/../lib/gcc/arm-none-eabi/14.2.0/../../../../arm-none-eabi/lib/thumb/libg.a(libc_a-sprintf.o)
                0x02005110                sprintf
 .text.siscanf  0x02005154       0x50 /opt/devkitpro/devkitARM/bin/../lib/gcc/arm-none-eabi/14.2.0/../../../../arm-none-eabi/lib/thumb/libg.a(libc_a-siscanf.o)
                0x02005154                siscanf
 .text.__sread  0x020051a4       0x34 /opt/devkitpro/devkitARM/bin/../lib/gcc/arm-none-eabi/14.2.0/../../../../arm-none-eabi/lib/thumb/libg.a(libc_a-stdio.o)
                0x020051a4                __sread
 .text.__seofread
                0x020051d8        0x4 /opt/devkitpro/devkitARM/bin/../lib/gcc/arm-none-eabi/14.2.0/../../../../arm-none-eabi/lib/thumb/libg.a(libc_a-stdio.o)
                0x020051d8                __seofread
 .text.__swrite
                0x020051dc       0x4c /opt/devkitpro/devkitARM/bin/../lib/gcc/arm-none-eabi/14.2.0/../../../../arm-none-eabi/lib/thumb/libg.a(libc_a-stdio.o)
                0x020051dc                __swrite
 .text.__sseek  0x02005228       0x3c /opt/devkitpro/devkitARM/bin/../lib/gcc/arm-none-eabi/14.2.0/../../../../arm-none-eabi/lib/thumb/libg.a(libc_a-stdio.o)
                0x02005228                __sseek
 .text.__sclose
                0x02005264       0x10 /opt/devkitpro/devkitARM/bin/../lib/gcc/arm-none-eabi/14.2.0/../../../../arm-none-eabi/lib/thumb/libg.a(libc_a-stdio.o)
                0x02005264                __sclose
 .text._malloc_r
                0x02005274      0x588 /opt/devkitpro/devkitARM/bin/../lib/gcc/arm-none-eabi/14.2.0/../../../../arm-none-eabi/lib/thumb/libg.a(libc_a-mallocr.o)
                0x02005274                _malloc_r
 .text._malloc_trim_r
                0x020057fc       0xac /opt/devkitpro/devkitARM/bin/../lib/gcc/arm-none-eabi/14.2.0/../../../../arm-none-eabi/lib/thumb/libg.a(libc_a-freer.o)
                0x020057fc                _malloc_trim_r
 .text._free_r  0x020058a8      0x1f4 /opt/devkitpro/devkitARM/bin/../lib/gcc/arm-none-eabi/14.2.0/../../../../arm-none-eabi/lib/thumb/libg.a(libc_a-freer.o)
                0x020058a8                _free_r
 .text.get_arg  0x02005a9c      0x428 /opt/devkitpro/devkitARM/bin/../lib/gcc/arm-none-eabi/14.2.0/../../../../arm-none-eabi/lib/thumb/libg.a(libc_a-svfprintf.o)
 .text._svfprintf_r
                0x02005ec4     0x23dc /opt/devkitpro/devkitARM/bin/../lib/gcc/arm-none-eabi/14.2.0/../../../../arm-none-eabi/lib/thumb/libg.a(libc_a-svfprintf.o)
                0x02005ec4                _svfprintf_r
 .text.setvbuf  0x020082a0      0x1ac /opt/devkitpro/devkitARM/bin/../lib/gcc/arm-none-eabi/14.2.0/../../../../arm-none-eabi/lib/thumb/libg.a(libc_a-setvbuf.o)
                0x020082a0                setvbuf
 .text.malloc   0x0200844c       0x28 /opt/devkitpro/devkitARM/bin/../lib/gcc/arm-none-eabi/14.2.0/../../../../arm-none-eabi/lib/thumb/libg.a(libc_a-malloc.o)
                0x0200844c                malloc
 .text.free     0x02008474       0x14 /opt/devkitpro/devkitARM/bin/../lib/gcc/arm-none-eabi/14.2.0/../../../../arm-none-eabi/lib/thumb/libg.a(libc_a-malloc.o)
                0x02008474                free
 .text.memcpy   0x02008488       0xb0 /opt/devkitpro/devkitARM/bin/../lib/gcc/arm-none-eabi/14.2.0/../../../../arm-none-eabi/lib/thumb/libg.a(libc_a-memcpy-stub.o)
                0x02008488                memcpy
 .text.printf   0x02008538       0x24 /opt/devkitpro/devkitARM/bin/../lib/gcc/arm-none-eabi/14.2.0/../../../../arm-none-eabi/lib/thumb/libg.a(libc_a-printf.o)
                0x02008538                printf
 .text.memset   0x0200855c       0x98 /opt/devkitpro/devkitARM/bin/../lib/gcc/arm-none-eabi/14.2.0/../../../../arm-none-eabi/lib/thumb/libg.a(libc_a-memset.o)
                0x0200855c                memset
 .text.__malloc_lock
                0x020085f4       0x14 /opt/devkitpro/devkitARM/bin/../lib/gcc/arm-none-eabi/14.2.0/../../../../arm-none-eabi/lib/thumb/libg.a(libc_a-mlock.o)
                0x020085f4                __malloc_lock
 .text.__malloc_unlock
                0x02008608       0x14 /opt/devkitpro/devkitARM/bin/../lib/gcc/arm-none-eabi/14.2.0/../../../../arm-none-eabi/lib/thumb/libg.a(libc_a-mlock.o)
                0x02008608                __malloc_unlock
 .text.__call_exitprocs
                0x0200861c        0xc /opt/devkitpro/devkitARM/bin/../lib/gcc/arm-none-eabi/14.2.0/../../../../arm-none-eabi/lib/thumb/libg.a(libc_a-exit.o)
                0x0200861c                __call_exitprocs
 .text.strncpy  0x02008628       0x68 /opt/devkitpro/devkitARM/bin/../lib/gcc/arm-none-eabi/14.2.0/../../../../arm-none-eabi/lib/thumb/libg.a(libc_a-strncpy.o)
                0x02008628                strncpy
 .text._wcsrtombs_r
                0x02008690       0x1c /opt/devkitpro/devkitARM/bin/../lib/gcc/arm-none-eabi/14.2.0/../../../../arm-none-eabi/lib/thumb/libg.a(libc_a-wcsrtombs.o)
                0x02008690                _wcsrtombs_r
 .text.__libc_init_array
                0x020086ac       0x54 /opt/devkitpro/devkitARM/bin/../lib/gcc/arm-none-eabi/14.2.0/../../../../arm-none-eabi/lib/thumb/libg.a(libc_a-init.o)
                0x020086ac                __libc_init_array
 .text.__sflush_r
                0x02008700      0x194 /opt/devkitpro/devkitARM/bin/../lib/gcc/arm-none-eabi/14.2.0/../../../../arm-none-eabi/lib/thumb/libg.a(libc_a-fflush.o)
                0x02008700                __sflush_r
 .text._fflush_r
                0x02008894       0x70 /opt/devkitpro/devkitARM/bin/../lib/gcc/arm-none-eabi/14.2.0/../../../../arm-none-eabi/lib/thumb/libg.a(libc_a-fflush.o)
                0x02008894                _fflush_r
 .text.frexp    0x02008904       0x6c /opt/devkitpro/devkitARM/bin/../lib/gcc/arm-none-eabi/14.2.0/../../../../arm-none-eabi/lib/thumb/libg.a(libm_a-s_frexp.o)
                0x02008904                frexp
 .text.strlen   0x02008970       0x60 /opt/devkitpro/devkitARM/bin/../lib/gcc/arm-none-eabi/14.2.0/../../../../arm-none-eabi/lib/thumb/libg.a(libc_a-strlen-stub.o)
                0x02008970                strlen
 .text.__locale_mb_cur_max
                0x020089d0       0x20 /opt/devkitpro/devkitARM/bin/../lib/gcc/arm-none-eabi/14.2.0/../../../../arm-none-eabi/lib/thumb/libg.a(libc_a-locale.o)
                0x020089d0                __locale_mb_cur_max
 .text.__ssprint_r
                0x020089f0       0x60 /opt/devkitpro/devkitARM/bin/../lib/gcc/arm-none-eabi/14.2.0/../../../../arm-none-eabi/lib/thumb/libg.a(libc_a-ssprint_r.o)
                0x020089f0                __ssprint_r
 .text.get_arg  0x02008a50      0x428 /opt/devkitpro/devkitARM/bin/../lib/gcc/arm-none-eabi/14.2.0/../../../../arm-none-eabi/lib/thumb/libg.a(libc_a-vfiprintf.o)
 .text._vfiprintf_r
                0x02008e78     0x1724 /opt/devkitpro/devkitARM/bin/../lib/gcc/arm-none-eabi/14.2.0/../../../../arm-none-eabi/lib/thumb/libg.a(libc_a-vfiprintf.o)
                0x02008e78                _vfiprintf_r
 .text.__sbprintf
                0x0200a59c       0x7c /opt/devkitpro/devkitARM/bin/../lib/gcc/arm-none-eabi/14.2.0/../../../../arm-none-eabi/lib/thumb/libg.a(libc_a-vfiprintf.o)
 .text._memalign_r
                0x0200a618      0x128 /opt/devkitpro/devkitARM/bin/../lib/gcc/arm-none-eabi/14.2.0/../../../../arm-none-eabi/lib/thumb/libg.a(libc_a-malignr.o)
                0x0200a618                _memalign_r
 .text.memchr   0x0200a740       0x80 /opt/devkitpro/devkitARM/bin/../lib/gcc/arm-none-eabi/14.2.0/../../../../arm-none-eabi/lib/thumb/libg.a(libc_a-memchr-stub.o)
                0x0200a740                memchr
 .text._wcsnrtombs_l
                0x0200a7c0      0x10c /opt/devkitpro/devkitARM/bin/../lib/gcc/arm-none-eabi/14.2.0/../../../../arm-none-eabi/lib/thumb/libg.a(libc_a-wcsnrtombs.o)
                0x0200a7c0                _wcsnrtombs_l
 .text._wcsnrtombs_r
                0x0200a8cc       0x40 /opt/devkitpro/devkitARM/bin/../lib/gcc/arm-none-eabi/14.2.0/../../../../arm-none-eabi/lib/thumb/libg.a(libc_a-wcsnrtombs.o)
                0x0200a8cc                _wcsnrtombs_r
 .text.get_arg  0x0200a90c       0x3e /opt/devkitpro/devkitARM/bin/../lib/gcc/arm-none-eabi/14.2.0/../../../../arm-none-eabi/lib/thumb/libg.a(libc_a-svfiscanf.o)
 .text._sungetc_r
                0x0200a94a       0x7e /opt/devkitpro/devkitARM/bin/../lib/gcc/arm-none-eabi/14.2.0/../../../../arm-none-eabi/lib/thumb/libg.a(libc_a-svfiscanf.o)
                0x0200a94a                _sungetc_r
 .text.__ssrefill_r
                0x0200a9c8       0x42 /opt/devkitpro/devkitARM/bin/../lib/gcc/arm-none-eabi/14.2.0/../../../../arm-none-eabi/lib/thumb/libg.a(libc_a-svfiscanf.o)
                0x0200a9c8                __ssrefill_r
 .text._sfread_r
                0x0200aa0a       0x88 /opt/devkitpro/devkitARM/bin/../lib/gcc/arm-none-eabi/14.2.0/../../../../arm-none-eabi/lib/thumb/libg.a(libc_a-svfiscanf.o)
                0x0200aa0a                _sfread_r
 *fill*         0x0200aa92        0x2 ff
 .text.__ssvfiscanf_r
                0x0200aa94     0x1a88 /opt/devkitpro/devkitARM/bin/../lib/gcc/arm-none-eabi/14.2.0/../../../../arm-none-eabi/lib/thumb/libg.a(libc_a-svfiscanf.o)
                0x0200aa94                __ssvfiscanf_r
 .text._strtoul_l.isra.0
                0x0200c51c      0x154 /opt/devkitpro/devkitARM/bin/../lib/gcc/arm-none-eabi/14.2.0/../../../../arm-none-eabi/lib/thumb/libg.a(libc_a-strtoul.o)
 .text._strtoul_r
                0x0200c670       0x20 /opt/devkitpro/devkitARM/bin/../lib/gcc/arm-none-eabi/14.2.0/../../../../arm-none-eabi/lib/thumb/libg.a(libc_a-strtoul.o)
                0x0200c670                _strtoul_r
 .text.__utf8_mbtowc
                0x0200c690      0x234 /opt/devkitpro/devkitARM/bin/../lib/gcc/arm-none-eabi/14.2.0/../../../../arm-none-eabi/lib/thumb/libg.a(libc_a-mbtowc_r.o)
                0x0200c690                __utf8_mbtowc
 .text.__libc_fini_array
                0x0200c8c4       0x30 /opt/devkitpro/devkitARM/bin/../lib/gcc/arm-none-eabi/14.2.0/../../../../arm-none-eabi/lib/thumb/libg.a(libc_a-fini.o)
                0x0200c8c4                __libc_fini_array
 .text.__sprint_r
                0x0200c8f4       0x24 /opt/devkitpro/devkitARM/bin/../lib/gcc/arm-none-eabi/14.2.0/../../../../arm-none-eabi/lib/thumb/libg.a(libc_a-sprint_r.o)
                0x0200c8f4                __sprint_r
 .text.iswspace
                0x0200c918       0x10 /opt/devkitpro/devkitARM/bin/../lib/gcc/arm-none-eabi/14.2.0/../../../../arm-none-eabi/lib/thumb/libg.a(libc_a-iswspace.o)
                0x0200c918                iswspace
 .text.__sccl   0x0200c928       0xa0 /opt/devkitpro/devkitARM/bin/../lib/gcc/arm-none-eabi/14.2.0/../../../../arm-none-eabi/lib/thumb/libg.a(libc_a-sccl.o)
                0x0200c928                __sccl
 .text._localeconv_r
                0x0200c9c8       0x1c /opt/devkitpro/devkitARM/bin/../lib/gcc/arm-none-eabi/14.2.0/../../../../arm-none-eabi/lib/thumb/libg.a(libc_a-localeconv.o)
                0x0200c9c8                _localeconv_r
 .text.get_arg  0x0200c9e4      0x428 /opt/devkitpro/devkitARM/bin/../lib/gcc/arm-none-eabi/14.2.0/../../../../arm-none-eabi/lib/thumb/libg.a(libc_a-vfprintf.o)
 .text._vfprintf_r
                0x0200ce0c     0x243c /opt/devkitpro/devkitARM/bin/../lib/gcc/arm-none-eabi/14.2.0/../../../../arm-none-eabi/lib/thumb/libg.a(libc_a-vfprintf.o)
                0x0200ce0c                _vfprintf_r
 .text.__sbprintf
                0x0200f248       0x7c /opt/devkitpro/devkitARM/bin/../lib/gcc/arm-none-eabi/14.2.0/../../../../arm-none-eabi/lib/thumb/libg.a(libc_a-vfprintf.o)
 .text.__smakebuf_r
                0x0200f2c4       0xdc /opt/devkitpro/devkitARM/bin/../lib/gcc/arm-none-eabi/14.2.0/../../../../arm-none-eabi/lib/thumb/libg.a(libc_a-makebuf.o)
                0x0200f2c4                __smakebuf_r
 .text.__swhatbuf_r
                0x0200f3a0       0x5c /opt/devkitpro/devkitARM/bin/../lib/gcc/arm-none-eabi/14.2.0/../../../../arm-none-eabi/lib/thumb/libg.a(libc_a-makebuf.o)
                0x0200f3a0                __swhatbuf_r
 .text.realloc  0x0200f3fc       0x18 /opt/devkitpro/devkitARM/bin/../lib/gcc/arm-none-eabi/14.2.0/../../../../arm-none-eabi/lib/thumb/libg.a(libc_a-realloc.o)
                0x0200f3fc                realloc
 .text.stdio_exit_handler
                0x0200f414       0x20 /opt/devkitpro/devkitARM/bin/../lib/gcc/arm-none-eabi/14.2.0/../../../../arm-none-eabi/lib/thumb/libg.a(libc_a-findfp.o)
 .text.cleanup_stdio
                0x0200f434       0x40 /opt/devkitpro/devkitARM/bin/../lib/gcc/arm-none-eabi/14.2.0/../../../../arm-none-eabi/lib/thumb/libg.a(libc_a-findfp.o)
 .text.global_stdio_init.part.0
                0x0200f474      0x128 /opt/devkitpro/devkitARM/bin/../lib/gcc/arm-none-eabi/14.2.0/../../../../arm-none-eabi/lib/thumb/libg.a(libc_a-findfp.o)
 .text.__sinit  0x0200f59c       0x3c /opt/devkitpro/devkitARM/bin/../lib/gcc/arm-none-eabi/14.2.0/../../../../arm-none-eabi/lib/thumb/libg.a(libc_a-findfp.o)
                0x0200f59c                __sinit
 .text.__sfp_lock_acquire
                0x0200f5d8       0x14 /opt/devkitpro/devkitARM/bin/../lib/gcc/arm-none-eabi/14.2.0/../../../../arm-none-eabi/lib/thumb/libg.a(libc_a-findfp.o)
                0x0200f5d8                __sfp_lock_acquire
 .text.__sfp_lock_release
                0x0200f5ec       0x14 /opt/devkitpro/devkitARM/bin/../lib/gcc/arm-none-eabi/14.2.0/../../../../arm-none-eabi/lib/thumb/libg.a(libc_a-findfp.o)
                0x0200f5ec                __sfp_lock_release
 .text.quorem   0x0200f600      0x154 /opt/devkitpro/devkitARM/bin/../lib/gcc/arm-none-eabi/14.2.0/../../../../arm-none-eabi/lib/thumb/libg.a(libc_a-dtoa.o)
 .text._dtoa_r  0x0200f754     0x1140 /opt/devkitpro/devkitARM/bin/../lib/gcc/arm-none-eabi/14.2.0/../../../../arm-none-eabi/lib/thumb/libg.a(libc_a-dtoa.o)
                0x0200f754                _dtoa_r
 .text._wcrtomb_r
                0x02010894       0x84 /opt/devkitpro/devkitARM/bin/../lib/gcc/arm-none-eabi/14.2.0/../../../../arm-none-eabi/lib/thumb/libg.a(libc_a-wcrtomb.o)
                0x02010894                _wcrtomb_r
 .text._strtol_l.part.0
                0x02010918      0x25c /opt/devkitpro/devkitARM/bin/../lib/gcc/arm-none-eabi/14.2.0/../../../../arm-none-eabi/lib/thumb/libg.a(libc_a-strtol.o)
 .text._strtol_r
                0x02010b74       0x34 /opt/devkitpro/devkitARM/bin/../lib/gcc/arm-none-eabi/14.2.0/../../../../arm-none-eabi/lib/thumb/libg.a(libc_a-strtol.o)
                0x02010b74                _strtol_r
 .text._realloc_r
                0x02010ba8      0x384 /opt/devkitpro/devkitARM/bin/../lib/gcc/arm-none-eabi/14.2.0/../../../../arm-none-eabi/lib/thumb/libg.a(libc_a-reallocr.o)
                0x02010ba8                _realloc_r
 .text.__ssputs_r
                0x02010f2c       0xd4 /opt/devkitpro/devkitARM/bin/../lib/gcc/arm-none-eabi/14.2.0/../../../../arm-none-eabi/lib/thumb/libg.a(libc_a-ssputs_r.o)
                0x02010f2c                __ssputs_r
 .text._fwalk_sglue
                0x02011000       0x4c /opt/devkitpro/devkitARM/bin/../lib/gcc/arm-none-eabi/14.2.0/../../../../arm-none-eabi/lib/thumb/libg.a(libc_a-fwalk.o)
                0x02011000                _fwalk_sglue
 .text.__utf8_wctomb
                0x0201104c       0xb4 /opt/devkitpro/devkitARM/bin/../lib/gcc/arm-none-eabi/14.2.0/../../../../arm-none-eabi/lib/thumb/libg.a(libc_a-wctomb_r.o)
                0x0201104c                __utf8_wctomb
 .text._strtoull_l.isra.0
                0x02011100      0x1bc /opt/devkitpro/devkitARM/bin/../lib/gcc/arm-none-eabi/14.2.0/../../../../arm-none-eabi/lib/thumb/libg.a(libc_a-strtoull.o)
 .text._strtoull_r
                0x020112bc       0x20 /opt/devkitpro/devkitARM/bin/../lib/gcc/arm-none-eabi/14.2.0/../../../../arm-none-eabi/lib/thumb/libg.a(libc_a-strtoull.o)
                0x020112bc                _strtoull_r
 .text._mbrtowc_r
                0x020112dc       0x90 /opt/devkitpro/devkitARM/bin/../lib/gcc/arm-none-eabi/14.2.0/../../../../arm-none-eabi/lib/thumb/libg.a(libc_a-mbrtowc.o)
                0x020112dc                _mbrtowc_r
 .text.__swsetup_r
                0x0201136c      0x100 /opt/devkitpro/devkitARM/bin/../lib/gcc/arm-none-eabi/14.2.0/../../../../arm-none-eabi/lib/thumb/libg.a(libc_a-wsetup.o)
                0x0201136c                __swsetup_r
 .text.__submore
                0x0201146c       0x88 /opt/devkitpro/devkitARM/bin/../lib/gcc/arm-none-eabi/14.2.0/../../../../arm-none-eabi/lib/thumb/libg.a(libc_a-ungetc.o)
                0x0201146c                __submore
 .text.memmove  0x020114f4       0xcc /opt/devkitpro/devkitARM/bin/../lib/gcc/arm-none-eabi/14.2.0/../../../../arm-none-eabi/lib/thumb/libg.a(libc_a-memmove.o)
                0x020114f4                memmove
 .text.__assert_func
                0x020115c0       0x40 /opt/devkitpro/devkitARM/bin/../lib/gcc/arm-none-eabi/14.2.0/../../../../arm-none-eabi/lib/thumb/libg.a(libc_a-assert.o)
                0x020115c0                __assert_func
 .text.iswspace_l
                0x02011600       0x28 /opt/devkitpro/devkitARM/bin/../lib/gcc/arm-none-eabi/14.2.0/../../../../arm-none-eabi/lib/thumb/libg.a(libc_a-iswspace_l.o)
                0x02011600                iswspace_l
 .text._Balloc  0x02011628       0x54 /opt/devkitpro/devkitARM/bin/../lib/gcc/arm-none-eabi/14.2.0/../../../../arm-none-eabi/lib/thumb/libg.a(libc_a-mprec.o)
                0x02011628                _Balloc
 .text._Bfree   0x0201167c       0x14 /opt/devkitpro/devkitARM/bin/../lib/gcc/arm-none-eabi/14.2.0/../../../../arm-none-eabi/lib/thumb/libg.a(libc_a-mprec.o)
                0x0201167c                _Bfree
 .text.__multadd
                0x02011690       0xa8 /opt/devkitpro/devkitARM/bin/../lib/gcc/arm-none-eabi/14.2.0/../../../../arm-none-eabi/lib/thumb/libg.a(libc_a-mprec.o)
                0x02011690                __multadd
 .text.__hi0bits
                0x02011738       0x60 /opt/devkitpro/devkitARM/bin/../lib/gcc/arm-none-eabi/14.2.0/../../../../arm-none-eabi/lib/thumb/libg.a(libc_a-mprec.o)
                0x02011738                __hi0bits
 .text.__lo0bits
                0x02011798       0x94 /opt/devkitpro/devkitARM/bin/../lib/gcc/arm-none-eabi/14.2.0/../../../../arm-none-eabi/lib/thumb/libg.a(libc_a-mprec.o)
                0x02011798                __lo0bits
 .text.__i2b    0x0201182c       0x64 /opt/devkitpro/devkitARM/bin/../lib/gcc/arm-none-eabi/14.2.0/../../../../arm-none-eabi/lib/thumb/libg.a(libc_a-mprec.o)
                0x0201182c                __i2b
 .text.__multiply
                0x02011890      0x1b4 /opt/devkitpro/devkitARM/bin/../lib/gcc/arm-none-eabi/14.2.0/../../../../arm-none-eabi/lib/thumb/libg.a(libc_a-mprec.o)
                0x02011890                __multiply
 .text.__pow5mult
                0x02011a44       0xdc /opt/devkitpro/devkitARM/bin/../lib/gcc/arm-none-eabi/14.2.0/../../../../arm-none-eabi/lib/thumb/libg.a(libc_a-mprec.o)
                0x02011a44                __pow5mult
 .text.__lshift
                0x02011b20      0x100 /opt/devkitpro/devkitARM/bin/../lib/gcc/arm-none-eabi/14.2.0/../../../../arm-none-eabi/lib/thumb/libg.a(libc_a-mprec.o)
                0x02011b20                __lshift
 .text.__mcmp   0x02011c20       0x40 /opt/devkitpro/devkitARM/bin/../lib/gcc/arm-none-eabi/14.2.0/../../../../arm-none-eabi/lib/thumb/libg.a(libc_a-mprec.o)
                0x02011c20                __mcmp
 .text.__mdiff  0x02011c60      0x1ac /opt/devkitpro/devkitARM/bin/../lib/gcc/arm-none-eabi/14.2.0/../../../../arm-none-eabi/lib/thumb/libg.a(libc_a-mprec.o)
                0x02011c60                __mdiff
 .text.__d2b    0x02011e0c       0xc8 /opt/devkitpro/devkitARM/bin/../lib/gcc/arm-none-eabi/14.2.0/../../../../arm-none-eabi/lib/thumb/libg.a(libc_a-mprec.o)
                0x02011e0c                __d2b
 .text.__sfvwrite_r
                0x02011ed4      0x304 /opt/devkitpro/devkitARM/bin/../lib/gcc/arm-none-eabi/14.2.0/../../../../arm-none-eabi/lib/thumb/libg.a(libc_a-fvwrite.o)
                0x02011ed4                __sfvwrite_r
 .text._strtoll_l.isra.0
                0x020121d8      0x30c /opt/devkitpro/devkitARM/bin/../lib/gcc/arm-none-eabi/14.2.0/../../../../arm-none-eabi/lib/thumb/libg.a(libc_a-strtoll.o)
 .text._strtoll_r
                0x020124e4       0x20 /opt/devkitpro/devkitARM/bin/../lib/gcc/arm-none-eabi/14.2.0/../../../../arm-none-eabi/lib/thumb/libg.a(libc_a-strtoll.o)
                0x020124e4                _strtoll_r
 .text.fiprintf
                0x02012504       0x28 /opt/devkitpro/devkitARM/bin/../lib/gcc/arm-none-eabi/14.2.0/../../../../arm-none-eabi/lib/thumb/libg.a(libc_a-fiprintf.o)
                0x02012504                fiprintf
 .text.abort    0x0201252c       0x10 /opt/devkitpro/devkitARM/bin/../lib/gcc/arm-none-eabi/14.2.0/../../../../arm-none-eabi/lib/thumb/libg.a(libc_a-abort.o)
                0x0201252c                abort
 .text._fclose_r
                0x0201253c       0xd4 /opt/devkitpro/devkitARM/bin/../lib/gcc/arm-none-eabi/14.2.0/../../../../arm-none-eabi/lib/thumb/libg.a(libc_a-fclose.o)
                0x0201253c                _fclose_r
 .text._calloc_r
                0x02012610       0xb8 /opt/devkitpro/devkitARM/bin/../lib/gcc/arm-none-eabi/14.2.0/../../../../arm-none-eabi/lib/thumb/libg.a(libc_a-callocr.o)
                0x02012610                _calloc_r
 .text.category
                0x020126c8       0x58 /opt/devkitpro/devkitARM/bin/../lib/gcc/arm-none-eabi/14.2.0/../../../../arm-none-eabi/lib/thumb/libg.a(libc_a-categories.o)
                0x020126c8                category
 .text._raise_r
                0x02012720       0x60 /opt/devkitpro/devkitARM/bin/../lib/gcc/arm-none-eabi/14.2.0/../../../../arm-none-eabi/lib/thumb/libg.a(libc_a-signal.o)
                0x02012720                _raise_r
 .text.raise    0x02012780       0x14 /opt/devkitpro/devkitARM/bin/../lib/gcc/arm-none-eabi/14.2.0/../../../../arm-none-eabi/lib/thumb/libg.a(libc_a-signal.o)
                0x02012780                raise
 .text._exit    0x02012794       0x14 /opt/devkitpro/devkitARM/bin/../lib/gcc/arm-none-eabi/14.2.0/../../../../arm-none-eabi/lib/thumb/libsysbase.a(libsysbase_libsysbase_a-_exit.o)
                0x02012794                _exit
 .text._fstat_r
                0x020127a8       0x58 /opt/devkitpro/devkitARM/bin/../lib/gcc/arm-none-eabi/14.2.0/../../../../arm-none-eabi/lib/thumb/libsysbase.a(libsysbase_libsysbase_a-fstat.o)
                0x020127a8                _fstat_r
 .text._getpid_r
                0x02012800        0xc /opt/devkitpro/devkitARM/bin/../lib/gcc/arm-none-eabi/14.2.0/../../../../arm-none-eabi/lib/thumb/libsysbase.a(libsysbase_libsysbase_a-getpid.o)
                0x02012800                _getpid_r
 .text.__getreent
                0x0201280c       0x20 /opt/devkitpro/devkitARM/bin/../lib/gcc/arm-none-eabi/14.2.0/../../../../arm-none-eabi/lib/thumb/libsysbase.a(libsysbase_libsysbase_a-getreent.o)
                0x0201280c                __getreent
 .text.__get_handle
                0x0201282c       0x34 /opt/devkitpro/devkitARM/bin/../lib/gcc/arm-none-eabi/14.2.0/../../../../arm-none-eabi/lib/thumb/libsysbase.a(libsysbase_libsysbase_a-handle_manager.o)
                0x0201282c                __get_handle
 .text._close_r
                0x02012860       0xb8 /opt/devkitpro/devkitARM/bin/../lib/gcc/arm-none-eabi/14.2.0/../../../../arm-none-eabi/lib/thumb/libsysbase.a(libsysbase_libsysbase_a-handle_manager.o)
                0x02012860                _close_r
 .text.null_write
                0x02012918        0x4 /opt/devkitpro/devkitARM/bin/../lib/gcc/arm-none-eabi/14.2.0/../../../../arm-none-eabi/lib/thumb/libsysbase.a(libsysbase_libsysbase_a-iosupport.o)
 .text._isatty_r
                0x0201291c        0x4 /opt/devkitpro/devkitARM/bin/../lib/gcc/arm-none-eabi/14.2.0/../../../../arm-none-eabi/lib/thumb/libsysbase.a(libsysbase_libsysbase_a-isatty.o)
                0x0201291c                _isatty_r
 .text._kill_r  0x02012920        0xc /opt/devkitpro/devkitARM/bin/../lib/gcc/arm-none-eabi/14.2.0/../../../../arm-none-eabi/lib/thumb/libsysbase.a(libsysbase_libsysbase_a-kill.o)
                0x02012920                _kill_r
 .text._lseek_r
                0x0201292c       0x60 /opt/devkitpro/devkitARM/bin/../lib/gcc/arm-none-eabi/14.2.0/../../../../arm-none-eabi/lib/thumb/libsysbase.a(libsysbase_libsysbase_a-lseek.o)
                0x0201292c                _lseek_r
 .text._read_r  0x0201298c       0x58 /opt/devkitpro/devkitARM/bin/../lib/gcc/arm-none-eabi/14.2.0/../../../../arm-none-eabi/lib/thumb/libsysbase.a(libsysbase_libsysbase_a-read.o)
                0x0201298c                _read_r
 .text._sbrk_r  0x020129e4       0x54 /opt/devkitpro/devkitARM/bin/../lib/gcc/arm-none-eabi/14.2.0/../../../../arm-none-eabi/lib/thumb/libsysbase.a(libsysbase_libsysbase_a-sbrk.o)
                0x020129e4                _sbrk_r
 .text.__libc_lock_acquire
                0x02012a38       0x18 /opt/devkitpro/devkitARM/bin/../lib/gcc/arm-none-eabi/14.2.0/../../../../arm-none-eabi/lib/thumb/libsysbase.a(libsysbase_libsysbase_a-syscall_support.o)
                0x02012a38                __libc_lock_acquire
 .text.__libc_lock_release
                0x02012a50       0x18 /opt/devkitpro/devkitARM/bin/../lib/gcc/arm-none-eabi/14.2.0/../../../../arm-none-eabi/lib/thumb/libsysbase.a(libsysbase_libsysbase_a-syscall_support.o)
                0x02012a50                __libc_lock_release
 .text.__libc_lock_acquire_recursive
                0x02012a68       0x18 /opt/devkitpro/devkitARM/bin/../lib/gcc/arm-none-eabi/14.2.0/../../../../arm-none-eabi/lib/thumb/libsysbase.a(libsysbase_libsysbase_a-syscall_support.o)
                0x02012a68                __libc_lock_acquire_recursive
 .text.__libc_lock_release_recursive
                0x02012a80       0x18 /opt/devkitpro/devkitARM/bin/../lib/gcc/arm-none-eabi/14.2.0/../../../../arm-none-eabi/lib/thumb/libsysbase.a(libsysbase_libsysbase_a-syscall_support.o)
                0x02012a80                __libc_lock_release_recursive
 .text._write_r
                0x02012a98       0x58 /opt/devkitpro/devkitARM/bin/../lib/gcc/arm-none-eabi/14.2.0/../../../../arm-none-eabi/lib/thumb/libsysbase.a(libsysbase_libsysbase_a-write.o)
                0x02012a98                _write_r
 .text          0x02012af0       0x14 /opt/devkitpro/devkitARM/bin/../lib/gcc/arm-none-eabi/14.2.0/thumb/libgcc.a(_thumb1_case_uqi.o)
                0x02012af0                __gnu_thumb1_case_uqi
 .text          0x02012b04       0x14 /opt/devkitpro/devkitARM/bin/../lib/gcc/arm-none-eabi/14.2.0/thumb/libgcc.a(_thumb1_case_uhi.o)
                0x02012b04                __gnu_thumb1_case_uhi
 .text          0x02012b18      0x11c /opt/devkitpro/devkitARM/bin/../lib/gcc/arm-none-eabi/14.2.0/thumb/libgcc.a(_udivsi3.o)
                0x02012b18                __udivsi3
                0x02012b18                __aeabi_uidiv
                0x02012c14                __aeabi_uidivmod
 .text          0x02012c34      0x144 /opt/devkitpro/devkitARM/bin/../lib/gcc/arm-none-eabi/14.2.0/thumb/libgcc.a(_arm_cmpdf2.o)
                0x02012c34                __gtdf2
                0x02012c34                __gedf2
                0x02012c3c                __ltdf2
                0x02012c3c                __ledf2
                0x02012c44                __cmpdf2
                0x02012c44                __eqdf2
                0x02012c44                __nedf2
                0x02012ccc                __aeabi_cdrcmple
                0x02012ce8                __aeabi_cdcmple
                0x02012ce8                __aeabi_cdcmpeq
                0x02012d00                __aeabi_dcmpeq
                0x02012d18                __aeabi_dcmplt
                0x02012d30                __aeabi_dcmple
                0x02012d48                __aeabi_dcmpge
                0x02012d60                __aeabi_dcmpgt
 .text          0x02012d78       0x38 /opt/devkitpro/devkitARM/bin/../lib/gcc/arm-none-eabi/14.2.0/thumb/libgcc.a(_arm_unorddf2.o)
                0x02012d78                __aeabi_dcmpun
                0x02012d78                __unorddf2
 EXCLUDE_FILE(*.twl.*) *(.glue_7t .glue_7 .vfp11_veneer .v4_bx)
 .glue_7        0x02012db0        0x0 linker stubs
 .glue_7t       0x02012db0        0x0 linker stubs
 .vfp11_veneer  0x02012db0        0x0 linker stubs
 .v4_bx         0x02012db0        0x0 linker stubs
 *(SORT_NONE(.fini))
 .fini          0x02012db0        0x4 /opt/devkitpro/devkitARM/bin/../lib/gcc/arm-none-eabi/14.2.0/thumb/crti.o
                0x02012db0                _fini
 .fini          0x02012db4        0x8 /opt/devkitpro/devkitARM/bin/../lib/gcc/arm-none-eabi/14.2.0/thumb/crtn.o
 *fill*         0x02012dbc        0x4 ff
 .fini.__stub   0x02012dc0       0x10 linker stubs
 EXCLUDE_FILE(*.twl.*) *(.rodata .rodata.* .gnu.linkonce.r.*)
 .rodata.main.str1.4
                0x02012dd0      0x1b4 main.o
                                 0x27 (size before relaxing)
 .rodata.str1.4
                0x02012f84        0xf main.o
 .rodata.con_write.str1.4
                0x02012f84       0x30 /opt/devkitpro/libnds/lib/libnds9.a(console.o)
 .rodata.con_write
                0x02012f84       0xd4 /opt/devkitpro/libnds/lib/libnds9.a(console.o)
 .rodata.str1.4
                0x02013058       0x14 /opt/devkitpro/libnds/lib/libnds9.a(console.o)
 .rodata.dotab_stdout
                0x02013058       0x80 /opt/devkitpro/libnds/lib/libnds9.a(console.o)
 .rodata.TAN_LUT
                0x020130d8      0x204 /opt/devkitpro/libnds/lib/libnds9.a(trig.o)
                0x020130d8                TAN_LUT
 .rodata.SIN_LUT
                0x020132dc      0x102 /opt/devkitpro/libnds/lib/libnds9.a(trig.o)
                0x020132dc                SIN_LUT
 *fill*         0x020133de        0x2 ff
 .rodata.default_font_bin
                0x020133e0      0x800 /opt/devkitpro/libnds/lib/libnds9.a(default_font.bin.o)
                0x020133e0                default_font_bin
                0x02013be0                default_font_bin_end
 .rodata._svfprintf_r.str1.1
                0x02013be0       0x3b /opt/devkitpro/devkitARM/bin/../lib/gcc/arm-none-eabi/14.2.0/../../../../arm-none-eabi/lib/thumb/libg.a(libc_a-svfprintf.o)
 *fill*         0x02013c1b        0x1 ff
 .rodata.zeroes.0
                0x02013c1c       0x10 /opt/devkitpro/devkitARM/bin/../lib/gcc/arm-none-eabi/14.2.0/../../../../arm-none-eabi/lib/thumb/libg.a(libc_a-svfprintf.o)
 .rodata.blanks.1
                0x02013c2c       0x10 /opt/devkitpro/devkitARM/bin/../lib/gcc/arm-none-eabi/14.2.0/../../../../arm-none-eabi/lib/thumb/libg.a(libc_a-svfprintf.o)
 .rodata.__action_table
                0x02013c3c       0x6c /opt/devkitpro/devkitARM/bin/../lib/gcc/arm-none-eabi/14.2.0/../../../../arm-none-eabi/lib/thumb/libg.a(libc_a-svfiprintf.o)
                0x02013c3c                __action_table
 .rodata.__state_table
                0x02013ca8       0x6c /opt/devkitpro/devkitARM/bin/../lib/gcc/arm-none-eabi/14.2.0/../../../../arm-none-eabi/lib/thumb/libg.a(libc_a-svfiprintf.o)
                0x02013ca8                __state_table
 .rodata.__chclass
                0x02013d14      0x100 /opt/devkitpro/devkitARM/bin/../lib/gcc/arm-none-eabi/14.2.0/../../../../arm-none-eabi/lib/thumb/libg.a(libc_a-svfiprintf.o)
                0x02013d14                __chclass
 .rodata.str1.4
                0x02013e14       0x4c /opt/devkitpro/devkitARM/bin/../lib/gcc/arm-none-eabi/14.2.0/../../../../arm-none-eabi/lib/thumb/libg.a(libc_a-locale.o)
 .rodata._vfiprintf_r.str1.1
                0x02013e14       0x29 /opt/devkitpro/devkitARM/bin/../lib/gcc/arm-none-eabi/14.2.0/../../../../arm-none-eabi/lib/thumb/libg.a(libc_a-vfiprintf.o)
 .rodata.zeroes.0
                0x02013e14       0x10 /opt/devkitpro/devkitARM/bin/../lib/gcc/arm-none-eabi/14.2.0/../../../../arm-none-eabi/lib/thumb/libg.a(libc_a-vfiprintf.o)
 .rodata.blanks.1
                0x02013e24       0x10 /opt/devkitpro/devkitARM/bin/../lib/gcc/arm-none-eabi/14.2.0/../../../../arm-none-eabi/lib/thumb/libg.a(libc_a-vfiprintf.o)
 .rodata.basefix.0
                0x02013e34       0x22 /opt/devkitpro/devkitARM/bin/../lib/gcc/arm-none-eabi/14.2.0/../../../../arm-none-eabi/lib/thumb/libg.a(libc_a-svfiscanf.o)
 .rodata._vfprintf_r.str1.1
                0x02013e56       0x3b /opt/devkitpro/devkitARM/bin/../lib/gcc/arm-none-eabi/14.2.0/../../../../arm-none-eabi/lib/thumb/libg.a(libc_a-vfprintf.o)
 *fill*         0x02013e56        0x2 ff
 .rodata.zeroes.0
                0x02013e58       0x10 /opt/devkitpro/devkitARM/bin/../lib/gcc/arm-none-eabi/14.2.0/../../../../arm-none-eabi/lib/thumb/libg.a(libc_a-vfprintf.o)
 .rodata.blanks.1
                0x02013e68       0x10 /opt/devkitpro/devkitARM/bin/../lib/gcc/arm-none-eabi/14.2.0/../../../../arm-none-eabi/lib/thumb/libg.a(libc_a-vfprintf.o)
 .rodata._dtoa_r.str1.4
                0x02013e78       0x67 /opt/devkitpro/devkitARM/bin/../lib/gcc/arm-none-eabi/14.2.0/../../../../arm-none-eabi/lib/thumb/libg.a(libc_a-dtoa.o)
 .rodata._ctype_
                0x02013e78      0x101 /opt/devkitpro/devkitARM/bin/../lib/gcc/arm-none-eabi/14.2.0/../../../../arm-none-eabi/lib/thumb/libg.a(libc_a-ctype_.o)
                0x02013e78                _ctype_
 .rodata._mbrtowc_r.str1.4
                0x02013f79        0x1 /opt/devkitpro/devkitARM/bin/../lib/gcc/arm-none-eabi/14.2.0/../../../../arm-none-eabi/lib/thumb/libg.a(libc_a-mbrtowc.o)
 .rodata.__assert_func.str1.4
                0x02013f79       0x43 /opt/devkitpro/devkitARM/bin/../lib/gcc/arm-none-eabi/14.2.0/../../../../arm-none-eabi/lib/thumb/libg.a(libc_a-assert.o)
 .rodata.__multadd.str1.4
                0x02013f79       0x54 /opt/devkitpro/devkitARM/bin/../lib/gcc/arm-none-eabi/14.2.0/../../../../arm-none-eabi/lib/thumb/libg.a(libc_a-mprec.o)
 *fill*         0x02013f79        0x3 ff
 .rodata.p05.0  0x02013f7c        0xc /opt/devkitpro/devkitARM/bin/../lib/gcc/arm-none-eabi/14.2.0/../../../../arm-none-eabi/lib/thumb/libg.a(libc_a-mprec.o)
 *fill*         0x02013f88        0x0 ff
 .rodata.__mprec_bigtens
                0x02013f88       0x28 /opt/devkitpro/devkitARM/bin/../lib/gcc/arm-none-eabi/14.2.0/../../../../arm-none-eabi/lib/thumb/libg.a(libc_a-mprec.o)
                0x02013f88                __mprec_bigtens
 .rodata.__mprec_tens
                0x02013fb0       0xc8 /opt/devkitpro/devkitARM/bin/../lib/gcc/arm-none-eabi/14.2.0/../../../../arm-none-eabi/lib/thumb/libg.a(libc_a-mprec.o)
                0x02013fb0                __mprec_tens
 .rodata.categories
                0x02014078     0x35dc /opt/devkitpro/devkitARM/bin/../lib/gcc/arm-none-eabi/14.2.0/../../../../arm-none-eabi/lib/thumb/libg.a(libc_a-categories.o)
 .rodata.AddDevice.str1.4
                0x02017654        0x8 /opt/devkitpro/devkitARM/bin/../lib/gcc/arm-none-eabi/14.2.0/../../../../arm-none-eabi/lib/thumb/libsysbase.a(libsysbase_libsysbase_a-iosupport.o)
 .rodata.dotab_stdnull
                0x02017654       0x80 /opt/devkitpro/devkitARM/bin/../lib/gcc/arm-none-eabi/14.2.0/../../../../arm-none-eabi/lib/thumb/libsysbase.a(libsysbase_libsysbase_a-iosupport.o)
                0x02017654                dotab_stdnull
 EXCLUDE_FILE(*.twl.*) *(.rodata1)
                0x020176d4                        . = ALIGN (0x4)

.main.rw        0x020176d8     0x1970 load address 0x0201b714
 EXCLUDE_FILE(*.twl.*) *(.data .data.* .gnu.linkonce.d.*)
 .data.cube_inds
                0x020176d8       0x24 main.o
                0x020176d8                cube_inds
 .data.cube_vert
                0x020176fc      0x120 main.o
                0x020176fc                cube_vert
 .data.platformName
                0x0201781c        0x4 main.o
                0x0201781c                platformName
 .data.isGameRunning
                0x02017820        0x1 main.o
                0x02017820                isGameRunning
 .data.firstConsoleInit.0
                0x02017821        0x1 /opt/devkitpro/libnds/lib/libnds9.a(console.o)
 *fill*         0x02017822        0x2 ff
 .data.currentConsole
                0x02017824        0x4 /opt/devkitpro/libnds/lib/libnds9.a(console.o)
                0x02017824                currentConsole
 .data.defaultConsole
                0x02017828       0x5c /opt/devkitpro/libnds/lib/libnds9.a(console.o)
                0x02017828                defaultConsole
 .data.bgTransform
                0x02017884       0x20 /opt/devkitpro/libnds/lib/libnds9.a(background.o)
                0x02017884                bgTransform
 .data.bgScrollTable
                0x020178a4       0x20 /opt/devkitpro/libnds/lib/libnds9.a(background.o)
                0x020178a4                bgScrollTable
 .data.bgControl
                0x020178c4       0x20 /opt/devkitpro/libnds/lib/libnds9.a(background.o)
                0x020178c4                bgControl
 .data.__malloc_sbrk_base
                0x020178e4        0x4 /opt/devkitpro/devkitARM/bin/../lib/gcc/arm-none-eabi/14.2.0/../../../../arm-none-eabi/lib/thumb/libg.a(libc_a-mallocr.o)
                0x020178e4                __malloc_sbrk_base
 .data.__malloc_trim_threshold
                0x020178e8        0x4 /opt/devkitpro/devkitARM/bin/../lib/gcc/arm-none-eabi/14.2.0/../../../../arm-none-eabi/lib/thumb/libg.a(libc_a-mallocr.o)
                0x020178e8                __malloc_trim_threshold
 *fill*         0x020178ec        0x4 ff
 .data.__malloc_av_
                0x020178f0      0x408 /opt/devkitpro/devkitARM/bin/../lib/gcc/arm-none-eabi/14.2.0/../../../../arm-none-eabi/lib/thumb/libg.a(libc_a-mallocr.o)
                0x020178f0                __malloc_av_
 .data._impure_ptr
                0x02017cf8        0x4 /opt/devkitpro/devkitARM/bin/../lib/gcc/arm-none-eabi/14.2.0/../../../../arm-none-eabi/lib/thumb/libg.a(libc_a-impure.o)
                0x02017cf8                _impure_ptr
 *fill*         0x02017cfc        0x4 ff
 .data._impure_data
                0x02017d00      0x120 /opt/devkitpro/devkitARM/bin/../lib/gcc/arm-none-eabi/14.2.0/../../../../arm-none-eabi/lib/thumb/libg.a(libc_a-impure.o)
                0x02017d00                _impure_data
 .data.__global_locale
                0x02017e20      0x16c /opt/devkitpro/devkitARM/bin/../lib/gcc/arm-none-eabi/14.2.0/../../../../arm-none-eabi/lib/thumb/libg.a(libc_a-locale.o)
                0x02017e20                __global_locale
 .data.__sglue  0x02017f8c        0xc /opt/devkitpro/devkitARM/bin/../lib/gcc/arm-none-eabi/14.2.0/../../../../arm-none-eabi/lib/thumb/libg.a(libc_a-findfp.o)
                0x02017f8c                __sglue
 .data.handles  0x02017f98     0x1000 /opt/devkitpro/devkitARM/bin/../lib/gcc/arm-none-eabi/14.2.0/../../../../arm-none-eabi/lib/thumb/libsysbase.a(libsysbase_libsysbase_a-handle_manager.o)
 .data.__stderr_handle
                0x02018f98        0xc /opt/devkitpro/devkitARM/bin/../lib/gcc/arm-none-eabi/14.2.0/../../../../arm-none-eabi/lib/thumb/libsysbase.a(libsysbase_libsysbase_a-handle_manager.o)
 .data.__stdout_handle
                0x02018fa4        0xc /opt/devkitpro/devkitARM/bin/../lib/gcc/arm-none-eabi/14.2.0/../../../../arm-none-eabi/lib/thumb/libsysbase.a(libsysbase_libsysbase_a-handle_manager.o)
 .data.__stdin_handle
                0x02018fb0        0xc /opt/devkitpro/devkitARM/bin/../lib/gcc/arm-none-eabi/14.2.0/../../../../arm-none-eabi/lib/thumb/libsysbase.a(libsysbase_libsysbase_a-handle_manager.o)
 .data.devoptab_list
                0x02018fbc       0x8c /opt/devkitpro/devkitARM/bin/../lib/gcc/arm-none-eabi/14.2.0/../../../../arm-none-eabi/lib/thumb/libsysbase.a(libsysbase_libsysbase_a-iosupport.o)
                0x02018fbc                devoptab_list
 EXCLUDE_FILE(*.twl.*) *(.data1)
 EXCLUDE_FILE(*.twl.*) *(.igot.plt)
 .igot.plt      0x02019048        0x0 /opt/devkitpro/devkitARM/bin/../lib/gcc/arm-none-eabi/14.2.0/thumb/crtbegin.o
                0x02019048                        . = ALIGN (0x4)

.ARM.extab
 *(.ARM.extab* .gnu.linkonce.armextab.*)

.ARM.exidx      0x02019048        0x0 load address 0x0201d084
 *(.ARM.exidx* .gnu.linkonce.armexidx.*)
                [!provide]                        PROVIDE (__exidx_start = ADDR (.ARM.exidx))
                [!provide]                        PROVIDE (__exidx_end = (ADDR (.ARM.exidx) + SIZEOF (.ARM.exidx)))

.eh_frame_hdr
 *(.eh_frame_hdr)
 *(.eh_frame_entry .eh_frame_entry.*)

.eh_frame       0x02019048        0x4 load address 0x0201d084
 *(.eh_frame)
 .eh_frame      0x02019048        0x0 /opt/devkitpro/devkitARM/bin/../lib/gcc/arm-none-eabi/14.2.0/thumb/crtbegin.o
 .eh_frame      0x02019048        0x4 /opt/devkitpro/devkitARM/bin/../lib/gcc/arm-none-eabi/14.2.0/thumb/crtend.o
 *(.eh_frame.*)

.gcc_except_table
 *(.gcc_except_table .gcc_except_table.*)

.gnu_extab
 *(.gnu_extab*)

.tinfo          0x0201904c        0xc load address 0x0201d088
                0x0201904c        0x4 LONG 0x2019060 __tls_start
                0x02019050        0x4 LONG 0x0 SIZEOF (.main.tls)
                0x02019054        0x4 LONG 0x0 SIZEOF (.tdata)
                0x0201904c                        PROVIDE (__tls_info = ADDR (.tinfo))

.preinit_array  0x02019058        0x0 load address 0x0201d094
                0x02019058                        PROVIDE (__preinit_array_start = .)
 *(.preinit_array)
                0x02019058                        PROVIDE (__preinit_array_end = .)

.init_array     0x02019058        0x4 load address 0x0201d094
                0x02019058                        PROVIDE (__init_array_start = .)
 *(SORT_BY_INIT_PRIORITY(.init_array.*) SORT_BY_INIT_PRIORITY(.ctors.*))
 *(.init_array .ctors)
 .init_array    0x02019058        0x4 /opt/devkitpro/devkitARM/bin/../lib/gcc/arm-none-eabi/14.2.0/thumb/crtbegin.o
                0x0201905c                        PROVIDE (__init_array_end = .)

.fini_array     0x0201905c        0x4 load address 0x0201d098
                0x0201905c                        PROVIDE (__fini_array_start = .)
 *(SORT_BY_INIT_PRIORITY(.fini_array.*) SORT_BY_INIT_PRIORITY(.dtors.*))
 *(.fini_array .dtors)
 .fini_array    0x0201905c        0x4 /opt/devkitpro/devkitARM/bin/../lib/gcc/arm-none-eabi/14.2.0/thumb/crtbegin.o
                0x02019060                        PROVIDE (__fini_array_end = .)
                [!provide]                        PROVIDE (__main_lma = LOADADDR (.main))
                0x02001360                        PROVIDE (__main_start = ADDR (.main))
                0x02019060                        PROVIDE (__main_end = (ADDR (.fini_array) + SIZEOF (.fini_array)))

.tdata          0x00000000        0x0 load address 0x0201d09c
 *(.tdata .tdata.* .gnu.linkonce.td.*)
                0x00000000                        . = ALIGN (0x4)

.tbss           0x00000000        0x0 load address 0x0201d09c
 *(.tbss .tbss.* .gnu.linkonce.tb.*)
 *(.tcommon)
                0x00000000                        . = ALIGN (0x4)
                0x00000001                        ASSERT (((ALIGNOF (.tdata) <= 0x8) || (ALIGNOF (.tbss) <= 0x8)), Error: TLS is overaligned (up to 8-byte alignment is supported))
                0x00000001                        ASSERT (((ADDR (.tbss) + SIZEOF (.tbss)) <= (ORIGIN (tls) + LENGTH (tls))), Error: TLS section too large)

.main.tls       0x02019060        0x0
                0x02019060                        . = (. + ((ADDR (.tbss) + SIZEOF (.tbss)) - ADDR (.tdata)))
                [!provide]                        PROVIDE (__tls_lma = LOADADDR (.tdata))
                0x02019060                        PROVIDE (__tls_start = ADDR (.main.tls))
                0x02019060                        PROVIDE (__tls_end = (ADDR (.main.tls) + SIZEOF (.tdata)))

.main.bss       0x02019060      0x924
 EXCLUDE_FILE(*.twl.*) *(.dynbss)
 EXCLUDE_FILE(*.twl.*) *(.bss .bss.* .gnu.linkonce.b.*)
 .bss.completed.1
                0x02019060        0x1 /opt/devkitpro/devkitARM/bin/../lib/gcc/arm-none-eabi/14.2.0/thumb/crtbegin.o
 *fill*         0x02019061        0x3 
 .bss.object.0  0x02019064       0x18 /opt/devkitpro/devkitARM/bin/../lib/gcc/arm-none-eabi/14.2.0/thumb/crtbegin.o
 .bss.isDebgRunning
                0x0201907c        0x1 main.o
                0x0201907c                isDebgRunning
 *fill*         0x0201907d        0x3 
 .bss.currentCopy
                0x02019080       0x5c /opt/devkitpro/libnds/lib/libnds9.a(console.o)
                0x02019080                currentCopy
 .bss.glCurClearColor
                0x020190dc        0x4 /opt/devkitpro/libnds/lib/libnds9.a(videoGL_base.o)
                0x020190dc                glCurClearColor
 .bss.bgIsTextLut
                0x020190e0        0x8 /opt/devkitpro/libnds/lib/libnds9.a(background.o)
                0x020190e0                bgIsTextLut
 .bss.bgState   0x020190e8      0x140 /opt/devkitpro/libnds/lib/libnds9.a(background.o)
                0x020190e8                bgState
 .bss.s_sleepThreads
                0x02019228        0x8 /opt/devkitpro/calico/lib/libcalico_ds9.a(thread_cold.o)
 .bss.s_joinThreads
                0x02019230        0x8 /opt/devkitpro/calico/lib/libcalico_ds9.a(thread_cold.o)
 .bss.s_idleThread
                0x02019238       0x70 /opt/devkitpro/calico/lib/libcalico_ds9.a(thread_cold.o)
 .bss.s_mainThread
                0x020192a8       0x70 /opt/devkitpro/calico/lib/libcalico_ds9.a(thread_cold.o)
 .bss.s_firstTask
                0x02019318        0x4 /opt/devkitpro/calico/lib/libcalico_ds9.a(tick.o)
 *fill*         0x0201931c        0x4 
 .bss.s_highTickCount
                0x02019320        0x8 /opt/devkitpro/calico/lib/libcalico_ds9.a(tick.o)
 .bss.s_tickInit
                0x02019328        0x1 /opt/devkitpro/calico/lib/libcalico_ds9.a(tick.o)
 *fill*         0x02019329        0x3 
 .bss.s_defaultErrno.0
                0x0201932c        0x4 /opt/devkitpro/calico/lib/libcalico_ds9.a(newlib_syscalls.o)
 .bss.g_isTwlMode
                0x02019330        0x1 /opt/devkitpro/calico/lib/libcalico_ds9.a(startup.crt0.o)
                0x02019330                g_isTwlMode
 *fill*         0x02019331        0x3 
 .bss.s_pxiChannels
                0x02019334      0x1f0 /opt/devkitpro/calico/lib/libcalico_ds9.a(pxi.o)
 .bss.s_pxiRecvState
                0x02019524        0x4 /opt/devkitpro/calico/lib/libcalico_ds9.a(pxi.o)
 .bss.s_pxiRecvQueue
                0x02019528        0x8 /opt/devkitpro/calico/lib/libcalico_ds9.a(pxi.o)
 .bss.s_pxiSendMutex
                0x02019530        0x4 /opt/devkitpro/calico/lib/libcalico_ds9.a(pxi.o)
 .bss.s_mailboxRecvQueue
                0x02019534        0x8 /opt/devkitpro/calico/lib/libcalico_ds9.a(mailbox.o)
 *fill*         0x0201953c        0x4 
 .bss.s_pmPxiThreadStack
                0x02019540      0x200 /opt/devkitpro/calico/lib/libcalico_ds9.a(pm.o)
 .bss.s_pmPxiThread
                0x02019740       0x70 /opt/devkitpro/calico/lib/libcalico_ds9.a(pm.o)
 .bss.s_pmState
                0x020197b0        0x8 /opt/devkitpro/calico/lib/libcalico_ds9.a(pm.o)
 .bss.__malloc_current_mallinfo
                0x020197b8       0x28 /opt/devkitpro/devkitARM/bin/../lib/gcc/arm-none-eabi/14.2.0/../../../../arm-none-eabi/lib/thumb/libg.a(libc_a-mallocr.o)
                0x020197b8                __malloc_current_mallinfo
 .bss.__malloc_max_total_mem
                0x020197e0        0x4 /opt/devkitpro/devkitARM/bin/../lib/gcc/arm-none-eabi/14.2.0/../../../../arm-none-eabi/lib/thumb/libg.a(libc_a-mallocr.o)
                0x020197e0                __malloc_max_total_mem
 .bss.__malloc_max_sbrked_mem
                0x020197e4        0x4 /opt/devkitpro/devkitARM/bin/../lib/gcc/arm-none-eabi/14.2.0/../../../../arm-none-eabi/lib/thumb/libg.a(libc_a-mallocr.o)
                0x020197e4                __malloc_max_sbrked_mem
 .bss.__malloc_top_pad
                0x020197e8        0x4 /opt/devkitpro/devkitARM/bin/../lib/gcc/arm-none-eabi/14.2.0/../../../../arm-none-eabi/lib/thumb/libg.a(libc_a-mallocr.o)
                0x020197e8                __malloc_top_pad
 .bss.__malloc_recursive_mutex
                0x020197ec        0xc /opt/devkitpro/devkitARM/bin/../lib/gcc/arm-none-eabi/14.2.0/../../../../arm-none-eabi/lib/thumb/libg.a(libc_a-mlock.o)
 .bss.__sfp_recursive_mutex
                0x020197f8        0xc /opt/devkitpro/devkitARM/bin/../lib/gcc/arm-none-eabi/14.2.0/../../../../arm-none-eabi/lib/thumb/libg.a(libc_a-findfp.o)
 *fill*         0x02019804        0x4 
 .bss.__sf      0x02019808      0x168 /opt/devkitpro/devkitARM/bin/../lib/gcc/arm-none-eabi/14.2.0/../../../../arm-none-eabi/lib/thumb/libg.a(libc_a-findfp.o)
                0x02019808                __sf
 .bss.__stdio_exit_handler
                0x02019970        0x4 /opt/devkitpro/devkitARM/bin/../lib/gcc/arm-none-eabi/14.2.0/../../../../arm-none-eabi/lib/thumb/libg.a(libc_a-findfp.o)
                0x02019970                __stdio_exit_handler
 .bss.__hndl_lock
                0x02019974        0x4 /opt/devkitpro/devkitARM/bin/../lib/gcc/arm-none-eabi/14.2.0/../../../../arm-none-eabi/lib/thumb/libsysbase.a(libsysbase_libsysbase_a-handle_manager.o)
 .bss.fake_heap_start
                0x02019978        0x4 /opt/devkitpro/devkitARM/bin/../lib/gcc/arm-none-eabi/14.2.0/../../../../arm-none-eabi/lib/thumb/libsysbase.a(libsysbase_libsysbase_a-malloc_vars.o)
                0x02019978                fake_heap_start
 .bss.fake_heap_end
                0x0201997c        0x4 /opt/devkitpro/devkitARM/bin/../lib/gcc/arm-none-eabi/14.2.0/../../../../arm-none-eabi/lib/thumb/libsysbase.a(libsysbase_libsysbase_a-malloc_vars.o)
                0x0201997c                fake_heap_end
 .bss.heap_start.0
                0x02019980        0x4 /opt/devkitpro/devkitARM/bin/../lib/gcc/arm-none-eabi/14.2.0/../../../../arm-none-eabi/lib/thumb/libsysbase.a(libsysbase_libsysbase_a-sbrk.o)
 EXCLUDE_FILE(*.twl.*) *(COMMON)
                0x02019984                        . = ALIGN (0x4)
                [!provide]                        PROVIDE (__main_bss_start = ADDR (.main.bss))
                0x02019984                        PROVIDE (__main_bss_end = (ADDR (.main.bss) + SIZEOF (.main.bss)))
                0x02019984                        . = .
                0x02019984                        PROVIDE (__heap_start_ntr = .)
                0x00000001                        ASSERT ((. <= 0x2380000), Error: DS-mode sections overflow DS ARM9 memory size (3.5 MB))

.twl            0x020199a0        0x0 load address 0x02400000
 *(.twl .twl.*)
 *.twl.*(.text .stub .text.* .gnu.linkonce.t.*)
 *.twl.*(.glue_7t .glue_7 .vfp11_veneer .v4_bx)
 *.twl.*(.rodata .rodata.* .gnu.linkonce.r.*)
 *.twl.*(.rodata1)
                0x020199a0                        . = ALIGN (0x4)

.twl.rw         0x020199a0        0x0 load address 0x02400000
 *.twl.*(.data .data.* .gnu.linkonce.d.*)
 *.twl.*(.data1)
                0x020199a0                        . = ALIGN (0x4)
                0x02400000                        PROVIDE (__twl_lma = LOADADDR (.twl))
                0x020199a0                        PROVIDE (__twl_start = ADDR (.twl))
                0x020199a0                        PROVIDE (__twl_end = (ADDR (.twl.rw) + SIZEOF (.twl.rw)))

.twl.bss        0x020199a0        0x0 load address 0x02400000
 *(.twl_bss .twl_bss.*)
 *.twl.*(.dynbss)
 *.twl.*(.bss .bss.* .gnu.linkonce.b.*)
 *.twl.*(COMMON)
                0x020199a0                        . = ALIGN (0x4)
                [!provide]                        PROVIDE (__twl_bss_start = ADDR (.twl.bss))
                0x020199a0                        PROVIDE (__twl_bss_end = (ADDR (.twl.bss) + SIZEOF (.twl.bss)))
                0x020199a0                        . = .
                0x020199a0                        PROVIDE (__heap_start_twl = .)

.loadlist       0x0e000990       0x30 load address 0x0201d09c
                0x0e000990        0x4 LONG 0x1ff8000 __itcm_start
                0x0e000994        0x4 LONG 0x1ff86ac __itcm_end
                0x0e000998        0x4 LONG 0x1ff86ac __itcm_end
                0x0e00099c        0x4 LONG 0x2ff0000 __dtcm_start
                0x0e0009a0        0x4 LONG 0x2ff0000 __dtcm_end
                0x0e0009a4        0x4 LONG 0x2ff0098 __dtcm_bss_end
                0x0e0009a8        0x4 LONG 0x2001360 __main_start
                0x0e0009ac        0x4 LONG 0x2019060 __main_end
                0x0e0009b0        0x4 LONG 0x2019060 __main_end
                0x0e0009b4        0x4 LONG 0x2019060 __tls_start
                0x0e0009b8        0x4 LONG 0x2019060 __tls_end
                0x0e0009bc        0x4 LONG 0x2019984 __main_bss_end
                0x02004cf0                        PROVIDE (__loadlist_lma = __itcm_lma)
                0x0201d09c                        PROVIDE (__loadlist_start = LOADADDR (.loadlist))
                0x0201d0cc                        PROVIDE (__loadlist_end = (LOADADDR (.loadlist) + SIZEOF (.loadlist)))

.twl.loadlist   0x0e0009c0        0xc load address 0x02400000
                0x0e0009c0        0x4 LONG 0x20199a0 __twl_start
                0x0e0009c4        0x4 LONG 0x20199a0 __twl_end
                0x0e0009c8        0x4 LONG 0x20199a0 __twl_bss_end
                0x02400000                        PROVIDE (__twl_loadlist_lma = __twl_lma)
                0x02400000                        PROVIDE (__twl_loadlist_start = LOADADDR (.twl.loadlist))
                0x0240000c                        PROVIDE (__twl_loadlist_end = (LOADADDR (.twl.loadlist) + SIZEOF (.twl.loadlist)))

.rel.dyn        0x0e0009cc        0x0 load address 0x0240000c
 .rel.iplt      0x0e0009cc        0x0 /opt/devkitpro/devkitARM/bin/../lib/gcc/arm-none-eabi/14.2.0/thumb/crtbegin.o

.stab
 *(.stab)

.stabstr
 *(.stabstr)

.stab.excl
 *(.stab.excl)

.stab.exclstr
 *(.stab.exclstr)

.stab.index
 *(.stab.index)

.stab.indexstr
 *(.stab.indexstr)

.comment        0x00000000       0x23
 *(.comment)
 .comment       0x00000000       0x23 /opt/devkitpro/devkitARM/bin/../lib/gcc/arm-none-eabi/14.2.0/thumb/crtbegin.o
                                 0x24 (size before relaxing)
 .comment       0x00000023       0x24 main.o
 .comment       0x00000023       0x24 /opt/devkitpro/libnds/lib/libnds9.a(console.o)
 .comment       0x00000023       0x24 /opt/devkitpro/libnds/lib/libnds9.a(trig.o)
 .comment       0x00000023       0x24 /opt/devkitpro/libnds/lib/libnds9.a(videoGL_base.o)
 .comment       0x00000023       0x24 /opt/devkitpro/libnds/lib/libnds9.a(background.o)
 .comment       0x00000023       0x24 /opt/devkitpro/libnds/lib/libnds9.a(system.o)
 .comment       0x00000023       0x24 /opt/devkitpro/calico/lib/libcalico_ds9.a(thread_cold.o)
 .comment       0x00000023       0x24 /opt/devkitpro/calico/lib/libcalico_ds9.a(thread_hot.32.o)
 .comment       0x00000023       0x24 /opt/devkitpro/calico/lib/libcalico_ds9.a(arm-shims.32.o)
 .comment       0x00000023       0x24 /opt/devkitpro/calico/lib/libcalico_ds9.a(tick.o)
 .comment       0x00000023       0x24 /opt/devkitpro/calico/lib/libcalico_ds9.a(newlib_syscalls.o)
 .comment       0x00000023       0x24 /opt/devkitpro/calico/lib/libcalico_ds9.a(startup.crt0.o)
 .comment       0x00000023       0x24 /opt/devkitpro/calico/lib/libcalico_ds9.a(pxi.o)
 .comment       0x00000023       0x24 /opt/devkitpro/calico/lib/libcalico_ds9.a(sys_startup.o)
 .comment       0x00000023       0x24 /opt/devkitpro/calico/lib/libcalico_ds9.a(irq.o)
 .comment       0x00000023       0x24 /opt/devkitpro/calico/lib/libcalico_ds9.a(mutex.o)
 .comment       0x00000023       0x24 /opt/devkitpro/calico/lib/libcalico_ds9.a(mailbox.o)
 .comment       0x00000023       0x24 /opt/devkitpro/calico/lib/libcalico_ds9.a(pm.o)
 .comment       0x00000023       0x24 /opt/devkitpro/devkitARM/bin/../lib/gcc/arm-none-eabi/14.2.0/thumb/libgcc.a(_muldi3.o)
 .comment       0x00000023       0x24 /opt/devkitpro/devkitARM/bin/../lib/gcc/arm-none-eabi/14.2.0/thumb/libgcc.a(_udivmoddi4.o)
 .comment       0x00000023       0x24 /opt/devkitpro/devkitARM/bin/../lib/gcc/arm-none-eabi/14.2.0/../../../../arm-none-eabi/lib/thumb/libg.a(libc_a-sprintf.o)
 .comment       0x00000023       0x24 /opt/devkitpro/devkitARM/bin/../lib/gcc/arm-none-eabi/14.2.0/../../../../arm-none-eabi/lib/thumb/libg.a(libc_a-siscanf.o)
 .comment       0x00000023       0x24 /opt/devkitpro/devkitARM/bin/../lib/gcc/arm-none-eabi/14.2.0/../../../../arm-none-eabi/lib/thumb/libg.a(libc_a-stdio.o)
 .comment       0x00000023       0x24 /opt/devkitpro/devkitARM/bin/../lib/gcc/arm-none-eabi/14.2.0/../../../../arm-none-eabi/lib/thumb/libg.a(libc_a-mallocr.o)
 .comment       0x00000023       0x24 /opt/devkitpro/devkitARM/bin/../lib/gcc/arm-none-eabi/14.2.0/../../../../arm-none-eabi/lib/thumb/libg.a(libc_a-freer.o)
 .comment       0x00000023       0x24 /opt/devkitpro/devkitARM/bin/../lib/gcc/arm-none-eabi/14.2.0/../../../../arm-none-eabi/lib/thumb/libg.a(libc_a-svfprintf.o)
 .comment       0x00000023       0x24 /opt/devkitpro/devkitARM/bin/../lib/gcc/arm-none-eabi/14.2.0/../../../../arm-none-eabi/lib/thumb/libg.a(libc_a-setvbuf.o)
 .comment       0x00000023       0x24 /opt/devkitpro/devkitARM/bin/../lib/gcc/arm-none-eabi/14.2.0/../../../../arm-none-eabi/lib/thumb/libg.a(libc_a-malloc.o)
 .comment       0x00000023       0x24 /opt/devkitpro/devkitARM/bin/../lib/gcc/arm-none-eabi/14.2.0/../../../../arm-none-eabi/lib/thumb/libg.a(libc_a-memcpy-stub.o)
 .comment       0x00000023       0x24 /opt/devkitpro/devkitARM/bin/../lib/gcc/arm-none-eabi/14.2.0/../../../../arm-none-eabi/lib/thumb/libg.a(libc_a-printf.o)
 .comment       0x00000023       0x24 /opt/devkitpro/devkitARM/bin/../lib/gcc/arm-none-eabi/14.2.0/../../../../arm-none-eabi/lib/thumb/libg.a(libc_a-memset.o)
 .comment       0x00000023       0x24 /opt/devkitpro/devkitARM/bin/../lib/gcc/arm-none-eabi/14.2.0/../../../../arm-none-eabi/lib/thumb/libg.a(libc_a-mlock.o)
 .comment       0x00000023       0x24 /opt/devkitpro/devkitARM/bin/../lib/gcc/arm-none-eabi/14.2.0/../../../../arm-none-eabi/lib/thumb/libg.a(libc_a-exit.o)
 .comment       0x00000023       0x24 /opt/devkitpro/devkitARM/bin/../lib/gcc/arm-none-eabi/14.2.0/../../../../arm-none-eabi/lib/thumb/libg.a(libc_a-strncpy.o)
 .comment       0x00000023       0x24 /opt/devkitpro/devkitARM/bin/../lib/gcc/arm-none-eabi/14.2.0/../../../../arm-none-eabi/lib/thumb/libg.a(libc_a-wcsrtombs.o)
 .comment       0x00000023       0x24 /opt/devkitpro/devkitARM/bin/../lib/gcc/arm-none-eabi/14.2.0/../../../../arm-none-eabi/lib/thumb/libg.a(libc_a-svfiprintf.o)
 .comment       0x00000023       0x24 /opt/devkitpro/devkitARM/bin/../lib/gcc/arm-none-eabi/14.2.0/../../../../arm-none-eabi/lib/thumb/libg.a(libc_a-init.o)
 .comment       0x00000023       0x24 /opt/devkitpro/devkitARM/bin/../lib/gcc/arm-none-eabi/14.2.0/../../../../arm-none-eabi/lib/thumb/libg.a(libc_a-fflush.o)
 .comment       0x00000023       0x24 /opt/devkitpro/devkitARM/bin/../lib/gcc/arm-none-eabi/14.2.0/../../../../arm-none-eabi/lib/thumb/libg.a(libm_a-s_frexp.o)
 .comment       0x00000023       0x24 /opt/devkitpro/devkitARM/bin/../lib/gcc/arm-none-eabi/14.2.0/../../../../arm-none-eabi/lib/thumb/libg.a(libc_a-strlen-stub.o)
 .comment       0x00000023       0x24 /opt/devkitpro/devkitARM/bin/../lib/gcc/arm-none-eabi/14.2.0/../../../../arm-none-eabi/lib/thumb/libg.a(libc_a-impure.o)
 .comment       0x00000023       0x24 /opt/devkitpro/devkitARM/bin/../lib/gcc/arm-none-eabi/14.2.0/../../../../arm-none-eabi/lib/thumb/libg.a(libc_a-locale.o)
 .comment       0x00000023       0x24 /opt/devkitpro/devkitARM/bin/../lib/gcc/arm-none-eabi/14.2.0/../../../../arm-none-eabi/lib/thumb/libg.a(libc_a-ssprint_r.o)
 .comment       0x00000023       0x24 /opt/devkitpro/devkitARM/bin/../lib/gcc/arm-none-eabi/14.2.0/../../../../arm-none-eabi/lib/thumb/libg.a(libc_a-vfiprintf.o)
 .comment       0x00000023       0x24 /opt/devkitpro/devkitARM/bin/../lib/gcc/arm-none-eabi/14.2.0/../../../../arm-none-eabi/lib/thumb/libg.a(libc_a-malignr.o)
 .comment       0x00000023       0x24 /opt/devkitpro/devkitARM/bin/../lib/gcc/arm-none-eabi/14.2.0/../../../../arm-none-eabi/lib/thumb/libg.a(libc_a-memchr-stub.o)
 .comment       0x00000023       0x24 /opt/devkitpro/devkitARM/bin/../lib/gcc/arm-none-eabi/14.2.0/../../../../arm-none-eabi/lib/thumb/libg.a(libc_a-wcsnrtombs.o)
 .comment       0x00000023       0x24 /opt/devkitpro/devkitARM/bin/../lib/gcc/arm-none-eabi/14.2.0/../../../../arm-none-eabi/lib/thumb/libg.a(libc_a-svfiscanf.o)
 .comment       0x00000023       0x24 /opt/devkitpro/devkitARM/bin/../lib/gcc/arm-none-eabi/14.2.0/../../../../arm-none-eabi/lib/thumb/libg.a(libc_a-strtoul.o)
 .comment       0x00000023       0x24 /opt/devkitpro/devkitARM/bin/../lib/gcc/arm-none-eabi/14.2.0/../../../../arm-none-eabi/lib/thumb/libg.a(libc_a-mbtowc_r.o)
 .comment       0x00000023       0x24 /opt/devkitpro/devkitARM/bin/../lib/gcc/arm-none-eabi/14.2.0/../../../../arm-none-eabi/lib/thumb/libg.a(libc_a-fini.o)
 .comment       0x00000023       0x24 /opt/devkitpro/devkitARM/bin/../lib/gcc/arm-none-eabi/14.2.0/../../../../arm-none-eabi/lib/thumb/libg.a(libc_a-sprint_r.o)
 .comment       0x00000023       0x24 /opt/devkitpro/devkitARM/bin/../lib/gcc/arm-none-eabi/14.2.0/../../../../arm-none-eabi/lib/thumb/libg.a(libc_a-iswspace.o)
 .comment       0x00000023       0x24 /opt/devkitpro/devkitARM/bin/../lib/gcc/arm-none-eabi/14.2.0/../../../../arm-none-eabi/lib/thumb/libg.a(libc_a-sccl.o)
 .comment       0x00000023       0x24 /opt/devkitpro/devkitARM/bin/../lib/gcc/arm-none-eabi/14.2.0/../../../../arm-none-eabi/lib/thumb/libg.a(libc_a-localeconv.o)
 .comment       0x00000023       0x24 /opt/devkitpro/devkitARM/bin/../lib/gcc/arm-none-eabi/14.2.0/../../../../arm-none-eabi/lib/thumb/libg.a(libc_a-vfprintf.o)
 .comment       0x00000023       0x24 /opt/devkitpro/devkitARM/bin/../lib/gcc/arm-none-eabi/14.2.0/../../../../arm-none-eabi/lib/thumb/libg.a(libc_a-makebuf.o)
 .comment       0x00000023       0x24 /opt/devkitpro/devkitARM/bin/../lib/gcc/arm-none-eabi/14.2.0/../../../../arm-none-eabi/lib/thumb/libg.a(libc_a-realloc.o)
 .comment       0x00000023       0x24 /opt/devkitpro/devkitARM/bin/../lib/gcc/arm-none-eabi/14.2.0/../../../../arm-none-eabi/lib/thumb/libg.a(libc_a-findfp.o)
 .comment       0x00000023       0x24 /opt/devkitpro/devkitARM/bin/../lib/gcc/arm-none-eabi/14.2.0/../../../../arm-none-eabi/lib/thumb/libg.a(libc_a-dtoa.o)
 .comment       0x00000023       0x24 /opt/devkitpro/devkitARM/bin/../lib/gcc/arm-none-eabi/14.2.0/../../../../arm-none-eabi/lib/thumb/libg.a(libc_a-wcrtomb.o)
 .comment       0x00000023       0x24 /opt/devkitpro/devkitARM/bin/../lib/gcc/arm-none-eabi/14.2.0/../../../../arm-none-eabi/lib/thumb/libg.a(libc_a-strtol.o)
 .comment       0x00000023       0x24 /opt/devkitpro/devkitARM/bin/../lib/gcc/arm-none-eabi/14.2.0/../../../../arm-none-eabi/lib/thumb/libg.a(libc_a-ctype_.o)
 .comment       0x00000023       0x24 /opt/devkitpro/devkitARM/bin/../lib/gcc/arm-none-eabi/14.2.0/../../../../arm-none-eabi/lib/thumb/libg.a(libc_a-reallocr.o)
 .comment       0x00000023       0x24 /opt/devkitpro/devkitARM/bin/../lib/gcc/arm-none-eabi/14.2.0/../../../../arm-none-eabi/lib/thumb/libg.a(libc_a-ssputs_r.o)
 .comment       0x00000023       0x24 /opt/devkitpro/devkitARM/bin/../lib/gcc/arm-none-eabi/14.2.0/../../../../arm-none-eabi/lib/thumb/libg.a(libc_a-fwalk.o)
 .comment       0x00000023       0x24 /opt/devkitpro/devkitARM/bin/../lib/gcc/arm-none-eabi/14.2.0/../../../../arm-none-eabi/lib/thumb/libg.a(libc_a-wctomb_r.o)
 .comment       0x00000023       0x24 /opt/devkitpro/devkitARM/bin/../lib/gcc/arm-none-eabi/14.2.0/../../../../arm-none-eabi/lib/thumb/libg.a(libc_a-strtoull.o)
 .comment       0x00000023       0x24 /opt/devkitpro/devkitARM/bin/../lib/gcc/arm-none-eabi/14.2.0/../../../../arm-none-eabi/lib/thumb/libg.a(libc_a-mbrtowc.o)
 .comment       0x00000023       0x24 /opt/devkitpro/devkitARM/bin/../lib/gcc/arm-none-eabi/14.2.0/../../../../arm-none-eabi/lib/thumb/libg.a(libc_a-wsetup.o)
 .comment       0x00000023       0x24 /opt/devkitpro/devkitARM/bin/../lib/gcc/arm-none-eabi/14.2.0/../../../../arm-none-eabi/lib/thumb/libg.a(libc_a-ungetc.o)
 .comment       0x00000023       0x24 /opt/devkitpro/devkitARM/bin/../lib/gcc/arm-none-eabi/14.2.0/../../../../arm-none-eabi/lib/thumb/libg.a(libc_a-memmove.o)
 .comment       0x00000023       0x24 /opt/devkitpro/devkitARM/bin/../lib/gcc/arm-none-eabi/14.2.0/../../../../arm-none-eabi/lib/thumb/libg.a(libc_a-assert.o)
 .comment       0x00000023       0x24 /opt/devkitpro/devkitARM/bin/../lib/gcc/arm-none-eabi/14.2.0/../../../../arm-none-eabi/lib/thumb/libg.a(libc_a-iswspace_l.o)
 .comment       0x00000023       0x24 /opt/devkitpro/devkitARM/bin/../lib/gcc/arm-none-eabi/14.2.0/../../../../arm-none-eabi/lib/thumb/libg.a(libc_a-mprec.o)
 .comment       0x00000023       0x24 /opt/devkitpro/devkitARM/bin/../lib/gcc/arm-none-eabi/14.2.0/../../../../arm-none-eabi/lib/thumb/libg.a(libc_a-fvwrite.o)
 .comment       0x00000023       0x24 /opt/devkitpro/devkitARM/bin/../lib/gcc/arm-none-eabi/14.2.0/../../../../arm-none-eabi/lib/thumb/libg.a(libc_a-strtoll.o)
 .comment       0x00000023       0x24 /opt/devkitpro/devkitARM/bin/../lib/gcc/arm-none-eabi/14.2.0/../../../../arm-none-eabi/lib/thumb/libg.a(libc_a-fiprintf.o)
 .comment       0x00000023       0x24 /opt/devkitpro/devkitARM/bin/../lib/gcc/arm-none-eabi/14.2.0/../../../../arm-none-eabi/lib/thumb/libg.a(libc_a-abort.o)
 .comment       0x00000023       0x24 /opt/devkitpro/devkitARM/bin/../lib/gcc/arm-none-eabi/14.2.0/../../../../arm-none-eabi/lib/thumb/libg.a(libc_a-fclose.o)
 .comment       0x00000023       0x24 /opt/devkitpro/devkitARM/bin/../lib/gcc/arm-none-eabi/14.2.0/../../../../arm-none-eabi/lib/thumb/libg.a(libc_a-callocr.o)
 .comment       0x00000023       0x24 /opt/devkitpro/devkitARM/bin/../lib/gcc/arm-none-eabi/14.2.0/../../../../arm-none-eabi/lib/thumb/libg.a(libc_a-categories.o)
 .comment       0x00000023       0x24 /opt/devkitpro/devkitARM/bin/../lib/gcc/arm-none-eabi/14.2.0/../../../../arm-none-eabi/lib/thumb/libg.a(libc_a-signal.o)
 .comment       0x00000023       0x24 /opt/devkitpro/devkitARM/bin/../lib/gcc/arm-none-eabi/14.2.0/../../../../arm-none-eabi/lib/thumb/libsysbase.a(libsysbase_libsysbase_a-_exit.o)
 .comment       0x00000023       0x24 /opt/devkitpro/devkitARM/bin/../lib/gcc/arm-none-eabi/14.2.0/../../../../arm-none-eabi/lib/thumb/libsysbase.a(libsysbase_libsysbase_a-fstat.o)
 .comment       0x00000023       0x24 /opt/devkitpro/devkitARM/bin/../lib/gcc/arm-none-eabi/14.2.0/../../../../arm-none-eabi/lib/thumb/libsysbase.a(libsysbase_libsysbase_a-getpid.o)
 .comment       0x00000023       0x24 /opt/devkitpro/devkitARM/bin/../lib/gcc/arm-none-eabi/14.2.0/../../../../arm-none-eabi/lib/thumb/libsysbase.a(libsysbase_libsysbase_a-getreent.o)
 .comment       0x00000023       0x24 /opt/devkitpro/devkitARM/bin/../lib/gcc/arm-none-eabi/14.2.0/../../../../arm-none-eabi/lib/thumb/libsysbase.a(libsysbase_libsysbase_a-handle_manager.o)
 .comment       0x00000023       0x24 /opt/devkitpro/devkitARM/bin/../lib/gcc/arm-none-eabi/14.2.0/../../../../arm-none-eabi/lib/thumb/libsysbase.a(libsysbase_libsysbase_a-iosupport.o)
 .comment       0x00000023       0x24 /opt/devkitpro/devkitARM/bin/../lib/gcc/arm-none-eabi/14.2.0/../../../../arm-none-eabi/lib/thumb/libsysbase.a(libsysbase_libsysbase_a-isatty.o)
 .comment       0x00000023       0x24 /opt/devkitpro/devkitARM/bin/../lib/gcc/arm-none-eabi/14.2.0/../../../../arm-none-eabi/lib/thumb/libsysbase.a(libsysbase_libsysbase_a-kill.o)
 .comment       0x00000023       0x24 /opt/devkitpro/devkitARM/bin/../lib/gcc/arm-none-eabi/14.2.0/../../../../arm-none-eabi/lib/thumb/libsysbase.a(libsysbase_libsysbase_a-lseek.o)
 .comment       0x00000023       0x24 /opt/devkitpro/devkitARM/bin/../lib/gcc/arm-none-eabi/14.2.0/../../../../arm-none-eabi/lib/thumb/libsysbase.a(libsysbase_libsysbase_a-malloc_vars.o)
 .comment       0x00000023       0x24 /opt/devkitpro/devkitARM/bin/../lib/gcc/arm-none-eabi/14.2.0/../../../../arm-none-eabi/lib/thumb/libsysbase.a(libsysbase_libsysbase_a-read.o)
 .comment       0x00000023       0x24 /opt/devkitpro/devkitARM/bin/../lib/gcc/arm-none-eabi/14.2.0/../../../../arm-none-eabi/lib/thumb/libsysbase.a(libsysbase_libsysbase_a-sbrk.o)
 .comment       0x00000023       0x24 /opt/devkitpro/devkitARM/bin/../lib/gcc/arm-none-eabi/14.2.0/../../../../arm-none-eabi/lib/thumb/libsysbase.a(libsysbase_libsysbase_a-syscall_support.o)
 .comment       0x00000023       0x24 /opt/devkitpro/devkitARM/bin/../lib/gcc/arm-none-eabi/14.2.0/../../../../arm-none-eabi/lib/thumb/libsysbase.a(libsysbase_libsysbase_a-write.o)
 .comment       0x00000023       0x24 /opt/devkitpro/devkitARM/bin/../lib/gcc/arm-none-eabi/14.2.0/thumb/crtend.o

.gnu.build.attributes
 *(.gnu.build.attributes .gnu.build.attributes.*)

.debug
 *(.debug)

.line
 *(.line)

.debug_srcinfo
 *(.debug_srcinfo)

.debug_sfnames
 *(.debug_sfnames)

.debug_aranges  0x00000000      0x770
 *(.debug_aranges)
 .debug_aranges
                0x00000000       0x78 main.o
 .debug_aranges
                0x00000078       0x80 /opt/devkitpro/libnds/lib/libnds9.a(console.o)
 .debug_aranges
                0x000000f8       0x60 /opt/devkitpro/libnds/lib/libnds9.a(trig.o)
 .debug_aranges
                0x00000158       0x38 /opt/devkitpro/libnds/lib/libnds9.a(videoGL_base.o)
 .debug_aranges
                0x00000190       0x40 /opt/devkitpro/libnds/lib/libnds9.a(background.o)
 .debug_aranges
                0x000001d0       0x28 /opt/devkitpro/libnds/lib/libnds9.a(system.o)
 .debug_aranges
                0x000001f8       0x88 /opt/devkitpro/calico/lib/libcalico_ds9.a(thread_cold.o)
 .debug_aranges
                0x00000280       0x50 /opt/devkitpro/calico/lib/libcalico_ds9.a(thread_hot.32.o)
 .debug_aranges