Archive member included to satisfy reference by file (symbol)

/opt/devkitpro/libnds/lib/libnds9.a(console.o)
                              main.o (consoleDemoInit)
/opt/devkitpro/libnds/lib/libnds9.a(trig.o)
                              main.o (tanLerp)
/opt/devkitpro/libnds/lib/libnds9.a(videoGL_base.o)
                              main.o (glRotatef32i)
/opt/devkitpro/libnds/lib/libnds9.a(timers.o)
                              main.o (cpuStartTiming)
/opt/devkitpro/libnds/lib/libnds9.a(default_font.bin.o)
                              /opt/devkitpro/libnds/lib/libnds9.a(console.o) (default_font_bin)
/opt/devkitpro/libnds/lib/libnds9.a(background.o)
                              /opt/devkitpro/libnds/lib/libnds9.a(console.o) (bgState)
/opt/devkitpro/libnds/lib/libnds9.a(system.o)
                              /opt/devkitpro/libnds/lib/libnds9.a(videoGL_base.o) (powerOn)
/opt/devkitpro/calico/lib/libcalico_ds9.a(irq.o)
                              /opt/devkitpro/libnds/lib/libnds9.a(timers.o) (irqSet)
/opt/devkitpro/calico/lib/libcalico_ds9.a(tick.o)
                              /opt/devkitpro/libnds/lib/libnds9.a(timers.o) (tickInit)
/opt/devkitpro/calico/lib/libcalico_ds9.a(thread_cold.o)
                              main.o (threadIrqWait)
/opt/devkitpro/calico/lib/libcalico_ds9.a(thread_hot.32.o)
                              /opt/devkitpro/calico/lib/libcalico_ds9.a(thread_cold.o) (__sched_state)
/opt/devkitpro/calico/lib/libcalico_ds9.a(arm-copy-fill.32.o)
                              /opt/devkitpro/calico/lib/libcalico_ds9.a(thread_cold.o) (armCopyMem32)
/opt/devkitpro/calico/lib/libcalico_ds9.a(arm-context.32.o)
                              /opt/devkitpro/calico/lib/libcalico_ds9.a(thread_cold.o) (armContextSave)
/opt/devkitpro/calico/lib/libcalico_ds9.a(arm-shims.32.o)
                              /opt/devkitpro/calico/lib/libcalico_ds9.a(thread_cold.o) (armWaitForIrq)
/opt/devkitpro/calico/lib/libcalico_ds9.a(bootstub_arm9.o)
                              (__ds9_bootstub)
/opt/devkitpro/calico/lib/libcalico_ds9.a(excpt_handler.32.o)
                              /opt/devkitpro/calico/lib/libcalico_ds9.a(bootstub_arm9.o) (__arm_excpt_rst)
/opt/devkitpro/calico/lib/libcalico_ds9.a(newlib_syscalls.o)
                              /opt/devkitpro/calico/lib/libcalico_ds9.a(bootstub_arm9.o) (__newlib_syscalls)
/opt/devkitpro/calico/lib/libcalico_ds9.a(startup.crt0.o)
                              /opt/devkitpro/calico/lib/libcalico_ds9.a(bootstub_arm9.o) (crt0Startup)
/opt/devkitpro/calico/lib/libcalico_ds9.a(utils.crt0.o)
                              /opt/devkitpro/calico/lib/libcalico_ds9.a(startup.crt0.o) (crt0CopyMem32)
/opt/devkitpro/calico/lib/libcalico_ds9.a(irq_handler.32.o)
                              /opt/devkitpro/calico/lib/libcalico_ds9.a(bootstub_arm9.o) (__arm_excpt_irq)
/opt/devkitpro/calico/lib/libcalico_ds9.a(pxi.o)
                              /opt/devkitpro/calico/lib/libcalico_ds9.a(startup.crt0.o) (_pxiInit)
/opt/devkitpro/calico/lib/libcalico_ds9.a(mpu_setup.crt0.o)
                              /opt/devkitpro/calico/lib/libcalico_ds9.a(startup.crt0.o) (crt0SetupMPU)
/opt/devkitpro/calico/lib/libcalico_ds9.a(sys_startup.o)
                              /opt/devkitpro/calico/lib/libcalico_ds9.a(startup.crt0.o) (systemStartup)
/opt/devkitpro/calico/lib/libcalico_ds9.a(mutex.o)
                              /opt/devkitpro/calico/lib/libcalico_ds9.a(newlib_syscalls.o) (mutexLock)
/opt/devkitpro/calico/lib/libcalico_ds9.a(mailbox.o)
                              /opt/devkitpro/calico/lib/libcalico_ds9.a(pxi.o) (mailboxTrySend)
/opt/devkitpro/calico/lib/libcalico_ds9.a(arm-cache.32.o)
                              /opt/devkitpro/calico/lib/libcalico_ds9.a(startup.crt0.o) (armDCacheFlushAll)
/opt/devkitpro/calico/lib/libcalico_ds9.a(pm.o)
                              /opt/devkitpro/calico/lib/libcalico_ds9.a(sys_startup.o) (pmInit)
/opt/devkitpro/devkitARM/bin/../lib/gcc/arm-none-eabi/14.2.0/thumb/libgcc.a(_arm_mulsf3.o)
                              main.o (__aeabi_fmul)
/opt/devkitpro/devkitARM/bin/../lib/gcc/arm-none-eabi/14.2.0/thumb/libgcc.a(_divsi3.o)
                              /opt/devkitpro/libnds/lib/libnds9.a(console.o) (__aeabi_idivmod)
/opt/devkitpro/devkitARM/bin/../lib/gcc/arm-none-eabi/14.2.0/thumb/libgcc.a(_dvmd_tls.o)
                              /opt/devkitpro/devkitARM/bin/../lib/gcc/arm-none-eabi/14.2.0/thumb/libgcc.a(_divsi3.o) (__aeabi_idiv0)
/opt/devkitpro/devkitARM/bin/../lib/gcc/arm-none-eabi/14.2.0/thumb/libgcc.a(_arm_addsubdf3.o)
                              main.o (__aeabi_dsub)
/opt/devkitpro/devkitARM/bin/../lib/gcc/arm-none-eabi/14.2.0/thumb/libgcc.a(_arm_muldivdf3.o)
                              main.o (__aeabi_ddiv)
/opt/devkitpro/devkitARM/bin/../lib/gcc/arm-none-eabi/14.2.0/thumb/libgcc.a(_arm_fixdfsi.o)
                              main.o (__aeabi_d2iz)
[...]
Memory Configuration

Name             Origin             Length             Attributes
lma9             0x02004000         0x0027c000
lma9i            0x02400000         0x00280000
vectors          0x00000000         0x00000020
itcm             0x01ff8020         0x00007fe0
main             0x02001000         0x00f7f000
dtcm             0x02ff0000         0x00003e80
dldi             0x0380b000         0x00004000
stub             0x0e000000         0x00004000
tls              0x00000000         0x00000400
*default*        0x00000000         0xffffffff

Linker script and memory map

                0x00000000                        __sync_synchronize = __sync_synchronize_none
LOAD /opt/devkitpro/devkitARM/bin/../lib/gcc/arm-none-eabi/14.2.0/thumb/crti.o
LOAD /opt/devkitpro/devkitARM/bin/../lib/gcc/arm-none-eabi/14.2.0/thumb/crtbegin.o
LOAD main.o
LOAD /opt/devkitpro/libnds/lib/libnds9.a
LOAD /opt/devkitpro/calico/lib/libcalico_ds9.a
START GROUP
LOAD /opt/devkitpro/devkitARM/bin/../lib/gcc/arm-none-eabi/14.2.0/thumb/libgcc.a
LOAD /opt/devkitpro/devkitARM/bin/../lib/gcc/arm-none-eabi/14.2.0/../../../../arm-none-eabi/lib/thumb/libg.a
LOAD /opt/devkitpro/devkitARM/bin/../lib/gcc/arm-none-eabi/14.2.0/../../../../arm-none-eabi/lib/thumb/libc.a
LOAD /opt/devkitpro/devkitARM/bin/../lib/gcc/arm-none-eabi/14.2.0/../../../../arm-none-eabi/lib/thumb/libsysbase.a
END GROUP
LOAD /opt/devkitpro/devkitARM/bin/../lib/gcc/arm-none-eabi/14.2.0/thumb/crtend.o
LOAD /opt/devkitpro/devkitARM/bin/../lib/gcc/arm-none-eabi/14.2.0/thumb/crtn.o
                0x02ff3e80                        PROVIDE (__sp_usr = (ORIGIN (dtcm) + LENGTH (dtcm)))
                0x02ff3f80                        PROVIDE (__sp_irq = (__sp_usr + 0x100))
                0x02ff3fc0                        PROVIDE (__sp_svc = (__sp_irq + 0x40))
                0x02ff3ff8                        PROVIDE (__irq_flags = (__sp_svc + 0x38))
                [!provide]                        PROVIDE (__irq_vector = (__sp_svc + 0x3c))
                [!provide]                        PROVIDE (__arm_excpt_rst = 0xffff0000)
                [!provide]                        PROVIDE (__arm_excpt_und = 0xffff0004)
                0xffff0008                        PROVIDE (__arm_excpt_svc = 0xffff0008)
                [!provide]                        PROVIDE (__arm_excpt_pabt = 0xffff000c)
                [!provide]                        PROVIDE (__arm_excpt_dabt = 0xffff0010)
                [!provide]                        PROVIDE (__arm_excpt_irq = 0xffff0018)
                [!provide]                        PROVIDE (__arm_excpt_fiq = 0xffff001c)
                0x00000000                        PROVIDE (__end__ = 0x0)

.secure         0x0e000000      0x800 load address 0x02004000
                0x0e0007fc                        . = (. + 0x7fc)
 *fill*         0x0e000000      0x7fc 00000000
                0x0e0007fc        0x4 LONG 0x0

.bootstub       0x0e000800      0x190 load address 0x02004800
 *(.bootstub .bootstub.*)
 .bootstub.__ds9_bootstub
                0x0e000800      0x190 /opt/devkitpro/calico/lib/libcalico_ds9.a(bootstub_arm9.o)
                0x0e000800                __ds9_bootstub
                0x0e000990                        . = ALIGN (0x4)

.crt0           0x02001000      0x360 load address 0x02004990
 *(.crt0 .crt0.*)
 .crt0.__ds9_bootstub_trampoline
                0x02001000       0x20 /opt/devkitpro/calico/lib/libcalico_ds9.a(bootstub_arm9.o)
 *.crt0.*(.text .stub .text.* .gnu.linkonce.t.*)
 .text.crt0ProcessLoadList
                0x02001020       0x74 /opt/devkitpro/calico/lib/libcalico_ds9.a(startup.crt0.o)
                0x02001020                crt0ProcessLoadList
 .text.crt0Startup
                0x02001094      0x150 /opt/devkitpro/calico/lib/libcalico_ds9.a(startup.crt0.o)
                0x02001094                crt0Startup
 .text.crt0CopyMem32
                0x020011e4       0x4c /opt/devkitpro/calico/lib/libcalico_ds9.a(utils.crt0.o)
                0x020011e4                crt0CopyMem32
 .text.crt0FillMem32
                0x02001230       0x58 /opt/devkitpro/calico/lib/libcalico_ds9.a(utils.crt0.o)
                0x02001230                crt0FillMem32
 .text.crt0SetupMPU
                0x02001288       0xb4 /opt/devkitpro/calico/lib/libcalico_ds9.a(mpu_setup.crt0.o)
                0x02001288                crt0SetupMPU
 *fill*         0x0200133c        0x4 ff
 .text.crt0SetupMPU.__stub
                0x02001340        0x8 linker stubs
 *.crt0.*(.glue_7t .glue_7 .vfp11_veneer .v4_bx)
 *.crt0.*(.rodata .rodata.* .gnu.linkonce.r.*)
 *.crt0.*(.rodata1)
                0x02001360                        . = ALIGN (0x20)
 *fill*         0x02001348       0x18 ff
                0x02004990                        PROVIDE (__crt0_lma = LOADADDR (.crt0))
                0x02001000                        PROVIDE (__crt0_start = ADDR (.crt0))
                0x02001360                        PROVIDE (__crt0_end = (ADDR (.crt0) + SIZEOF (.crt0)))
                0x00000001                        ASSERT (((__crt0_end <= LOADADDR (.bootstub)) || (__crt0_start >= (LOADADDR (.bootstub) + SIZEOF (.bootstub)))), Error: crt0 section overlaps initial bootstrap)

.dldi           0x0380b000        0x0 load address 0x02004cf0
 *(.dldi)
                0x00000000                        PROVIDE (__dldi_lma = SIZEOF (.dldi)?LOADADDR (.dldi):0x0)

.vectors        0x00000000       0x20 load address 0x02004cf0
 *(.vectors)
 .vectors       0x00000000       0x20 /opt/devkitpro/calico/lib/libcalico_ds9.a(bootstub_arm9.o)

.itcm           0x01ff8020      0x68c load address 0x02004d10
 *(.itcm .itcm.*)
 .itcm          0x01ff8020       0x30 /opt/devkitpro/calico/lib/libcalico_ds9.a(bootstub_arm9.o)
                0x01ff8038                __excpt_vectors
 *.itcm.*(.text .stub .text.* .gnu.linkonce.t.*)
 *.32.o(.text .stub .text.* .gnu.linkonce.t.*)
 .text.threadReschedule
                0x01ff8050       0x88 /opt/devkitpro/calico/lib/libcalico_ds9.a(thread_hot.32.o)
 .text.threadBlock
                0x01ff80d8       0xd4 /opt/devkitpro/calico/lib/libcalico_ds9.a(thread_hot.32.o)
                0x01ff80d8                threadBlock
 .text.threadUnblockOneByValue
                0x01ff81ac       0xc0 /opt/devkitpro/calico/lib/libcalico_ds9.a(thread_hot.32.o)
                0x01ff81ac                threadUnblockOneByValue
 .text.threadUnblockAllByValue
                0x01ff826c      0x144 /opt/devkitpro/calico/lib/libcalico_ds9.a(thread_hot.32.o)
                0x01ff826c                threadUnblockAllByValue
 .text.threadUnblockAllByMask
                0x01ff83b0      0x134 /opt/devkitpro/calico/lib/libcalico_ds9.a(thread_hot.32.o)
                0x01ff83b0                threadUnblockAllByMask
 .text.armContextSave
                0x01ff84e4       0x2c /opt/devkitpro/calico/lib/libcalico_ds9.a(arm-context.32.o)
                0x01ff84e4                armContextSave
 .text.armContextLoad
                0x01ff8510       0x20 /opt/devkitpro/calico/lib/libcalico_ds9.a(arm-context.32.o)
                0x01ff8510                armContextLoad
                0x01ff8514                armContextLoadFromSvc
 .text.armWaitForIrq
                0x01ff8530        0x8 /opt/devkitpro/calico/lib/libcalico_ds9.a(arm-shims.32.o)
                0x01ff8530                armWaitForIrq
 .text.__excpt_entry
                0x01ff8538       0x50 /opt/devkitpro/calico/lib/libcalico_ds9.a(excpt_handler.32.o)
                0x01ff8538                __arm_excpt_rst
                0x01ff853c                __arm_excpt_pabt
                0x01ff8540                __arm_excpt_und
                0x01ff854c                __arm_excpt_dabt
 .text.__arm_excpt_irq
                0x01ff8588       0xe4 /opt/devkitpro/calico/lib/libcalico_ds9.a(irq_handler.32.o)
                0x01ff8588                __arm_excpt_irq
 .text.armDrainWriteBuffer
                0x01ff866c        0xc /opt/devkitpro/calico/lib/libcalico_ds9.a(arm-cache.32.o)
                0x01ff866c                armDrainWriteBuffer
 .text.armDCacheFlushAll
                0x01ff8678       0x28 /opt/devkitpro/calico/lib/libcalico_ds9.a(arm-cache.32.o)
                0x01ff8678                armDCacheFlushAll
 .text.armICacheInvalidateAll
                0x01ff86a0        0xc /opt/devkitpro/calico/lib/libcalico_ds9.a(arm-cache.32.o)
                0x01ff86a0                armICacheInvalidateAll
 *.itcm.*(.glue_7t .glue_7 .vfp11_veneer .v4_bx)
 *.32.o(.glue_7t .glue_7 .vfp11_veneer .v4_bx)
 *.itcm.*(.rodata .rodata.* .gnu.linkonce.r.*)
 *.32.o(.rodata .rodata.* .gnu.linkonce.r.*)
 *.itcm.*(.rodata1)
 *.32.o(.rodata1)
                0x01ff86ac                        . = ALIGN (0x4)
                0x02004cf0                        PROVIDE (__itcm_lma = LOADADDR (.vectors))
                0x01ff8000                        PROVIDE (__itcm_start = (ADDR (.itcm) - SIZEOF (.vectors)))
                0x01ff86ac                        PROVIDE (__itcm_end = (ADDR (.itcm) + SIZEOF (.itcm)))
                0x00000001                        ASSERT (((__itcm_lma + SIZEOF (.vectors)) == LOADADDR (.itcm)), Error: gap between vectors and itcm)

.dtcm           0x02ff0000        0x0 load address 0x0200539c
 *(.dtcm .dtcm.*)
 *.32.o(.data .data.* .gnu.linkonce.d.*)
 *.32.o(.data1)
                0x02ff0000                        . = ALIGN (0x4)
                [!provide]                        PROVIDE (__dtcm_lma = LOADADDR (.dtcm))
                0x02ff0000                        PROVIDE (__dtcm_start = ADDR (.dtcm))
                0x02ff0000                        PROVIDE (__dtcm_end = (ADDR (.dtcm) + SIZEOF (.dtcm)))

.dtcm.bss       0x02ff0000       0x98 load address 0x0200539c
 *(.sbss .sbss.*)
 *.32.o(.dynbss)
 *.32.o(.bss .bss.* .gnu.linkonce.b.*)
 .bss.__irq_table
                0x02ff0000       0x80 /opt/devkitpro/calico/lib/libcalico_ds9.a(thread_hot.32.o)
                0x02ff0000                __irq_table
 .bss.__sched_state
                0x02ff0080       0x18 /opt/devkitpro/calico/lib/libcalico_ds9.a(thread_hot.32.o)
                0x02ff0080                __sched_state
 *.32.o(COMMON)
                0x02ff0098                        . = ALIGN (0x4)
                [!provide]                        PROVIDE (__dtcm_bss_start = ADDR (.dtcm.bss))
                0x02ff0098                        PROVIDE (__dtcm_bss_end = (ADDR (.dtcm.bss) + SIZEOF (.dtcm.bss)))

.main           0x02001360    0x16794 load address 0x0200539c
 *(SORT_NONE(.init))
 .init          0x02001360        0x4 /opt/devkitpro/devkitARM/bin/../lib/gcc/arm-none-eabi/14.2.0/thumb/crti.o
                0x02001360                _init
 .init          0x02001364        0x8 /opt/devkitpro/devkitARM/bin/../lib/gcc/arm-none-eabi/14.2.0/thumb/crtn.o
 EXCLUDE_FILE(*.twl.*) *(.text.unlikely .text.*_unlikely .text.unlikely.*)
 EXCLUDE_FILE(*.twl.*) *(.text.exit .text.exit.*)
 .text.exit     0x0200136c       0x24 /opt/devkitpro/devkitARM/bin/../lib/gcc/arm-none-eabi/14.2.0/../../../../arm-none-eabi/lib/thumb/libg.a(libc_a-exit.o)
                0x0200136c                exit
 EXCLUDE_FILE(*.twl.*) *(.text.startup .text.startup.*)
 .text.startup.main
                0x02001390       0xd4 main.o
                0x02001390                main
 EXCLUDE_FILE(*.twl.*) *(.text.hot .text.hot.*)
 EXCLUDE_FILE(*.twl.*) *(.text .iplt .stub .text.* .gnu.linkonce.t.*)
 .text.__do_global_dtors_aux
                0x02001464       0x2c /opt/devkitpro/devkitARM/bin/../lib/gcc/arm-none-eabi/14.2.0/thumb/crtbegin.o
 .text.frame_dummy
                0x02001490       0x24 /opt/devkitpro/devkitARM/bin/../lib/gcc/arm-none-eabi/14.2.0/thumb/crtbegin.o
 .iplt          0x020014b4        0x0 /opt/devkitpro/devkitARM/bin/../lib/gcc/arm-none-eabi/14.2.0/thumb/crtbegin.o
 .text.initOpenGL
                0x020014b4       0x74 main.o
                0x020014b4                initOpenGL
 .text.perspectiveModeGL
                0x02001528      0x48c main.o
                0x02001528                perspectiveModeGL
 .text.render_cube
                0x020019b4       0xb8 main.o
                0x020019b4                render_cube
 .text.gameRenderLoop
                0x02001a6c       0xcc main.o
                0x02001a6c                gameRenderLoop
 .text.newRow   0x02001b38       0xdc /opt/devkitpro/libnds/lib/libnds9.a(console.o)
 .text.consolePrintChar
                0x02001c14       0xe0 /opt/devkitpro/libnds/lib/libnds9.a(console.o)
                0x02001c14                consolePrintChar
 .text.con_write
                0x02001cf4      0x320 /opt/devkitpro/libnds/lib/libnds9.a(console.o)
                0x02001cf4                con_write
 .text.consoleLoadFont
                0x02002014      0x314 /opt/devkitpro/libnds/lib/libnds9.a(console.o)
                0x02002014                consoleLoadFont
 .text.consoleInit
                0x02002328      0x18c /opt/devkitpro/libnds/lib/libnds9.a(console.o)
                0x02002328                consoleInit
 .text.consoleDemoInit
                0x020024b4       0x40 /opt/devkitpro/libnds/lib/libnds9.a(console.o)
                0x020024b4                consoleDemoInit
 .text.sinLutLookup
                0x020024f4       0x4c /opt/devkitpro/libnds/lib/libnds9.a(trig.o)
                0x020024f4                sinLutLookup
 .text.sinLerp  0x02002540       0x38 /opt/devkitpro/libnds/lib/libnds9.a(trig.o)
                0x02002540                sinLerp
 .text.cosLerp  0x02002578       0x48 /opt/devkitpro/libnds/lib/libnds9.a(trig.o)
                0x02002578                cosLerp
 .text.tanLerp  0x020025c0       0xb0 /opt/devkitpro/libnds/lib/libnds9.a(trig.o)
                0x020025c0                tanLerp
 .text.glRotatef32i
                0x02002670      0x2b8 /opt/devkitpro/libnds/lib/libnds9.a(videoGL_base.o)
                0x02002670                glRotatef32i
 .text._glInitGlobals
                0x02002928        0x4 /opt/devkitpro/libnds/lib/libnds9.a(videoGL_base.o)
                0x02002928                _glInitGlobals
 .text.glInit   0x0200292c       0xdc /opt/devkitpro/libnds/lib/libnds9.a(videoGL_base.o)
                0x0200292c                glInit
 .text.cpuStartTiming
                0x02002a08       0x14 /opt/devkitpro/libnds/lib/libnds9.a(timers.o)
                0x02002a08                cpuStartTiming
 .text.cpuGetTiming
                0x02002a1c       0x18 /opt/devkitpro/libnds/lib/libnds9.a(timers.o)
                0x02002a1c                cpuGetTiming
 .text.checkIfText
                0x02002a34       0x6c /opt/devkitpro/libnds/lib/libnds9.a(background.o)
                0x02002a34                checkIfText
 .text.bgUpdate
                0x02002aa0       0xf4 /opt/devkitpro/libnds/lib/libnds9.a(background.o)
                0x02002aa0                bgUpdate
 .text.bgInit_call
                0x02002b94       0xb0 /opt/devkitpro/libnds/lib/libnds9.a(background.o)
                0x02002b94                bgInit_call
 .text.bgInitSub_call
                0x02002c44       0xb8 /opt/devkitpro/libnds/lib/libnds9.a(background.o)
                0x02002c44                bgInitSub_call
 .text.powerOn  0x02002cfc       0x18 /opt/devkitpro/libnds/lib/libnds9.a(system.o)
                0x02002cfc                powerOn
 .text.irqSet   0x02002d14       0x64 /opt/devkitpro/calico/lib/libcalico_ds9.a(irq.o)
                0x02002d14                irqSet
 .text._tickCountIsr
                0x02002d78       0x1c /opt/devkitpro/calico/lib/libcalico_ds9.a(tick.o)
 .text._tickTaskSchedule.part.0.isra.0
                0x02002d94       0x98 /opt/devkitpro/calico/lib/libcalico_ds9.a(tick.o)
 .text.tickInit
                0x02002e2c       0x8c /opt/devkitpro/calico/lib/libcalico_ds9.a(tick.o)
                0x02002e2c                tickInit
 .text.tickGetCount
                0x02002eb8       0x6c /opt/devkitpro/calico/lib/libcalico_ds9.a(tick.o)
                0x02002eb8                tickGetCount
 .text._tickTaskIsr
                0x02002f24      0x110 /opt/devkitpro/calico/lib/libcalico_ds9.a(tick.o)
 .text.tickTaskStart
                0x02003034      0x11c /opt/devkitpro/calico/lib/libcalico_ds9.a(tick.o)
                0x02003034                tickTaskStart
 .text.threadExit
                0x02003150       0x98 /opt/devkitpro/calico/lib/libcalico_ds9.a(thread_cold.o)
                0x02003150                threadExit
 .text._threadTickTask
                0x020031e8       0x10 /opt/devkitpro/calico/lib/libcalico_ds9.a(thread_cold.o)
 .text._threadInit
                0x020031f8       0x98 /opt/devkitpro/calico/lib/libcalico_ds9.a(thread_cold.o)
                0x020031f8                _threadInit
 .text.threadPrepare
                0x02003290       0x98 /opt/devkitpro/calico/lib/libcalico_ds9.a(thread_cold.o)
                0x02003290                threadPrepare
 .text.threadStart
                0x02003328       0xc0 /opt/devkitpro/calico/lib/libcalico_ds9.a(thread_cold.o)
                0x02003328                threadStart
 .text.threadIrqWait
                0x020033e8       0x98 /opt/devkitpro/calico/lib/libcalico_ds9.a(thread_cold.o)
                0x020033e8                threadIrqWait
 .text.threadSleepTicks
                0x02003480       0x58 /opt/devkitpro/calico/lib/libcalico_ds9.a(thread_cold.o)
                0x02003480                threadSleepTicks
 .text.__syscall_getreent
                0x020034d8       0x14 /opt/devkitpro/calico/lib/libcalico_ds9.a(newlib_syscalls.o)
                0x020034d8                __syscall_getreent
 .text.__errno  0x020034ec       0x24 /opt/devkitpro/calico/lib/libcalico_ds9.a(newlib_syscalls.o)
                0x020034ec                __errno
 .text.__syscall_lock_acquire
                0x02003510        0x4 /opt/devkitpro/calico/lib/libcalico_ds9.a(newlib_syscalls.o)
                0x02003510                __syscall_lock_acquire
 .text.__syscall_lock_release
                0x02003514        0x4 /opt/devkitpro/calico/lib/libcalico_ds9.a(newlib_syscalls.o)
                0x02003514                __syscall_lock_release
 .text.__syscall_lock_acquire_recursive
                0x02003518       0x40 /opt/devkitpro/calico/lib/libcalico_ds9.a(newlib_syscalls.o)
                0x02003518                __syscall_lock_acquire_recursive
 .text.__syscall_lock_release_recursive
                0x02003558       0x18 /opt/devkitpro/calico/lib/libcalico_ds9.a(newlib_syscalls.o)
                0x02003558                __syscall_lock_release_recursive
 .text._pxiMailboxHandler
                0x02003570        0x4 /opt/devkitpro/calico/lib/libcalico_ds9.a(pxi.o)
 .text._pxiRecvUnhandled
                0x02003574        0x4 /opt/devkitpro/calico/lib/libcalico_ds9.a(pxi.o)
                0x02003574                _pxiRecvUnhandled
 .text._pxiRecvIrqHandler
                0x02003578      0x154 /opt/devkitpro/calico/lib/libcalico_ds9.a(pxi.o)
 .text._pxiInit
                0x020036cc       0x58 /opt/devkitpro/calico/lib/libcalico_ds9.a(pxi.o)
                0x020036cc                _pxiInit
 .text.pxiSetHandler
                0x02003724       0x74 /opt/devkitpro/calico/lib/libcalico_ds9.a(pxi.o)
                0x02003724                pxiSetHandler
 .text.pxiSetMailbox
                0x02003798       0x68 /opt/devkitpro/calico/lib/libcalico_ds9.a(pxi.o)
                0x02003798                pxiSetMailbox
 .text.pxiWaitRemote
                0x02003800       0x38 /opt/devkitpro/calico/lib/libcalico_ds9.a(pxi.o)
                0x02003800                pxiWaitRemote
 .text.pxiSendPacket
                0x02003838       0x50 /opt/devkitpro/calico/lib/libcalico_ds9.a(pxi.o)
                0x02003838                pxiSendPacket
 .text.systemUserStartup
                0x02003888        0x4 /opt/devkitpro/calico/lib/libcalico_ds9.a(sys_startup.o)
                0x02003888                systemUserStartup
 .text.systemStartup
                0x0200388c      0x104 /opt/devkitpro/calico/lib/libcalico_ds9.a(sys_startup.o)
                0x0200388c                systemStartup
 .text.threadUpdateDynamicPrio
                0x02003990      0x1c4 /opt/devkitpro/calico/lib/libcalico_ds9.a(mutex.o)
 .text.threadRemoveWaiter
                0x02003b54      0x1a8 /opt/devkitpro/calico/lib/libcalico_ds9.a(mutex.o)
 .text.mutexLock
                0x02003cfc      0x144 /opt/devkitpro/calico/lib/libcalico_ds9.a(mutex.o)
                0x02003cfc                mutexLock
 .text.mutexUnlock
                0x02003e40       0xbc /opt/devkitpro/calico/lib/libcalico_ds9.a(mutex.o)
                0x02003e40                mutexUnlock
 .text.mailboxTrySend
                0x02003efc       0x9c /opt/devkitpro/calico/lib/libcalico_ds9.a(mailbox.o)
                0x02003efc                mailboxTrySend
 .text.mailboxRecv
                0x02003f98       0x8c /opt/devkitpro/calico/lib/libcalico_ds9.a(mailbox.o)
                0x02003f98                mailboxRecv
 .text._pmCallEventHandlers
                0x02004024       0x40 /opt/devkitpro/calico/lib/libcalico_ds9.a(pm.o)
 .text._pmPxiThreadMain
                0x02004064       0xa0 /opt/devkitpro/calico/lib/libcalico_ds9.a(pm.o)
 .text._pmResetPxiHandler
                0x02004104       0x28 /opt/devkitpro/calico/lib/libcalico_ds9.a(pm.o)
 .text.systemUserExit
                0x0200412c        0x4 /opt/devkitpro/calico/lib/libcalico_ds9.a(pm.o)
                0x0200412c                systemUserExit
 .text.systemErrorExit
                0x02004130        0x4 /opt/devkitpro/calico/lib/libcalico_ds9.a(pm.o)
                0x02004130                systemErrorExit
 .text.__syscall_exit
                0x02004134      0x138 /opt/devkitpro/calico/lib/libcalico_ds9.a(pm.o)
                0x02004134                __syscall_exit
 .text.pmInit   0x0200426c       0x58 /opt/devkitpro/calico/lib/libcalico_ds9.a(pm.o)
                0x0200426c                pmInit
 .text          0x020042c4      0x198 /opt/devkitpro/devkitARM/bin/../lib/gcc/arm-none-eabi/14.2.0/thumb/libgcc.a(_arm_mulsf3.o)
                0x020042c4                __mulsf3
                0x020042c4                __aeabi_fmul
 .text          0x0200445c      0x150 /opt/devkitpro/devkitARM/bin/../lib/gcc/arm-none-eabi/14.2.0/thumb/libgcc.a(_divsi3.o)
                0x0200445c                __aeabi_idiv
                0x0200445c                __divsi3
                0x0200458c                __aeabi_idivmod
 .text          0x020045ac        0x4 /opt/devkitpro/devkitARM/bin/../lib/gcc/arm-none-eabi/14.2.0/thumb/libgcc.a(_dvmd_tls.o)
                0x020045ac                __aeabi_ldiv0
                0x020045ac                __aeabi_idiv0
 .text          0x020045b0      0x424 /opt/devkitpro/devkitARM/bin/../lib/gcc/arm-none-eabi/14.2.0/thumb/libgcc.a(_arm_addsubdf3.o)
                0x020045b0                __aeabi_drsub
                0x020045b8                __aeabi_dsub
                0x020045b8                __subdf3
                0x020045bc                __adddf3
                0x020045bc                __aeabi_dadd
                0x020048cc                __aeabi_ui2d
                0x020048cc                __floatunsidf
                0x020048f0                __floatsidf
                0x020048f0                __aeabi_i2d
                0x02004918                __extendsfdf2
                0x02004918                __aeabi_f2d
                0x02004960                __aeabi_ul2d
                0x02004960                __floatundidf
                0x02004974                __floatdidf
                0x02004974                __aeabi_l2d
 .text          0x020049d4      0x49c /opt/devkitpro/devkitARM/bin/../lib/gcc/arm-none-eabi/14.2.0/thumb/libgcc.a(_arm_muldivdf3.o)
                0x020049d4                __aeabi_dmul
                0x020049d4                __muldf3
                0x02004c64                __aeabi_ddiv
                0x02004c64                __divdf3
 .text          0x02004e70       0x5c /opt/devkitpro/devkitARM/bin/../lib/gcc/arm-none-eabi/14.2.0/thumb/libgcc.a(_arm_fixdfsi.o)
                0x02004e70                __fixdfsi
                0x02004e70                __aeabi_d2iz
 .text          0x02004ecc       0xa0 /opt/devkitpro/devkitARM/bin/../lib/gcc/arm-none-eabi/14.2.0/thumb/libgcc.a(_arm_truncdfsf2.o)
                0x02004ecc                __aeabi_d2f
                0x02004ecc                __truncdfsf2
 .text          0x02004f6c      0x2ac /opt/devkitpro/devkitARM/bin/../lib/gcc/arm-none-eabi/14.2.0/thumb/libgcc.a(_arm_addsubsf3.o)
                0x02004f6c                __aeabi_frsub
                0x02004f74                __subsf3
                0x02004f74                __aeabi_fsub
                0x02004f78                __aeabi_fadd
                0x02004f78                __addsf3
                0x02005134                __aeabi_ui2f
                0x02005134                __floatunsisf
                0x0200513c                __aeabi_i2f
                0x0200513c                __floatsisf
                0x0200515c                __floatundisf
                0x0200515c                __aeabi_ul2f
                0x0200516c                __floatdisf
                0x0200516c                __aeabi_l2f
 .text          0x02005218       0x5c /opt/devkitpro/devkitARM/bin/../lib/gcc/arm-none-eabi/14.2.0/thumb/libgcc.a(_arm_fixsfsi.o)
                0x02005218                __fixsfsi
                0x02005218                __aeabi_f2iz
 .text          0x02005274       0x3c /opt/devkitpro/devkitARM/bin/../lib/gcc/arm-none-eabi/14.2.0/thumb/libgcc.a(_aeabi_uldivmod.o)
                0x02005274                __aeabi_uldivmod
 .text.__muldi3
                0x020052b0       0x64 /opt/devkitpro/devkitARM/bin/../lib/gcc/arm-none-eabi/14.2.0/thumb/libgcc.a(_muldi3.o)
                0x020052b0                __aeabi_lmul
                0x020052b0                __muldi3
 .text.__udivmoddi4
                0x02005314      0x19c /opt/devkitpro/devkitARM/bin/../lib/gcc/arm-none-eabi/14.2.0/thumb/libgcc.a(_udivmoddi4.o)
                0x02005314                __udivmoddi4
 .text          0x020054b0       0x28 /opt/devkitpro/devkitARM/bin/../lib/gcc/arm-none-eabi/14.2.0/thumb/libgcc.a(_clzdi2.o)
                0x020054b0                __clzdi2
 .text          0x020054d8       0x48 /opt/devkitpro/devkitARM/bin/../lib/gcc/arm-none-eabi/14.2.0/thumb/libgcc.a(_clzsi2.o)
                0x020054d8                __clzsi2
 .text.sprintf  0x02005520       0x44 /opt/devkitpro/devkitARM/bin/../lib/gcc/arm-none-eabi/14.2.0/../../../../arm-none-eabi/lib/thumb/libg.a(libc_a-sprintf.o)
                0x02005520                sprintf
 .text.siscanf  0x02005564       0x50 /opt/devkitpro/devkitARM/bin/../lib/gcc/arm-none-eabi/14.2.0/../../../../arm-none-eabi/lib/thumb/libg.a(libc_a-siscanf.o)
                0x02005564                siscanf
 .text.__sread  0x020055b4       0x34 /opt/devkitpro/devkitARM/bin/../lib/gcc/arm-none-eabi/14.2.0/../../../../arm-none-eabi/lib/thumb/libg.a(libc_a-stdio.o)
                0x020055b4                __sread
 .text.__seofread
                0x020055e8        0x4 /opt/devkitpro/devkitARM/bin/../lib/gcc/arm-none-eabi/14.2.0/../../../../arm-none-eabi/lib/thumb/libg.a(libc_a-stdio.o)
                0x020055e8                __seofread
 .text.__swrite
                0x020055ec       0x4c /opt/devkitpro/devkitARM/bin/../lib/gcc/arm-none-eabi/14.2.0/../../../../arm-none-eabi/lib/thumb/libg.a(libc_a-stdio.o)
                0x020055ec                __swrite
 .text.__sseek  0x02005638       0x3c /opt/devkitpro/devkitARM/bin/../lib/gcc/arm-none-eabi/14.2.0/../../../../arm-none-eabi/lib/thumb/libg.a(libc_a-stdio.o)
                0x02005638                __sseek
 .text.__sclose
                0x02005674       0x10 /opt/devkitpro/devkitARM/bin/../lib/gcc/arm-none-eabi/14.2.0/../../../../arm-none-eabi/lib/thumb/libg.a(libc_a-stdio.o)
                0x02005674                __sclose
 .text._malloc_r
                0x02005684      0x588 /opt/devkitpro/devkitARM/bin/../lib/gcc/arm-none-eabi/14.2.0/../../../../arm-none-eabi/lib/thumb/libg.a(libc_a-mallocr.o)
                0x02005684                _malloc_r
 .text._malloc_trim_r
                0x02005c0c       0xac /opt/devkitpro/devkitARM/bin/../lib/gcc/arm-none-eabi/14.2.0/../../../../arm-none-eabi/lib/thumb/libg.a(libc_a-freer.o)
                0x02005c0c                _malloc_trim_r
 .text._free_r  0x02005cb8      0x1f4 /opt/devkitpro/devkitARM/bin/../lib/gcc/arm-none-eabi/14.2.0/../../../../arm-none-eabi/lib/thumb/libg.a(libc_a-freer.o)
                0x02005cb8                _free_r
 .text.get_arg  0x02005eac      0x428 /opt/devkitpro/devkitARM/bin/../lib/gcc/arm-none-eabi/14.2.0/../../../../arm-none-eabi/lib/thumb/libg.a(libc_a-svfprintf.o)
 .text._svfprintf_r
                0x020062d4     0x23dc /opt/devkitpro/devkitARM/bin/../lib/gcc/arm-none-eabi/14.2.0/../../../../arm-none-eabi/lib/thumb/libg.a(libc_a-svfprintf.o)
                0x020062d4                _svfprintf_r
 .text.setvbuf  0x020086b0      0x1ac /opt/devkitpro/devkitARM/bin/../lib/gcc/arm-none-eabi/14.2.0/../../../../arm-none-eabi/lib/thumb/libg.a(libc_a-setvbuf.o)
                0x020086b0                setvbuf
 .text.malloc   0x0200885c       0x28 /opt/devkitpro/devkitARM/bin/../lib/gcc/arm-none-eabi/14.2.0/../../../../arm-none-eabi/lib/thumb/libg.a(libc_a-malloc.o)
                0x0200885c                malloc
 .text.free     0x02008884       0x14 /opt/devkitpro/devkitARM/bin/../lib/gcc/arm-none-eabi/14.2.0/../../../../arm-none-eabi/lib/thumb/libg.a(libc_a-malloc.o)
                0x02008884                free
 .text.memcpy   0x02008898       0xb0 /opt/devkitpro/devkitARM/bin/../lib/gcc/arm-none-eabi/14.2.0/../../../../arm-none-eabi/lib/thumb/libg.a(libc_a-memcpy-stub.o)
                0x02008898                memcpy
 .text.printf   0x02008948       0x24 /opt/devkitpro/devkitARM/bin/../lib/gcc/arm-none-eabi/14.2.0/../../../../arm-none-eabi/lib/thumb/libg.a(libc_a-printf.o)
                0x02008948                printf
 .text.memset   0x0200896c       0x98 /opt/devkitpro/devkitARM/bin/../lib/gcc/arm-none-eabi/14.2.0/../../../../arm-none-eabi/lib/thumb/libg.a(libc_a-memset.o)
                0x0200896c                memset
 .text.__malloc_lock
                0x02008a04       0x14 /opt/devkitpro/devkitARM/bin/../lib/gcc/arm-none-eabi/14.2.0/../../../../arm-none-eabi/lib/thumb/libg.a(libc_a-mlock.o)
                0x02008a04                __malloc_lock
 .text.__malloc_unlock
                0x02008a18       0x14 /opt/devkitpro/devkitARM/bin/../lib/gcc/arm-none-eabi/14.2.0/../../../../arm-none-eabi/lib/thumb/libg.a(libc_a-mlock.o)
                0x02008a18                __malloc_unlock
 .text.__call_exitprocs
                0x02008a2c        0xc /opt/devkitpro/devkitARM/bin/../lib/gcc/arm-none-eabi/14.2.0/../../../../arm-none-eabi/lib/thumb/libg.a(libc_a-exit.o)
                0x02008a2c                __call_exitprocs
 .text.strncpy  0x02008a38       0x68 /opt/devkitpro/devkitARM/bin/../lib/gcc/arm-none-eabi/14.2.0/../../../../arm-none-eabi/lib/thumb/libg.a(libc_a-strncpy.o)
                0x02008a38                strncpy
 .text._wcsrtombs_r
                0x02008aa0       0x1c /opt/devkitpro/devkitARM/bin/../lib/gcc/arm-none-eabi/14.2.0/../../../../arm-none-eabi/lib/thumb/libg.a(libc_a-wcsrtombs.o)
                0x02008aa0                _wcsrtombs_r
 .text.__libc_init_array
                0x02008abc       0x54 /opt/devkitpro/devkitARM/bin/../lib/gcc/arm-none-eabi/14.2.0/../../../../arm-none-eabi/lib/thumb/libg.a(libc_a-init.o)
                0x02008abc                __libc_init_array
 .text.__sflush_r
                0x02008b10      0x194 /opt/devkitpro/devkitARM/bin/../lib/gcc/arm-none-eabi/14.2.0/../../../../arm-none-eabi/lib/thumb/libg.a(libc_a-fflush.o)
                0x02008b10                __sflush_r
 .text._fflush_r
                0x02008ca4       0x70 /opt/devkitpro/devkitARM/bin/../lib/gcc/arm-none-eabi/14.2.0/../../../../arm-none-eabi/lib/thumb/libg.a(libc_a-fflush.o)
                0x02008ca4                _fflush_r
 .text.frexp    0x02008d14       0x6c /opt/devkitpro/devkitARM/bin/../lib/gcc/arm-none-eabi/14.2.0/../../../../arm-none-eabi/lib/thumb/libg.a(libm_a-s_frexp.o)
                0x02008d14                frexp
 .text.strlen   0x02008d80       0x60 /opt/devkitpro/devkitARM/bin/../lib/gcc/arm-none-eabi/14.2.0/../../../../arm-none-eabi/lib/thumb/libg.a(libc_a-strlen-stub.o)
                0x02008d80                strlen
 .text.__locale_mb_cur_max
                0x02008de0       0x20 /opt/devkitpro/devkitARM/bin/../lib/gcc/arm-none-eabi/14.2.0/../../../../arm-none-eabi/lib/thumb/libg.a(libc_a-locale.o)
                0x02008de0                __locale_mb_cur_max
 .text.__ssprint_r
                0x02008e00       0x60 /opt/devkitpro/devkitARM/bin/../lib/gcc/arm-none-eabi/14.2.0/../../../../arm-none-eabi/lib/thumb/libg.a(libc_a-ssprint_r.o)
                0x02008e00                __ssprint_r
 .text.get_arg  0x02008e60      0x428 /opt/devkitpro/devkitARM/bin/../lib/gcc/arm-none-eabi/14.2.0/../../../../arm-none-eabi/lib/thumb/libg.a(libc_a-vfiprintf.o)
 .text._vfiprintf_r
                0x02009288     0x1724 /opt/devkitpro/devkitARM/bin/../lib/gcc/arm-none-eabi/14.2.0/../../../../arm-none-eabi/lib/thumb/libg.a(libc_a-vfiprintf.o)
                0x02009288                _vfiprintf_r
 .text.__sbprintf
                0x0200a9ac       0x7c /opt/devkitpro/devkitARM/bin/../lib/gcc/arm-none-eabi/14.2.0/../../../../arm-none-eabi/lib/thumb/libg.a(libc_a-vfiprintf.o)
 .text._memalign_r
                0x0200aa28      0x128 /opt/devkitpro/devkitARM/bin/../lib/gcc/arm-none-eabi/14.2.0/../../../../arm-none-eabi/lib/thumb/libg.a(libc_a-malignr.o)
                0x0200aa28                _memalign_r
 .text.memchr   0x0200ab50       0x80 /opt/devkitpro/devkitARM/bin/../lib/gcc/arm-none-eabi/14.2.0/../../../../arm-none-eabi/lib/thumb/libg.a(libc_a-memchr-stub.o)
                0x0200ab50                memchr
 .text._wcsnrtombs_l
                0x0200abd0      0x10c /opt/devkitpro/devkitARM/bin/../lib/gcc/arm-none-eabi/14.2.0/../../../../arm-none-eabi/lib/thumb/libg.a(libc_a-wcsnrtombs.o)
                0x0200abd0                _wcsnrtombs_l
 .text._wcsnrtombs_r
                0x0200acdc       0x40 /opt/devkitpro/devkitARM/bin/../lib/gcc/arm-none-eabi/14.2.0/../../../../arm-none-eabi/lib/thumb/libg.a(libc_a-wcsnrtombs.o)
                0x0200acdc                _wcsnrtombs_r
 .text.get_arg  0x0200ad1c       0x3e /opt/devkitpro/devkitARM/bin/../lib/gcc/arm-none-eabi/14.2.0/../../../../arm-none-eabi/lib/thumb/libg.a(libc_a-svfiscanf.o)
 .text._sungetc_r
                0x0200ad5a       0x7e /opt/devkitpro/devkitARM/bin/../lib/gcc/arm-none-eabi/14.2.0/../../../../arm-none-eabi/lib/thumb/libg.a(libc_a-svfiscanf.o)
                0x0200ad5a                _sungetc_r
 .text.__ssrefill_r
                0x0200add8       0x42 /opt/devkitpro/devkitARM/bin/../lib/gcc/arm-none-eabi/14.2.0/../../../../arm-none-eabi/lib/thumb/libg.a(libc_a-svfiscanf.o)
                0x0200add8                __ssrefill_r
 .text._sfread_r
                0x0200ae1a       0x88 /opt/devkitpro/devkitARM/bin/../lib/gcc/arm-none-eabi/14.2.0/../../../../arm-none-eabi/lib/thumb/libg.a(libc_a-svfiscanf.o)
                0x0200ae1a                _sfread_r
 *fill*         0x0200aea2        0x2 ff
 .text.__ssvfiscanf_r
                0x0200aea4     0x1a88 /opt/devkitpro/devkitARM/bin/../lib/gcc/arm-none-eabi/14.2.0/../../../../arm-none-eabi/lib/thumb/libg.a(libc_a-svfiscanf.o)
                0x0200aea4                __ssvfiscanf_r
 .text._strtoul_l.isra.0
                0x0200c92c      0x154 /opt/devkitpro/devkitARM/bin/../lib/gcc/arm-none-eabi/14.2.0/../../../../arm-none-eabi/lib/thumb/libg.a(libc_a-strtoul.o)
 .text._strtoul_r
                0x0200ca80       0x20 /opt/devkitpro/devkitARM/bin/../lib/gcc/arm-none-eabi/14.2.0/../../../../arm-none-eabi/lib/thumb/libg.a(libc_a-strtoul.o)
                0x0200ca80                _strtoul_r
 .text.__utf8_mbtowc
                0x0200caa0      0x234 /opt/devkitpro/devkitARM/bin/../lib/gcc/arm-none-eabi/14.2.0/../../../../arm-none-eabi/lib/thumb/libg.a(libc_a-mbtowc_r.o)
                0x0200caa0                __utf8_mbtowc
 .text.__libc_fini_array
                0x0200ccd4       0x30 /opt/devkitpro/devkitARM/bin/../lib/gcc/arm-none-eabi/14.2.0/../../../../arm-none-eabi/lib/thumb/libg.a(libc_a-fini.o)
                0x0200ccd4                __libc_fini_array
 .text.__sprint_r
                0x0200cd04       0x24 /opt/devkitpro/devkitARM/bin/../lib/gcc/arm-none-eabi/14.2.0/../../../../arm-none-eabi/lib/thumb/libg.a(libc_a-sprint_r.o)
                0x0200cd04                __sprint_r
 .text.iswspace
                0x0200cd28       0x10 /opt/devkitpro/devkitARM/bin/../lib/gcc/arm-none-eabi/14.2.0/../../../../arm-none-eabi/lib/thumb/libg.a(libc_a-iswspace.o)
                0x0200cd28                iswspace
 .text.__sccl   0x0200cd38       0xa0 /opt/devkitpro/devkitARM/bin/../lib/gcc/arm-none-eabi/14.2.0/../../../../arm-none-eabi/lib/thumb/libg.a(libc_a-sccl.o)
                0x0200cd38                __sccl
 .text._localeconv_r
                0x0200cdd8       0x1c /opt/devkitpro/devkitARM/bin/../lib/gcc/arm-none-eabi/14.2.0/../../../../arm-none-eabi/lib/thumb/libg.a(libc_a-localeconv.o)
                0x0200cdd8                _localeconv_r
 .text.get_arg  0x0200cdf4      0x428 /opt/devkitpro/devkitARM/bin/../lib/gcc/arm-none-eabi/14.2.0/../../../../arm-none-eabi/lib/thumb/libg.a(libc_a-vfprintf.o)
 .text._vfprintf_r
                0x0200d21c     0x243c /opt/devkitpro/devkitARM/bin/../lib/gcc/arm-none-eabi/14.2.0/../../../../arm-none-eabi/lib/thumb/libg.a(libc_a-vfprintf.o)
                0x0200d21c                _vfprintf_r
 .text.__sbprintf
                0x0200f658       0x7c /opt/devkitpro/devkitARM/bin/../lib/gcc/arm-none-eabi/14.2.0/../../../../arm-none-eabi/lib/thumb/libg.a(libc_a-vfprintf.o)
 .text.__smakebuf_r
                0x0200f6d4       0xdc /opt/devkitpro/devkitARM/bin/../lib/gcc/arm-none-eabi/14.2.0/../../../../arm-none-eabi/lib/thumb/libg.a(libc_a-makebuf.o)
                0x0200f6d4                __smakebuf_r
 .text.__swhatbuf_r
                0x0200f7b0       0x5c /opt/devkitpro/devkitARM/bin/../lib/gcc/arm-none-eabi/14.2.0/../../../../arm-none-eabi/lib/thumb/libg.a(libc_a-makebuf.o)
                0x0200f7b0                __swhatbuf_r
 .text.realloc  0x0200f80c       0x18 /opt/devkitpro/devkitARM/bin/../lib/gcc/arm-none-eabi/14.2.0/../../../../arm-none-eabi/lib/thumb/libg.a(libc_a-realloc.o)
                0x0200f80c                realloc
 .text.stdio_exit_handler
                0x0200f824       0x20 /opt/devkitpro/devkitARM/bin/../lib/gcc/arm-none-eabi/14.2.0/../../../../arm-none-eabi/lib/thumb/libg.a(libc_a-findfp.o)
 .text.cleanup_stdio
                0x0200f844       0x40 /opt/devkitpro/devkitARM/bin/../lib/gcc/arm-none-eabi/14.2.0/../../../../arm-none-eabi/lib/thumb/libg.a(libc_a-findfp.o)
 .text.global_stdio_init.part.0
                0x0200f884      0x128 /opt/devkitpro/devkitARM/bin/../lib/gcc/arm-none-eabi/14.2.0/../../../../arm-none-eabi/lib/thumb/libg.a(libc_a-findfp.o)
 .text.__sinit  0x0200f9ac       0x3c /opt/devkitpro/devkitARM/bin/../lib/gcc/arm-none-eabi/14.2.0/../../../../arm-none-eabi/lib/thumb/libg.a(libc_a-findfp.o)
                0x0200f9ac                __sinit
 .text.__sfp_lock_acquire
                0x0200f9e8       0x14 /opt/devkitpro/devkitARM/bin/../lib/gcc/arm-none-eabi/14.2.0/../../../../arm-none-eabi/lib/thumb/libg.a(libc_a-findfp.o)
                0x0200f9e8                __sfp_lock_acquire
 .text.__sfp_lock_release
                0x0200f9fc       0x14 /opt/devkitpro/devkitARM/bin/../lib/gcc/arm-none-eabi/14.2.0/../../../../arm-none-eabi/lib/thumb/libg.a(libc_a-findfp.o)
                0x0200f9fc                __sfp_lock_release
 .text.quorem   0x0200fa10      0x154 /opt/devkitpro/devkitARM/bin/../lib/gcc/arm-none-eabi/14.2.0/../../../../arm-none-eabi/lib/thumb/libg.a(libc_a-dtoa.o)
 .text._dtoa_r  0x0200fb64     0x1140 /opt/devkitpro/devkitARM/bin/../lib/gcc/arm-none-eabi/14.2.0/../../../../arm-none-eabi/lib/thumb/libg.a(libc_a-dtoa.o)
                0x0200fb64                _dtoa_r
 .text._wcrtomb_r
                0x02010ca4       0x84 /opt/devkitpro/devkitARM/bin/../lib/gcc/arm-none-eabi/14.2.0/../../../../arm-none-eabi/lib/thumb/libg.a(libc_a-wcrtomb.o)
                0x02010ca4                _wcrtomb_r
 .text._strtol_l.part.0
                0x02010d28      0x25c /opt/devkitpro/devkitARM/bin/../lib/gcc/arm-none-eabi/14.2.0/../../../../arm-none-eabi/lib/thumb/libg.a(libc_a-strtol.o)
 .text._strtol_r
                0x02010f84       0x34 /opt/devkitpro/devkitARM/bin/../lib/gcc/arm-none-eabi/14.2.0/../../../../arm-none-eabi/lib/thumb/libg.a(libc_a-strtol.o)
                0x02010f84                _strtol_r
 .text._realloc_r
                0x02010fb8      0x384 /opt/devkitpro/devkitARM/bin/../lib/gcc/arm-none-eabi/14.2.0/../../../../arm-none-eabi/lib/thumb/libg.a(libc_a-reallocr.o)
                0x02010fb8                _realloc_r
 .text.__ssputs_r
                0x0201133c       0xd4 /opt/devkitpro/devkitARM/bin/../lib/gcc/arm-none-eabi/14.2.0/../../../../arm-none-eabi/lib/thumb/libg.a(libc_a-ssputs_r.o)
                0x0201133c                __ssputs_r
 .text._fwalk_sglue
                0x02011410       0x4c /opt/devkitpro/devkitARM/bin/../lib/gcc/arm-none-eabi/14.2.0/../../../../arm-none-eabi/lib/thumb/libg.a(libc_a-fwalk.o)
                0x02011410                _fwalk_sglue
 .text.__utf8_wctomb
                0x0201145c       0xb4 /opt/devkitpro/devkitARM/bin/../lib/gcc/arm-none-eabi/14.2.0/../../../../arm-none-eabi/lib/thumb/libg.a(libc_a-wctomb_r.o)
                0x0201145c                __utf8_wctomb
 .text._strtoull_l.isra.0
                0x02011510      0x1bc /opt/devkitpro/devkitARM/bin/../lib/gcc/arm-none-eabi/14.2.0/../../../../arm-none-eabi/lib/thumb/libg.a(libc_a-strtoull.o)
 .text._strtoull_r
                0x020116cc       0x20 /opt/devkitpro/devkitARM/bin/../lib/gcc/arm-none-eabi/14.2.0/../../../../arm-none-eabi/lib/thumb/libg.a(libc_a-strtoull.o)
                0x020116cc                _strtoull_r
 .text._mbrtowc_r
                0x020116ec       0x90 /opt/devkitpro/devkitARM/bin/../lib/gcc/arm-none-eabi/14.2.0/../../../../arm-none-eabi/lib/thumb/libg.a(libc_a-mbrtowc.o)
                0x020116ec                _mbrtowc_r
 .text.__swsetup_r
                0x0201177c      0x100 /opt/devkitpro/devkitARM/bin/../lib/gcc/arm-none-eabi/14.2.0/../../../../arm-none-eabi/lib/thumb/libg.a(libc_a-wsetup.o)
                0x0201177c                __swsetup_r
 .text.__submore
                0x0201187c       0x88 /opt/devkitpro/devkitARM/bin/../lib/gcc/arm-none-eabi/14.2.0/../../../../arm-none-eabi/lib/thumb/libg.a(libc_a-ungetc.o)
                0x0201187c                __submore
 .text.memmove  0x02011904       0xcc /opt/devkitpro/devkitARM/bin/../lib/gcc/arm-none-eabi/14.2.0/../../../../arm-none-eabi/lib/thumb/libg.a(libc_a-memmove.o)
                0x02011904                memmove
 .text.__assert_func
                0x020119d0       0x40 /opt/devkitpro/devkitARM/bin/../lib/gcc/arm-none-eabi/14.2.0/../../../../arm-none-eabi/lib/thumb/libg.a(libc_a-assert.o)
                0x020119d0                __assert_func
 .text.iswspace_l
                0x02011a10       0x28 /opt/devkitpro/devkitARM/bin/../lib/gcc/arm-none-eabi/14.2.0/../../../../arm-none-eabi/lib/thumb/libg.a(libc_a-iswspace_l.o)
                0x02011a10                iswspace_l
 .text._Balloc  0x02011a38       0x54 /opt/devkitpro/devkitARM/bin/../lib/gcc/arm-none-eabi/14.2.0/../../../../arm-none-eabi/lib/thumb/libg.a(libc_a-mprec.o)
                0x02011a38                _Balloc
 .text._Bfree   0x02011a8c       0x14 /opt/devkitpro/devkitARM/bin/../lib/gcc/arm-none-eabi/14.2.0/../../../../arm-none-eabi/lib/thumb/libg.a(libc_a-mprec.o)
                0x02011a8c                _Bfree
 .text.__multadd
                0x02011aa0       0xa8 /opt/devkitpro/devkitARM/bin/../lib/gcc/arm-none-eabi/14.2.0/../../../../arm-none-eabi/lib/thumb/libg.a(libc_a-mprec.o)
                0x02011aa0                __multadd
 .text.__hi0bits
                0x02011b48       0x60 /opt/devkitpro/devkitARM/bin/../lib/gcc/arm-none-eabi/14.2.0/../../../../arm-none-eabi/lib/thumb/libg.a(libc_a-mprec.o)
                0x02011b48                __hi0bits
 .text.__lo0bits
                0x02011ba8       0x94 /opt/devkitpro/devkitARM/bin/../lib/gcc/arm-none-eabi/14.2.0/../../../../arm-none-eabi/lib/thumb/libg.a(libc_a-mprec.o)
                0x02011ba8                __lo0bits
 .text.__i2b    0x02011c3c       0x64 /opt/devkitpro/devkitARM/bin/../lib/gcc/arm-none-eabi/14.2.0/../../../../arm-none-eabi/lib/thumb/libg.a(libc_a-mprec.o)
                0x02011c3c                __i2b
 .text.__multiply
                0x02011ca0      0x1b4 /opt/devkitpro/devkitARM/bin/../lib/gcc/arm-none-eabi/14.2.0/../../../../arm-none-eabi/lib/thumb/libg.a(libc_a-mprec.o)
                0x02011ca0                __multiply
 .text.__pow5mult
                0x02011e54       0xdc /opt/devkitpro/devkitARM/bin/../lib/gcc/arm-none-eabi/14.2.0/../../../../arm-none-eabi/lib/thumb/libg.a(libc_a-mprec.o)
                0x02011e54                __pow5mult
 .text.__lshift
                0x02011f30      0x100 /opt/devkitpro/devkitARM/bin/../lib/gcc/arm-none-eabi/14.2.0/../../../../arm-none-eabi/lib/thumb/libg.a(libc_a-mprec.o)
                0x02011f30                __lshift
 .text.__mcmp   0x02012030       0x40 /opt/devkitpro/devkitARM/bin/../lib/gcc/arm-none-eabi/14.2.0/../../../../arm-none-eabi/lib/thumb/libg.a(libc_a-mprec.o)
                0x02012030                __mcmp
 .text.__mdiff  0x02012070      0x1ac /opt/devkitpro/devkitARM/bin/../lib/gcc/arm-none-eabi/14.2.0/../../../../arm-none-eabi/lib/thumb/libg.a(libc_a-mprec.o)
                0x02012070                __mdiff
 .text.__d2b    0x0201221c       0xc8 /opt/devkitpro/devkitARM/bin/../lib/gcc/arm-none-eabi/14.2.0/../../../../arm-none-eabi/lib/thumb/libg.a(libc_a-mprec.o)
                0x0201221c                __d2b
 .text.__sfvwrite_r
                0x020122e4      0x304 /opt/devkitpro/devkitARM/bin/../lib/gcc/arm-none-eabi/14.2.0/../../../../arm-none-eabi/lib/thumb/libg.a(libc_a-fvwrite.o)
                0x020122e4                __sfvwrite_r
 .text._strtoll_l.isra.0
                0x020125e8      0x30c /opt/devkitpro/devkitARM/bin/../lib/gcc/arm-none-eabi/14.2.0/../../../../arm-none-eabi/lib/thumb/libg.a(libc_a-strtoll.o)
 .text._strtoll_r
                0x020128f4       0x20 /opt/devkitpro/devkitARM/bin/../lib/gcc/arm-none-eabi/14.2.0/../../../../arm-none-eabi/lib/thumb/libg.a(libc_a-strtoll.o)
                0x020128f4                _strtoll_r
 .text.fiprintf
                0x02012914       0x28 /opt/devkitpro/devkitARM/bin/../lib/gcc/arm-none-eabi/14.2.0/../../../../arm-none-eabi/lib/thumb/libg.a(libc_a-fiprintf.o)
                0x02012914                fiprintf
 .text.abort    0x0201293c       0x10 /opt/devkitpro/devkitARM/bin/../lib/gcc/arm-none-eabi/14.2.0/../../../../arm-none-eabi/lib/thumb/libg.a(libc_a-abort.o)
                0x0201293c                abort
 .text._fclose_r
                0x0201294c       0xd4 /opt/devkitpro/devkitARM/bin/../lib/gcc/arm-none-eabi/14.2.0/../../../../arm-none-eabi/lib/thumb/libg.a(libc_a-fclose.o)
                0x0201294c                _fclose_r
 .text._calloc_r
                0x02012a20       0xb8 /opt/devkitpro/devkitARM/bin/../lib/gcc/arm-none-eabi/14.2.0/../../../../arm-none-eabi/lib/thumb/libg.a(libc_a-callocr.o)
                0x02012a20                _calloc_r
 .text.category
                0x02012ad8       0x58 /opt/devkitpro/devkitARM/bin/../lib/gcc/arm-none-eabi/14.2.0/../../../../arm-none-eabi/lib/thumb/libg.a(libc_a-categories.o)
                0x02012ad8                category
 .text._raise_r
                0x02012b30       0x60 /opt/devkitpro/devkitARM/bin/../lib/gcc/arm-none-eabi/14.2.0/../../../../arm-none-eabi/lib/thumb/libg.a(libc_a-signal.o)
                0x02012b30                _raise_r
 .text.raise    0x02012b90       0x14 /opt/devkitpro/devkitARM/bin/../lib/gcc/arm-none-eabi/14.2.0/../../../../arm-none-eabi/lib/thumb/libg.a(libc_a-signal.o)
                0x02012b90                raise
 .text._exit    0x02012ba4       0x14 /opt/devkitpro/devkitARM/bin/../lib/gcc/arm-none-eabi/14.2.0/../../../../arm-none-eabi/lib/thumb/libsysbase.a(libsysbase_libsysbase_a-_exit.o)
                0x02012ba4                _exit
 .text._fstat_r
                0x02012bb8       0x58 /opt/devkitpro/devkitARM/bin/../lib/gcc/arm-none-eabi/14.2.0/../../../../arm-none-eabi/lib/thumb/libsysbase.a(libsysbase_libsysbase_a-fstat.o)
                0x02012bb8                _fstat_r
 .text._getpid_r
                0x02012c10        0xc /opt/devkitpro/devkitARM/bin/../lib/gcc/arm-none-eabi/14.2.0/../../../../arm-none-eabi/lib/thumb/libsysbase.a(libsysbase_libsysbase_a-getpid.o)
                0x02012c10                _getpid_r
 .text.__getreent
                0x02012c1c       0x20 /opt/devkitpro/devkitARM/bin/../lib/gcc/arm-none-eabi/14.2.0/../../../../arm-none-eabi/lib/thumb/libsysbase.a(libsysbase_libsysbase_a-getreent.o)
                0x02012c1c                __getreent
 .text.__get_handle
                0x02012c3c       0x34 /opt/devkitpro/devkitARM/bin/../lib/gcc/arm-none-eabi/14.2.0/../../../../arm-none-eabi/lib/thumb/libsysbase.a(libsysbase_libsysbase_a-handle_manager.o)
                0x02012c3c                __get_handle
 .text._close_r
                0x02012c70       0xb8 /opt/devkitpro/devkitARM/bin/../lib/gcc/arm-none-eabi/14.2.0/../../../../arm-none-eabi/lib/thumb/libsysbase.a(libsysbase_libsysbase_a-handle_manager.o)
                0x02012c70                _close_r
 .text.null_write
                0x02012d28        0x4 /opt/devkitpro/devkitARM/bin/../lib/gcc/arm-none-eabi/14.2.0/../../../../arm-none-eabi/lib/thumb/libsysbase.a(libsysbase_libsysbase_a-iosupport.o)
 .text._isatty_r
                0x02012d2c        0x4 /opt/devkitpro/devkitARM/bin/../lib/gcc/arm-none-eabi/14.2.0/../../../../arm-none-eabi/lib/thumb/libsysbase.a(libsysbase_libsysbase_a-isatty.o)
                0x02012d2c                _isatty_r
 .text._kill_r  0x02012d30        0xc /opt/devkitpro/devkitARM/bin/../lib/gcc/arm-none-eabi/14.2.0/../../../../arm-none-eabi/lib/thumb/libsysbase.a(libsysbase_libsysbase_a-kill.o)
                0x02012d30                _kill_r
 .text._lseek_r
                0x02012d3c       0x60 /opt/devkitpro/devkitARM/bin/../lib/gcc/arm-none-eabi/14.2.0/../../../../arm-none-eabi/lib/thumb/libsysbase.a(libsysbase_libsysbase_a-lseek.o)
                0x02012d3c                _lseek_r
 .text._read_r  0x02012d9c       0x58 /opt/devkitpro/devkitARM/bin/../lib/gcc/arm-none-eabi/14.2.0/../../../../arm-none-eabi/lib/thumb/libsysbase.a(libsysbase_libsysbase_a-read.o)
                0x02012d9c                _read_r
 .text._sbrk_r  0x02012df4       0x54 /opt/devkitpro/devkitARM/bin/../lib/gcc/arm-none-eabi/14.2.0/../../../../arm-none-eabi/lib/thumb/libsysbase.a(libsysbase_libsysbase_a-sbrk.o)
                0x02012df4                _sbrk_r
 .text.__libc_lock_acquire
                0x02012e48       0x18 /opt/devkitpro/devkitARM/bin/../lib/gcc/arm-none-eabi/14.2.0/../../../../arm-none-eabi/lib/thumb/libsysbase.a(libsysbase_libsysbase_a-syscall_support.o)
                0x02012e48                __libc_lock_acquire
 .text.__libc_lock_release
                0x02012e60       0x18 /opt/devkitpro/devkitARM/bin/../lib/gcc/arm-none-eabi/14.2.0/../../../../arm-none-eabi/lib/thumb/libsysbase.a(libsysbase_libsysbase_a-syscall_support.o)
                0x02012e60                __libc_lock_release
 .text.__libc_lock_acquire_recursive
                0x02012e78       0x18 /opt/devkitpro/devkitARM/bin/../lib/gcc/arm-none-eabi/14.2.0/../../../../arm-none-eabi/lib/thumb/libsysbase.a(libsysbase_libsysbase_a-syscall_support.o)
                0x02012e78                __libc_lock_acquire_recursive
 .text.__libc_lock_release_recursive
                0x02012e90       0x18 /opt/devkitpro/devkitARM/bin/../lib/gcc/arm-none-eabi/14.2.0/../../../../arm-none-eabi/lib/thumb/libsysbase.a(libsysbase_libsysbase_a-syscall_support.o)
                0x02012e90                __libc_lock_release_recursive
 .text._write_r
                0x02012ea8       0x58 /opt/devkitpro/devkitARM/bin/../lib/gcc/arm-none-eabi/14.2.0/../../../../arm-none-eabi/lib/thumb/libsysbase.a(libsysbase_libsysbase_a-write.o)
                0x02012ea8                _write_r
 .text          0x02012f00       0x14 /opt/devkitpro/devkitARM/bin/../lib/gcc/arm-none-eabi/14.2.0/thumb/libgcc.a(_thumb1_case_uqi.o)
                0x02012f00                __gnu_thumb1_case_uqi
 .text          0x02012f14       0x14 /opt/devkitpro/devkitARM/bin/../lib/gcc/arm-none-eabi/14.2.0/thumb/libgcc.a(_thumb1_case_uhi.o)
                0x02012f14                __gnu_thumb1_case_uhi
 .text          0x02012f28      0x11c /opt/devkitpro/devkitARM/bin/../lib/gcc/arm-none-eabi/14.2.0/thumb/libgcc.a(_udivsi3.o)
                0x02012f28                __udivsi3
                0x02012f28                __aeabi_uidiv
                0x02013024                __aeabi_uidivmod
 .text          0x02013044      0x144 /opt/devkitpro/devkitARM/bin/../lib/gcc/arm-none-eabi/14.2.0/thumb/libgcc.a(_arm_cmpdf2.o)
                0x02013044                __gtdf2
                0x02013044                __gedf2
                0x0201304c                __ltdf2
                0x0201304c                __ledf2
                0x02013054                __cmpdf2
                0x02013054                __eqdf2
                0x02013054                __nedf2
                0x020130dc                __aeabi_cdrcmple
                0x020130f8                __aeabi_cdcmple
                0x020130f8                __aeabi_cdcmpeq
                0x02013110                __aeabi_dcmpeq
                0x02013128                __aeabi_dcmplt
                0x02013140                __aeabi_dcmple
                0x02013158                __aeabi_dcmpge
                0x02013170                __aeabi_dcmpgt
 .text          0x02013188       0x38 /opt/devkitpro/devkitARM/bin/../lib/gcc/arm-none-eabi/14.2.0/thumb/libgcc.a(_arm_unorddf2.o)
                0x02013188                __aeabi_dcmpun
                0x02013188                __unorddf2
 EXCLUDE_FILE(*.twl.*) *(.glue_7t .glue_7 .vfp11_veneer .v4_bx)
 .glue_7        0x020131c0        0x0 linker stubs
 .glue_7t       0x020131c0        0x0 linker stubs
 .vfp11_veneer  0x020131c0        0x0 linker stubs
 .v4_bx         0x020131c0        0x0 linker stubs
 *(SORT_NONE(.fini))
 .fini          0x020131c0        0x4 /opt/devkitpro/devkitARM/bin/../lib/gcc/arm-none-eabi/14.2.0/thumb/crti.o
                0x020131c0                _fini
 .fini          0x020131c4        0x8 /opt/devkitpro/devkitARM/bin/../lib/gcc/arm-none-eabi/14.2.0/thumb/crtn.o
 *fill*         0x020131cc        0x4 ff
 .fini.__stub   0x020131d0       0x10 linker stubs
 EXCLUDE_FILE(*.twl.*) *(.rodata .rodata.* .gnu.linkonce.r.*)
 .rodata.main.str1.4
                0x020131e0      0x1c4 main.o
                                 0x37 (size before relaxing)
 .rodata.str1.4
                0x020133a4        0xf main.o
 .rodata.con_write.str1.4
                0x020133a4       0x30 /opt/devkitpro/libnds/lib/libnds9.a(console.o)
 .rodata.con_write
                0x020133a4       0xd4 /opt/devkitpro/libnds/lib/libnds9.a(console.o)
 .rodata.str1.4
                0x02013478       0x14 /opt/devkitpro/libnds/lib/libnds9.a(console.o)
 .rodata.dotab_stdout
                0x02013478       0x80 /opt/devkitpro/libnds/lib/libnds9.a(console.o)
 .rodata.TAN_LUT
                0x020134f8      0x204 /opt/devkitpro/libnds/lib/libnds9.a(trig.o)
                0x020134f8                TAN_LUT
 .rodata.SIN_LUT
                0x020136fc      0x102 /opt/devkitpro/libnds/lib/libnds9.a(trig.o)
                0x020136fc                SIN_LUT
 *fill*         0x020137fe        0x2 ff
 .rodata.default_font_bin
                0x02013800      0x800 /opt/devkitpro/libnds/lib/libnds9.a(default_font.bin.o)
                0x02013800                default_font_bin
                0x02014000                default_font_bin_end
 .rodata._svfprintf_r.str1.1
                0x02014000       0x3b /opt/devkitpro/devkitARM/bin/../lib/gcc/arm-none-eabi/14.2.0/../../../../arm-none-eabi/lib/thumb/libg.a(libc_a-svfprintf.o)
 *fill*         0x0201403b        0x1 ff
 .rodata.zeroes.0
                0x0201403c       0x10 /opt/devkitpro/devkitARM/bin/../lib/gcc/arm-none-eabi/14.2.0/../../../../arm-none-eabi/lib/thumb/libg.a(libc_a-svfprintf.o)
 .rodata.blanks.1
                0x0201404c       0x10 /opt/devkitpro/devkitARM/bin/../lib/gcc/arm-none-eabi/14.2.0/../../../../arm-none-eabi/lib/thumb/libg.a(libc_a-svfprintf.o)
 .rodata.__action_table
                0x0201405c       0x6c /opt/devkitpro/devkitARM/bin/../lib/gcc/arm-none-eabi/14.2.0/../../../../arm-none-eabi/lib/thumb/libg.a(libc_a-svfiprintf.o)
                0x0201405c                __action_table
 .rodata.__state_table
                0x020140c8       0x6c /opt/devkitpro/devkitARM/bin/../lib/gcc/arm-none-eabi/14.2.0/../../../../arm-none-eabi/lib/thumb/libg.a(libc_a-svfiprintf.o)
                0x020140c8                __state_table
 .rodata.__chclass
                0x02014134      0x100 /opt/devkitpro/devkitARM/bin/../lib/gcc/arm-none-eabi/14.2.0/../../../../arm-none-eabi/lib/thumb/libg.a(libc_a-svfiprintf.o)
                0x02014134                __chclass
 .rodata.str1.4
                0x02014234       0x4c /opt/devkitpro/devkitARM/bin/../lib/gcc/arm-none-eabi/14.2.0/../../../../arm-none-eabi/lib/thumb/libg.a(libc_a-locale.o)
 .rodata._vfiprintf_r.str1.1
                0x02014234       0x29 /opt/devkitpro/devkitARM/bin/../lib/gcc/arm-none-eabi/14.2.0/../../../../arm-none-eabi/lib/thumb/libg.a(libc_a-vfiprintf.o)
 .rodata.zeroes.0
                0x02014234       0x10 /opt/devkitpro/devkitARM/bin/../lib/gcc/arm-none-eabi/14.2.0/../../../../arm-none-eabi/lib/thumb/libg.a(libc_a-vfiprintf.o)
 .rodata.blanks.1
                0x02014244       0x10 /opt/devkitpro/devkitARM/bin/../lib/gcc/arm-none-eabi/14.2.0/../../../../arm-none-eabi/lib/thumb/libg.a(libc_a-vfiprintf.o)
 .rodata.basefix.0
                0x02014254       0x22 /opt/devkitpro/devkitARM/bin/../lib/gcc/arm-none-eabi/14.2.0/../../../../arm-none-eabi/lib/thumb/libg.a(libc_a-svfiscanf.o)
 .rodata._vfprintf_r.str1.1
                0x02014276       0x3b /opt/devkitpro/devkitARM/bin/../lib/gcc/arm-none-eabi/14.2.0/../../../../arm-none-eabi/lib/thumb/libg.a(libc_a-vfprintf.o)
 *fill*         0x02014276        0x2 ff
 .rodata.zeroes.0
                0x02014278       0x10 /opt/devkitpro/devkitARM/bin/../lib/gcc/arm-none-eabi/14.2.0/../../../../arm-none-eabi/lib/thumb/libg.a(libc_a-vfprintf.o)
 .rodata.blanks.1
                0x02014288       0x10 /opt/devkitpro/devkitARM/bin/../lib/gcc/arm-none-eabi/14.2.0/../../../../arm-none-eabi/lib/thumb/libg.a(libc_a-vfprintf.o)
 .rodata._dtoa_r.str1.4
                0x02014298       0x67 /opt/devkitpro/devkitARM/bin/../lib/gcc/arm-none-eabi/14.2.0/../../../../arm-none-eabi/lib/thumb/libg.a(libc_a-dtoa.o)
 .rodata._ctype_
                0x02014298      0x101 /opt/devkitpro/devkitARM/bin/../lib/gcc/arm-none-eabi/14.2.0/../../../../arm-none-eabi/lib/thumb/libg.a(libc_a-ctype_.o)
                0x02014298                _ctype_
 .rodata._mbrtowc_r.str1.4
                0x02014399        0x1 /opt/devkitpro/devkitARM/bin/../lib/gcc/arm-none-eabi/14.2.0/../../../../arm-none-eabi/lib/thumb/libg.a(libc_a-mbrtowc.o)
 .rodata.__assert_func.str1.4
                0x02014399       0x43 /opt/devkitpro/devkitARM/bin/../lib/gcc/arm-none-eabi/14.2.0/../../../../arm-none-eabi/lib/thumb/libg.a(libc_a-assert.o)
 .rodata.__multadd.str1.4
                0x02014399       0x54 /opt/devkitpro/devkitARM/bin/../lib/gcc/arm-none-eabi/14.2.0/../../../../arm-none-eabi/lib/thumb/libg.a(libc_a-mprec.o)
 *fill*         0x02014399        0x3 ff
 .rodata.p05.0  0x0201439c        0xc /opt/devkitpro/devkitARM/bin/../lib/gcc/arm-none-eabi/14.2.0/../../../../arm-none-eabi/lib/thumb/libg.a(libc_a-mprec.o)
 *fill*         0x020143a8        0x0 ff
 .rodata.__mprec_bigtens
                0x020143a8       0x28 /opt/devkitpro/devkitARM/bin/../lib/gcc/arm-none-eabi/14.2.0/../../../../arm-none-eabi/lib/thumb/libg.a(libc_a-mprec.o)
                0x020143a8                __mprec_bigtens
 .rodata.__mprec_tens
                0x020143d0       0xc8 /opt/devkitpro/devkitARM/bin/../lib/gcc/arm-none-eabi/14.2.0/../../../../arm-none-eabi/lib/thumb/libg.a(libc_a-mprec.o)
                0x020143d0                __mprec_tens
 .rodata.categories
                0x02014498     0x35dc /opt/devkitpro/devkitARM/bin/../lib/gcc/arm-none-eabi/14.2.0/../../../../arm-none-eabi/lib/thumb/libg.a(libc_a-categories.o)
 .rodata.AddDevice.str1.4
                0x02017a74        0x8 /opt/devkitpro/devkitARM/bin/../lib/gcc/arm-none-eabi/14.2.0/../../../../arm-none-eabi/lib/thumb/libsysbase.a(libsysbase_libsysbase_a-iosupport.o)
 .rodata.dotab_stdnull
                0x02017a74       0x80 /opt/devkitpro/devkitARM/bin/../lib/gcc/arm-none-eabi/14.2.0/../../../../arm-none-eabi/lib/thumb/libsysbase.a(libsysbase_libsysbase_a-iosupport.o)
                0x02017a74                dotab_stdnull
 EXCLUDE_FILE(*.twl.*) *(.rodata1)
                0x02017af4                        . = ALIGN (0x4)

.main.rw        0x02017af8     0x1970 load address 0x0201bb34
 EXCLUDE_FILE(*.twl.*) *(.data .data.* .gnu.linkonce.d.*)
 .data.cube_inds
                0x02017af8       0x24 main.o
                0x02017af8                cube_inds
 .data.cube_vert
                0x02017b1c      0x120 main.o
                0x02017b1c                cube_vert
 .data.platformName
                0x02017c3c        0x4 main.o
                0x02017c3c                platformName
 .data.isGameRunning
                0x02017c40        0x1 main.o
                0x02017c40                isGameRunning
 .data.firstConsoleInit.0
                0x02017c41        0x1 /opt/devkitpro/libnds/lib/libnds9.a(console.o)
 *fill*         0x02017c42        0x2 ff
 .data.currentConsole
                0x02017c44        0x4 /opt/devkitpro/libnds/lib/libnds9.a(console.o)
                0x02017c44                currentConsole
 .data.defaultConsole
                0x02017c48       0x5c /opt/devkitpro/libnds/lib/libnds9.a(console.o)
                0x02017c48                defaultConsole
 .data.bgTransform
                0x02017ca4       0x20 /opt/devkitpro/libnds/lib/libnds9.a(background.o)
                0x02017ca4                bgTransform
 .data.bgScrollTable
                0x02017cc4       0x20 /opt/devkitpro/libnds/lib/libnds9.a(background.o)
                0x02017cc4                bgScrollTable
 .data.bgControl
                0x02017ce4       0x20 /opt/devkitpro/libnds/lib/libnds9.a(background.o)
                0x02017ce4                bgControl
 .data.__malloc_sbrk_base
                0x02017d04        0x4 /opt/devkitpro/devkitARM/bin/../lib/gcc/arm-none-eabi/14.2.0/../../../../arm-none-eabi/lib/thumb/libg.a(libc_a-mallocr.o)
                0x02017d04                __malloc_sbrk_base
 .data.__malloc_trim_threshold
                0x02017d08        0x4 /opt/devkitpro/devkitARM/bin/../lib/gcc/arm-none-eabi/14.2.0/../../../../arm-none-eabi/lib/thumb/libg.a(libc_a-mallocr.o)
                0x02017d08                __malloc_trim_threshold
 *fill*         0x02017d0c        0x4 ff
 .data.__malloc_av_
                0x02017d10      0x408 /opt/devkitpro/devkitARM/bin/../lib/gcc/arm-none-eabi/14.2.0/../../../../arm-none-eabi/lib/thumb/libg.a(libc_a-mallocr.o)
                0x02017d10                __malloc_av_
 .data._impure_ptr
                0x02018118        0x4 /opt/devkitpro/devkitARM/bin/../lib/gcc/arm-none-eabi/14.2.0/../../../../arm-none-eabi/lib/thumb/libg.a(libc_a-impure.o)
                0x02018118                _impure_ptr
 *fill*         0x0201811c        0x4 ff
 .data._impure_data
                0x02018120      0x120 /opt/devkitpro/devkitARM/bin/../lib/gcc/arm-none-eabi/14.2.0/../../../../arm-none-eabi/lib/thumb/libg.a(libc_a-impure.o)
                0x02018120                _impure_data
 .data.__global_locale
                0x02018240      0x16c /opt/devkitpro/devkitARM/bin/../lib/gcc/arm-none-eabi/14.2.0/../../../../arm-none-eabi/lib/thumb/libg.a(libc_a-locale.o)
                0x02018240                __global_locale
 .data.__sglue  0x020183ac        0xc /opt/devkitpro/devkitARM/bin/../lib/gcc/arm-none-eabi/14.2.0/../../../../arm-none-eabi/lib/thumb/libg.a(libc_a-findfp.o)
                0x020183ac                __sglue
 .data.handles  0x020183b8     0x1000 /opt/devkitpro/devkitARM/bin/../lib/gcc/arm-none-eabi/14.2.0/../../../../arm-none-eabi/lib/thumb/libsysbase.a(libsysbase_libsysbase_a-handle_manager.o)
 .data.__stderr_handle
                0x020193b8        0xc /opt/devkitpro/devkitARM/bin/../lib/gcc/arm-none-eabi/14.2.0/../../../../arm-none-eabi/lib/thumb/libsysbase.a(libsysbase_libsysbase_a-handle_manager.o)
 .data.__stdout_handle
                0x020193c4        0xc /opt/devkitpro/devkitARM/bin/../lib/gcc/arm-none-eabi/14.2.0/../../../../arm-none-eabi/lib/thumb/libsysbase.a(libsysbase_libsysbase_a-handle_manager.o)
 .data.__stdin_handle
                0x020193d0        0xc /opt/devkitpro/devkitARM/bin/../lib/gcc/arm-none-eabi/14.2.0/../../../../arm-none-eabi/lib/thumb/libsysbase.a(libsysbase_libsysbase_a-handle_manager.o)
 .data.devoptab_list
                0x020193dc       0x8c /opt/devkitpro/devkitARM/bin/../lib/gcc/arm-none-eabi/14.2.0/../../../../arm-none-eabi/lib/thumb/libsysbase.a(libsysbase_libsysbase_a-iosupport.o)
                0x020193dc                devoptab_list
 EXCLUDE_FILE(*.twl.*) *(.data1)
 EXCLUDE_FILE(*.twl.*) *(.igot.plt)
 .igot.plt      0x02019468        0x0 /opt/devkitpro/devkitARM/bin/../lib/gcc/arm-none-eabi/14.2.0/thumb/crtbegin.o
                0x02019468                        . = ALIGN (0x4)

.ARM.extab
 *(.ARM.extab* .gnu.linkonce.armextab.*)

.ARM.exidx      0x02019468        0x0 load address 0x0201d4a4
 *(.ARM.exidx* .gnu.linkonce.armexidx.*)
                [!provide]                        PROVIDE (__exidx_start = ADDR (.ARM.exidx))
                [!provide]                        PROVIDE (__exidx_end = (ADDR (.ARM.exidx) + SIZEOF (.ARM.exidx)))

.eh_frame_hdr
 *(.eh_frame_hdr)
 *(.eh_frame_entry .eh_frame_entry.*)

.eh_frame       0x02019468        0x4 load address 0x0201d4a4
 *(.eh_frame)
 .eh_frame      0x02019468        0x0 /opt/devkitpro/devkitARM/bin/../lib/gcc/arm-none-eabi/14.2.0/thumb/crtbegin.o
 .eh_frame      0x02019468        0x4 /opt/devkitpro/devkitARM/bin/../lib/gcc/arm-none-eabi/14.2.0/thumb/crtend.o
 *(.eh_frame.*)

.gcc_except_table
 *(.gcc_except_table .gcc_except_table.*)

.gnu_extab
 *(.gnu_extab*)

.tinfo          0x0201946c        0xc load address 0x0201d4a8
                0x0201946c        0x4 LONG 0x2019480 __tls_start
                0x02019470        0x4 LONG 0x0 SIZEOF (.main.tls)
                0x02019474        0x4 LONG 0x0 SIZEOF (.tdata)
                0x0201946c                        PROVIDE (__tls_info = ADDR (.tinfo))

.preinit_array  0x02019478        0x0 load address 0x0201d4b4
                0x02019478                        PROVIDE (__preinit_array_start = .)
 *(.preinit_array)
                0x02019478                        PROVIDE (__preinit_array_end = .)

.init_array     0x02019478        0x4 load address 0x0201d4b4
                0x02019478                        PROVIDE (__init_array_start = .)
 *(SORT_BY_INIT_PRIORITY(.init_array.*) SORT_BY_INIT_PRIORITY(.ctors.*))
 *(.init_array .ctors)
 .init_array    0x02019478        0x4 /opt/devkitpro/devkitARM/bin/../lib/gcc/arm-none-eabi/14.2.0/thumb/crtbegin.o
                0x0201947c                        PROVIDE (__init_array_end = .)

.fini_array     0x0201947c        0x4 load address 0x0201d4b8
                0x0201947c                        PROVIDE (__fini_array_start = .)
 *(SORT_BY_INIT_PRIORITY(.fini_array.*) SORT_BY_INIT_PRIORITY(.dtors.*))
 *(.fini_array .dtors)
 .fini_array    0x0201947c        0x4 /opt/devkitpro/devkitARM/bin/../lib/gcc/arm-none-eabi/14.2.0/thumb/crtbegin.o
                0x02019480                        PROVIDE (__fini_array_end = .)
                [!provide]                        PROVIDE (__main_lma = LOADADDR (.main))
                0x02001360                        PROVIDE (__main_start = ADDR (.main))
                0x02019480                        PROVIDE (__main_end = (ADDR (.fini_array) + SIZEOF (.fini_array)))

.tdata          0x00000000        0x0 load address 0x0201d4bc
 *(.tdata .tdata.* .gnu.linkonce.td.*)
                0x00000000                        . = ALIGN (0x4)

.tbss           0x00000000        0x0 load address 0x0201d4bc
 *(.tbss .tbss.* .gnu.linkonce.tb.*)
 *(.tcommon)
                0x00000000                        . = ALIGN (0x4)
                0x00000001                        ASSERT (((ALIGNOF (.tdata) <= 0x8) || (ALIGNOF (.tbss) <= 0x8)), Error: TLS is overaligned (up to 8-byte alignment is supported))
                0x00000001                        ASSERT (((ADDR (.tbss) + SIZEOF (.tbss)) <= (ORIGIN (tls) + LENGTH (tls))), Error: TLS section too large)

.main.tls       0x02019480        0x0
                0x02019480                        . = (. + ((ADDR (.tbss) + SIZEOF (.tbss)) - ADDR (.tdata)))
                [!provide]                        PROVIDE (__tls_lma = LOADADDR (.tdata))
                0x02019480                        PROVIDE (__tls_start = ADDR (.main.tls))
                0x02019480                        PROVIDE (__tls_end = (ADDR (.main.tls) + SIZEOF (.tdata)))

.main.bss       0x02019480      0x93c
 EXCLUDE_FILE(*.twl.*) *(.dynbss)
 EXCLUDE_FILE(*.twl.*) *(.bss .bss.* .gnu.linkonce.b.*)
 .bss.completed.1
                0x02019480        0x1 /opt/devkitpro/devkitARM/bin/../lib/gcc/arm-none-eabi/14.2.0/thumb/crtbegin.o
 *fill*         0x02019481        0x3 
 .bss.object.0  0x02019484       0x18 /opt/devkitpro/devkitARM/bin/../lib/gcc/arm-none-eabi/14.2.0/thumb/crtbegin.o
 .bss.test      0x0201949c        0x4 main.o
                0x0201949c                test
 .bss.deltaTime
                0x020194a0        0x4 main.o
                0x020194a0                deltaTime
 *fill*         0x020194a4        0x4 
 .bss.previousTime
                0x020194a8        0x8 main.o
                0x020194a8                previousTime
 .bss.isDebgRunning
                0x020194b0        0x1 main.o
                0x020194b0                isDebgRunning
 *fill*         0x020194b1        0x3 
 .bss.currentCopy
                0x020194b4       0x5c /opt/devkitpro/libnds/lib/libnds9.a(console.o)
                0x020194b4                currentCopy
 .bss.glCurClearColor
                0x02019510        0x4 /opt/devkitpro/libnds/lib/libnds9.a(videoGL_base.o)
                0x02019510                glCurClearColor
 .bss.tickRef   0x02019514        0x4 /opt/devkitpro/libnds/lib/libnds9.a(timers.o)
 .bss.bgIsTextLut
                0x02019518        0x8 /opt/devkitpro/libnds/lib/libnds9.a(background.o)
                0x02019518                bgIsTextLut
 .bss.bgState   0x02019520      0x140 /opt/devkitpro/libnds/lib/libnds9.a(background.o)
                0x02019520                bgState
 .bss.s_firstTask
                0x02019660        0x4 /opt/devkitpro/calico/lib/libcalico_ds9.a(tick.o)
 *fill*         0x02019664        0x4 
 .bss.s_highTickCount
                0x02019668        0x8 /opt/devkitpro/calico/lib/libcalico_ds9.a(tick.o)
 .bss.s_tickInit
                0x02019670        0x1 /opt/devkitpro/calico/lib/libcalico_ds9.a(tick.o)
 *fill*         0x02019671        0x3 
 .bss.s_sleepThreads
                0x02019674        0x8 /opt/devkitpro/calico/lib/libcalico_ds9.a(thread_cold.o)
 .bss.s_joinThreads
                0x0201967c        0x8 /opt/devkitpro/calico/lib/libcalico_ds9.a(thread_cold.o)
 .bss.s_idleThread
                0x02019684       0x70 /opt/devkitpro/calico/lib/libcalico_ds9.a(thread_cold.o)
 .bss.s_mainThread
                0x020196f4       0x70 /opt/devkitpro/calico/lib/libcalico_ds9.a(thread_cold.o)
 .bss.s_defaultErrno.0
                0x02019764        0x4 /opt/devkitpro/calico/lib/libcalico_ds9.a(newlib_syscalls.o)
 .bss.g_isTwlMode
                0x02019768        0x1 /opt/devkitpro/calico/lib/libcalico_ds9.a(startup.crt0.o)
                0x02019768                g_isTwlMode
 *fill*         0x02019769        0x3 
 .bss.s_pxiChannels
                0x0201976c      0x1f0 /opt/devkitpro/calico/lib/libcalico_ds9.a(pxi.o)
 .bss.s_pxiRecvState
                0x0201995c        0x4 /opt/devkitpro/calico/lib/libcalico_ds9.a(pxi.o)
 .bss.s_pxiRecvQueue
                0x02019960        0x8 /opt/devkitpro/calico/lib/libcalico_ds9.a(pxi.o)
 .bss.s_pxiSendMutex
                0x02019968        0x4 /opt/devkitpro/calico/lib/libcalico_ds9.a(pxi.o)
 .bss.s_mailboxRecvQueue
                0x0201996c        0x8 /opt/devkitpro/calico/lib/libcalico_ds9.a(mailbox.o)
 *fill*         0x02019974        0x4 
 .bss.s_pmPxiThreadStack
                0x02019978      0x200 /opt/devkitpro/calico/lib/libcalico_ds9.a(pm.o)
 .bss.s_pmPxiThread
                0x02019b78       0x70 /opt/devkitpro/calico/lib/libcalico_ds9.a(pm.o)
 .bss.s_pmState
                0x02019be8        0x8 /opt/devkitpro/calico/lib/libcalico_ds9.a(pm.o)
 .bss.__malloc_current_mallinfo
                0x02019bf0       0x28 /opt/devkitpro/devkitARM/bin/../lib/gcc/arm-none-eabi/14.2.0/../../../../arm-none-eabi/lib/thumb/libg.a(libc_a-mallocr.o)
                0x02019bf0                __malloc_current_mallinfo
 .bss.__malloc_max_total_mem
                0x02019c18        0x4 /opt/devkitpro/devkitARM/bin/../lib/gcc/arm-none-eabi/14.2.0/../../../../arm-none-eabi/lib/thumb/libg.a(libc_a-mallocr.o)
                0x02019c18                __malloc_max_total_mem
 .bss.__malloc_max_sbrked_mem
                0x02019c1c        0x4 /opt/devkitpro/devkitARM/bin/../lib/gcc/arm-none-eabi/14.2.0/../../../../arm-none-eabi/lib/thumb/libg.a(libc_a-mallocr.o)
                0x02019c1c                __malloc_max_sbrked_mem
 .bss.__malloc_top_pad
                0x02019c20        0x4 /opt/devkitpro/devkitARM/bin/../lib/gcc/arm-none-eabi/14.2.0/../../../../arm-none-eabi/lib/thumb/libg.a(libc_a-mallocr.o)
                0x02019c20                __malloc_top_pad
 .bss.__malloc_recursive_mutex
                0x02019c24        0xc /opt/devkitpro/devkitARM/bin/../lib/gcc/arm-none-eabi/14.2.0/../../../../arm-none-eabi/lib/thumb/libg.a(libc_a-mlock.o)
 .bss.__sfp_recursive_mutex
                0x02019c30        0xc /opt/devkitpro/devkitARM/bin/../lib/gcc/arm-none-eabi/14.2.0/../../../../arm-none-eabi/lib/thumb/libg.a(libc_a-findfp.o)
 *fill*         0x02019c3c        0x4 
 .bss.__sf      0x02019c40      0x168 /opt/devkitpro/devkitARM/bin/../lib/gcc/arm-none-eabi/14.2.0/../../../../arm-none-eabi/lib/thumb/libg.a(libc_a-findfp.o)
                0x02019c40                __sf
 .bss.__stdio_exit_handler
                0x02019da8        0x4 /opt/devkitpro/devkitARM/bin/../lib/gcc/arm-none-eabi/14.2.0/../../../../arm-none-eabi/lib/thumb/libg.a(libc_a-findfp.o)
                0x02019da8                __stdio_exit_handler
 .bss.__hndl_lock
                0x02019dac        0x4 /opt/devkitpro/devkitARM/bin/../lib/gcc/arm-none-eabi/14.2.0/../../../../arm-none-eabi/lib/thumb/libsysbase.a(libsysbase_libsysbase_a-handle_manager.o)
 .bss.fake_heap_start
                0x02019db0        0x4 /opt/devkitpro/devkitARM/bin/../lib/gcc/arm-none-eabi/14.2.0/../../../../arm-none-eabi/lib/thumb/libsysbase.a(libsysbase_libsysbase_a-malloc_vars.o)
                0x02019db0                fake_heap_start
 .bss.fake_heap_end
                0x02019db4        0x4 /opt/devkitpro/devkitARM/bin/../lib/gcc/arm-none-eabi/14.2.0/../../../../arm-none-eabi/lib/thumb/libsysbase.a(libsysbase_libsysbase_a-malloc_vars.o)
                0x02019db4                fake_heap_end
 .bss.heap_start.0
                0x02019db8        0x4 /opt/devkitpro/devkitARM/bin/../lib/gcc/arm-none-eabi/14.2.0/../../../../arm-none-eabi/lib/thumb/libsysbase.a(libsysbase_libsysbase_a-sbrk.o)
 EXCLUDE_FILE(*.twl.*) *(COMMON)
                0x02019dbc                        . = ALIGN (0x4)
                [!provide]                        PROVIDE (__main_bss_start = ADDR (.main.bss))
                0x02019dbc                        PROVIDE (__main_bss_end = (ADDR (.main.bss) + SIZEOF (.main.bss)))
                0x02019dbc                        . = .
                0x02019dbc                        PROVIDE (__heap_start_ntr = .)
                0x00000001                        ASSERT ((. <= 0x2380000), Error: DS-mode sections overflow DS ARM9 memory size (3.5 MB))

.twl            0x02019dc0        0x0 load address 0x02400000
 *(.twl .twl.*)
 *.twl.*(.text .stub .text.* .gnu.linkonce.t.*)
 *.twl.*(.glue_7t .glue_7 .vfp11_veneer .v4_bx)
 *.twl.*(.rodata .rodata.* .gnu.linkonce.r.*)
 *.twl.*(.rodata1)
                0x02019dc0                        . = ALIGN (0x4)

.twl.rw         0x02019dc0        0x0 load address 0x02400000
 *.twl.*(.data .data.* .gnu.linkonce.d.*)
 *.twl.*(.data1)
                0x02019dc0                        . = ALIGN (0x4)
                0x02400000                        PROVIDE (__twl_lma = LOADADDR (.twl))
                0x02019dc0                        PROVIDE (__twl_start = ADDR (.twl))
                0x02019dc0                        PROVIDE (__twl_end = (ADDR (.twl.rw) + SIZEOF (.twl.rw)))

.twl.bss        0x02019dc0        0x0 load address 0x02400000
 *(.twl_bss .twl_bss.*)
 *.twl.*(.dynbss)
 *.twl.*(.bss .bss.* .gnu.linkonce.b.*)
 *.twl.*(COMMON)
                0x02019dc0                        . = ALIGN (0x4)
                [!provide]                        PROVIDE (__twl_bss_start = ADDR (.twl.bss))
                0x02019dc0                        PROVIDE (__twl_bss_end = (ADDR (.twl.bss) + SIZEOF (.twl.bss)))
                0x02019dc0                        . = .
                0x02019dc0                        PROVIDE (__heap_start_twl = .)

.loadlist       0x0e000990       0x30 load address 0x0201d4bc
                0x0e000990        0x4 LONG 0x1ff8000 __itcm_start
                0x0e000994        0x4 LONG 0x1ff86ac __itcm_end
                0x0e000998        0x4 LONG 0x1ff86ac __itcm_end
                0x0e00099c        0x4 LONG 0x2ff0000 __dtcm_start
                0x0e0009a0        0x4 LONG 0x2ff0000 __dtcm_end
                0x0e0009a4        0x4 LONG 0x2ff0098 __dtcm_bss_end
                0x0e0009a8        0x4 LONG 0x2001360 __main_start
                0x0e0009ac        0x4 LONG 0x2019480 __main_end
                0x0e0009b0        0x4 LONG 0x2019480 __main_end
                0x0e0009b4        0x4 LONG 0x2019480 __tls_start
                0x0e0009b8        0x4 LONG 0x2019480 __tls_end
                0x0e0009bc        0x4 LONG 0x2019dbc __main_bss_end
                0x02004cf0                        PROVIDE (__loadlist_lma = __itcm_lma)
                0x0201d4bc                        PROVIDE (__loadlist_start = LOADADDR (.loadlist))
                0x0201d4ec                        PROVIDE (__loadlist_end = (LOADADDR (.loadlist) + SIZEOF (.loadlist)))

.twl.loadlist   0x0e0009c0        0xc load address 0x02400000
                0x0e0009c0        0x4 LONG 0x2019dc0 __twl_start
                0x0e0009c4        0x4 LONG 0x2019dc0 __twl_end
                0x0e0009c8        0x4 LONG 0x2019dc0 __twl_bss_end
                0x02400000                        PROVIDE (__twl_loadlist_lma = __twl_lma)
                0x02400000                        PROVIDE (__twl_loadlist_start = LOADADDR (.twl.loadlist))
                0x0240000c                        PROVIDE (__twl_loadlist_end = (LOADADDR (.twl.loadlist) + SIZEOF (.twl.loadlist)))

.rel.dyn        0x0e0009cc        0x0 load address 0x0240000c
 .rel.iplt      0x0e0009cc        0x0 /opt/devkitpro/devkitARM/bin/../lib/gcc/arm-none-eabi/14.2.0/thumb/crtbegin.o

.stab
 *(.stab)

.stabstr
 *(.stabstr)

.stab.excl
 *(.stab.excl)

.stab.exclstr
 *(.stab.exclstr)

.stab.index
 *(.stab.index)

.stab.indexstr
 *(.stab.indexstr)

.comment        0x00000000       0x23
 *(.comment)
 .comment       0x00000000       0x23 /opt/devkitpro/devkitARM/bin/../lib/gcc/arm-none-eabi/14.2.0/thumb/crtbegin.o
                                 0x24 (size before relaxing)
 .comment       0x00000023       0x24 main.o
 .comment       0x00000023       0x24 /opt/devkitpro/libnds/lib/libnds9.a(console.o)
 .comment       0x00000023       0x24 /opt/devkitpro/libnds/lib/libnds9.a(trig.o)
 .comment       0x00000023       0x24 /opt/devkitpro/libnds/lib/libnds9.a(videoGL_base.o)
 .comment       0x00000023       0x24 /opt/devkitpro/libnds/lib/libnds9.a(timers.o)
 .comment       0x00000023       0x24 /opt/devkitpro/libnds/lib/libnds9.a(background.o)
 .comment       0x00000023       0x24 /opt/devkitpro/libnds/lib/libnds9.a(system.o)
 .comment       0x00000023       0x24 /opt/devkitpro/calico/lib/libcalico_ds9.a(irq.o)
 .comment       0x00000023       0x24 /opt/devkitpro/calico/lib/libcalico_ds9.a(tick.o)
 .comment       0x00000023       0x24 /opt/devkitpro/calico/lib/libcalico_ds9.a(thread_cold.o)
 .comment       0x00000023       0x24 /opt/devkitpro/calico/lib/libcalico_ds9.a(thread_hot.32.o)
 .comment       0x00000023       0x24 /opt/devkitpro/calico/lib/libcalico_ds9.a(arm-shims.32.o)
 .comment       0x00000023       0x24 /opt/devkitpro/calico/lib/libcalico_ds9.a(newlib_syscalls.o)
 .comment       0x00000023       0x24 /opt/devkitpro/calico/lib/libcalico_ds9.a(startup.crt0.o)
 .comment       0x00000023       0x24 /opt/devkitpro/calico/lib/libcalico_ds9.a(pxi.o)
 .comment       0x00000023       0x24 /opt/devkitpro/calico/lib/libcalico_ds9.a(sys_startup.o)
 .comment       0x00000023       0x24 /opt/devkitpro/calico/lib/libcalico_ds9.a(mutex.o)
 .comment       0x00000023       0x24 /opt/devkitpro/calico/lib/libcalico_ds9.a(mailbox.o)
 .comment       0x00000023       0x24 /opt/devkitpro/calico/lib/libcalico_ds9.a(pm.o)
 .comment       0x00000023       0x24 /opt/devkitpro/devkitARM/bin/../lib/gcc/arm-none-eabi/14.2.0/thumb/libgcc.a(_muldi3.o)
 .comment       0x00000023       0x24 /opt/devkitpro/devkitARM/bin/../lib/gcc/arm-none-eabi/14.2.0/thumb/libgcc.a(_udivmoddi4.o)
 .comment       0x00000023       0x24 /opt/devkitpro/devkitARM/bin/../lib/gcc/arm-none-eabi/14.2.0/../../../../arm-none-eabi/lib/thumb/libg.a(libc_a-sprintf.o)
 .comment       0x00000023       0x24 /opt/devkitpro/devkitARM/bin/../lib/gcc/arm-none-eabi/14.2.0/../../../../arm-none-eabi/lib/thumb/libg.a(libc_a-siscanf.o)
 .comment       0x00000023       0x24 /opt/devkitpro/devkitARM/bin/../lib/gcc/arm-none-eabi/14.2.0/../../../../arm-none-eabi/lib/thumb/libg.a(libc_a-stdio.o)
 .comment       0x00000023       0x24 /opt/devkitpro/devkitARM/bin/../lib/gcc/arm-none-eabi/14.2.0/../../../../arm-none-eabi/lib/thumb/libg.a(libc_a-mallocr.o)
 .comment       0x00000023       0x24 /opt/devkitpro/devkitARM/bin/../lib/gcc/arm-none-eabi/14.2.0/../../../../arm-none-eabi/lib/thumb/libg.a(libc_a-freer.o)
 .comment       0x00000023       0x24 /opt/devkitpro/devkitARM/bin/../lib/gcc/arm-none-eabi/14.2.0/../../../../arm-none-eabi/lib/thumb/libg.a(libc_a-svfprintf.o)
 .comment       0x00000023       0x24 /opt/devkitpro/devkitARM/bin/../lib/gcc/arm-none-eabi/14.2.0/../../../../arm-none-eabi/lib/thumb/libg.a(libc_a-setvbuf.o)
 .comment       0x00000023       0x24 /opt/devkitpro/devkitARM/bin/../lib/gcc/arm-none-eabi/14.2.0/../../../../arm-none-eabi/lib/thumb/libg.a(libc_a-malloc.o)
 .comment       0x00000023       0x24 /opt/devkitpro/devkitARM/bin/../lib/gcc/arm-none-eabi/14.2.0/../../../../arm-none-eabi/lib/thumb/libg.a(libc_a-memcpy-stub.o)
 .comment       0x00000023       0x24 /opt/devkitpro/devkitARM/bin/../lib/gcc/arm-none-eabi/14.2.0/../../../../arm-none-eabi/lib/thumb/libg.a(libc_a-printf.o)
 .comment       0x00000023       0x24 /opt/devkitpro/devkitARM/bin/../lib/gcc/arm-none-eabi/14.2.0/../../../../arm-none-eabi/lib/thumb/libg.a(libc_a-memset.o)
 .comment       0x00000023       0x24 /opt/devkitpro/devkitARM/bin/../lib/gcc/arm-none-eabi/14.2.0/../../../../arm-none-eabi/lib/thumb/libg.a(libc_a-mlock.o)
 .comment       0x00000023       0x24 /opt/devkitpro/devkitARM/bin/../lib/gcc/arm-none-eabi/14.2.0/../../../../arm-none-eabi/lib/thumb/libg.a(libc_a-exit.o)
 .comment       0x00000023       0x24 /opt/devkitpro/devkitARM/bin/../lib/gcc/arm-none-eabi/14.2.0/../../../../arm-none-eabi/lib/thumb/libg.a(libc_a-strncpy.o)
 .comment       0x00000023       0x24 /opt/devkitpro/devkitARM/bin/../lib/gcc/arm-none-eabi/14.2.0/../../../../arm-none-eabi/lib/thumb/libg.a(libc_a-wcsrtombs.o)
 .comment       0x00000023       0x24 /opt/devkitpro/devkitARM/bin/../lib/gcc/arm-none-eabi/14.2.0/../../../../arm-none-eabi/lib/thumb/libg.a(libc_a-svfiprintf.o)
 .comment       0x00000023       0x24 /opt/devkitpro/devkitARM/bin/../lib/gcc/arm-none-eabi/14.2.0/../../../../arm-none-eabi/lib/thumb/libg.a(libc_a-init.o)
 .comment       0x00000023       0x24 /opt/devkitpro/devkitARM/bin/../lib/gcc/arm-none-eabi/14.2.0/../../../../arm-none-eabi/lib/thumb/libg.a(libc_a-fflush.o)
 .comment       0x00000023       0x24 /opt/devkitpro/devkitARM/bin/../lib/gcc/arm-none-eabi/14.2.0/../../../../arm-none-eabi/lib/thumb/libg.a(libm_a-s_frexp.o)
 .comment       0x00000023       0x24 /opt/devkitpro/devkitARM/bin/../lib/gcc/arm-none-eabi/14.2.0/../../../../arm-none-eabi/lib/thumb/libg.a(libc_a-strlen-stub.o)
 .comment       0x00000023       0x24 /opt/devkitpro/devkitARM/bin/../lib/gcc/arm-none-eabi/14.2.0/../../../../arm-none-eabi/lib/thumb/libg.a(libc_a-impure.o)
 .comment       0x00000023       0x24 /opt/devkitpro/devkitARM/bin/../lib/gcc/arm-none-eabi/14.2.0/../../../../arm-none-eabi/lib/thumb/libg.a(libc_a-locale.o)
 .comment       0x00000023       0x24 /opt/devkitpro/devkitARM/bin/../lib/gcc/arm-none-eabi/14.2.0/../../../../arm-none-eabi/lib/thumb/libg.a(libc_a-ssprint_r.o)
 .comment       0x00000023       0x24 /opt/devkitpro/devkitARM/bin/../lib/gcc/arm-none-eabi/14.2.0/../../../../arm-none-eabi/lib/thumb/libg.a(libc_a-vfiprintf.o)
 .comment       0x00000023       0x24 /opt/devkitpro/devkitARM/bin/../lib/gcc/arm-none-eabi/14.2.0/../../../../arm-none-eabi/lib/thumb/libg.a(libc_a-malignr.o)
 .comment       0x00000023       0x24 /opt/devkitpro/devkitARM/bin/../lib/gcc/arm-none-eabi/14.2.0/../../../../arm-none-eabi/lib/thumb/libg.a(libc_a-memchr-stub.o)
 .comment       0x00000023       0x24 /opt/devkitpro/devkitARM/bin/../lib/gcc/arm-none-eabi/14.2.0/../../../../arm-none-eabi/lib/thumb/libg.a(libc_a-wcsnrtombs.o)
 .comment       0x00000023       0x24 /opt/devkitpro/devkitARM/bin/../lib/gcc/arm-none-eabi/14.2.0/../../../../arm-none-eabi/lib/thumb/libg.a(libc_a-svfiscanf.o)
 .comment       0x00000023       0x24 /opt/devkitpro/devkitARM/bin/../lib/gcc/arm-none-eabi/14.2.0/../../../../arm-none-eabi/lib/thumb/libg.a(libc_a-strtoul.o)
 .comment       0x00000023       0x24 /opt/devkitpro/devkitARM/bin/../lib/gcc/arm-none-eabi/14.2.0/../../../../arm-none-eabi/lib/thumb/libg.a(libc_a-mbtowc_r.o)
 .comment       0x00000023       0x24 /opt/devkitpro/devkitARM/bin/../lib/gcc/arm-none-eabi/14.2.0/../../../../arm-none-eabi/lib/thumb/libg.a(libc_a-fini.o)
 .comment       0x00000023       0x24 /opt/devkitpro/devkitARM/bin/../lib/gcc/arm-none-eabi/14.2.0/../../../../arm-none-eabi/lib/thumb/libg.a(libc_a-sprint_r.o)
 .comment       0x00000023       0x24 /opt/devkitpro/devkitARM/bin/../lib/gcc/arm-none-eabi/14.2.0/../../../../arm-none-eabi/lib/thumb/libg.a(libc_a-iswspace.o)
 .comment       0x00000023       0x24 /opt/devkitpro/devkitARM/bin/../lib/gcc/arm-none-eabi/14.2.0/../../../../arm-none-eabi/lib/thumb/libg.a(libc_a-sccl.o)
 .comment       0x00000023       0x24 /opt/devkitpro/devkitARM/bin/../lib/gcc/arm-none-eabi/14.2.0/../../../../arm-none-eabi/lib/thumb/libg.a(libc_a-localeconv.o)
 .comment       0x00000023       0x24 /opt/devkitpro/devkitARM/bin/../lib/gcc/arm-none-eabi/14.2.0/../../../../arm-none-eabi/lib/thumb/libg.a(libc_a-vfprintf.o)
 .comment       0x00000023       0x24 /opt/devkitpro/devkitARM/bin/../lib/gcc/arm-none-eabi/14.2.0/../../../../arm-none-eabi/lib/thumb/libg.a(libc_a-makebuf.o)
 .comment       0x00000023       0x24 /opt/devkitpro/devkitARM/bin/../lib/gcc/arm-none-eabi/14.2.0/../../../../arm-none-eabi/lib/thumb/libg.a(libc_a-realloc.o)
 .comment       0x00000023       0x24 /opt/devkitpro/devkitARM/bin/../lib/gcc/arm-none-eabi/14.2.0/../../../../arm-none-eabi/lib/thumb/libg.a(libc_a-findfp.o)
 .comment       0x00000023       0x24 /opt/devkitpro/devkitARM/bin/../lib/gcc/arm-none-eabi/14.2.0/../../../../arm-none-eabi/lib/thumb/libg.a(libc_a-dtoa.o)
 .comment       0x00000023       0x24 /opt/devkitpro/devkitARM/bin/../lib/gcc/arm-none-eabi/14.2.0/../../../../arm-none-eabi/lib/thumb/libg.a(libc_a-wcrtomb.o)
 .comment       0x00000023       0x24 /opt/devkitpro/devkitARM/bin/../lib/gcc/arm-none-eabi/14.2.0/../../../../arm-none-eabi/lib/thumb/libg.a(libc_a-strtol.o)
 .comment       0x00000023       0x24 /opt/devkitpro/devkitARM/bin/../lib/gcc/arm-none-eabi/14.2.0/../../../../arm-none-eabi/lib/thumb/libg.a(libc_a-ctype_.o)
 .comment       0x00000023       0x24 /opt/devkitpro/devkitARM/bin/../lib/gcc/arm-none-eabi/14.2.0/../../../../arm-none-eabi/lib/thumb/libg.a(libc_a-reallocr.o)
 .comment       0x00000023       0x24 /opt/devkitpro/devkitARM/bin/../lib/gcc/arm-none-eabi/14.2.0/../../../../arm-none-eabi/lib/thumb/libg.a(libc_a-ssputs_r.o)
 .comment       0x00000023       0x24 /opt/devkitpro/devkitARM/bin/../lib/gcc/arm-none-eabi/14.2.0/../../../../arm-none-eabi/lib/thumb/libg.a(libc_a-fwalk.o)
 .comment       0x00000023       0x24 /opt/devkitpro/devkitARM/bin/../lib/gcc/arm-none-eabi/14.2.0/../../../../arm-none-eabi/lib/thumb/libg.a(libc_a-wctomb_r.o)
 .comment       0x00000023       0x24 /opt/devkitpro/devkitARM/bin/../lib/gcc/arm-none-eabi/14.2.0/../../../../arm-none-eabi/lib/thumb/libg.a(libc_a-strtoull.o)
 .comment       0x00000023       0x24 /opt/devkitpro/devkitARM/bin/../lib/gcc/arm-none-eabi/14.2.0/../../../../arm-none-eabi/lib/thumb/libg.a(libc_a-mbrtowc.o)
 .comment       0x00000023       0x24 /opt/devkitpro/devkitARM/bin/../lib/gcc/arm-none-eabi/14.2.0/../../../../arm-none-eabi/lib/thumb/libg.a(libc_a-wsetup.o)
 .comment       0x00000023       0x24 /opt/devkitpro/devkitARM/bin/../lib/gcc/arm-none-eabi/14.2.0/../../../../arm-none-eabi/lib/thumb/libg.a(libc_a-ungetc.o)
 .comment       0x00000023       0x24 /opt/devkitpro/devkitARM/bin/../lib/gcc/arm-none-eabi/14.2.0/../../../../arm-none-eabi/lib/thumb/libg.a(libc_a-memmove.o)
 .comment       0x00000023       0x24 /opt/devkitpro/devkitARM/bin/../lib/gcc/arm-none-eabi/14.2.0/../../../../arm-none-eabi/lib/thumb/libg.a(libc_a-assert.o)
 .comment       0x00000023       0x24 /opt/devkitpro/devkitARM/bin/../lib/gcc/arm-none-eabi/14.2.0/../../../../arm-none-eabi/lib/thumb/libg.a(libc_a-iswspace_l.o)
 .comment       0x00000023       0x24 /opt/devkitpro/devkitARM/bin/../lib/gcc/arm-none-eabi/14.2.0/../../../../arm-none-eabi/lib/thumb/libg.a(libc_a-mprec.o)
 .comment       0x00000023       0x24 /opt/devkitpro/devkitARM/bin/../lib/gcc/arm-none-eabi/14.2.0/../../../../arm-none-eabi/lib/thumb/libg.a(libc_a-fvwrite.o)
 .comment       0x00000023       0x24 /opt/devkitpro/devkitARM/bin/../lib/gcc/arm-none-eabi/14.2.0/../../../../arm-none-eabi/lib/thumb/libg.a(libc_a-strtoll.o)
 .comment       0x00000023       0x24 /opt/devkitpro/devkitARM/bin/../lib/gcc/arm-none-eabi/14.2.0/../../../../arm-none-eabi/lib/thumb/libg.a(libc_a-fiprintf.o)
 .comment       0x00000023       0x24 /opt/devkitpro/devkitARM/bin/../lib/gcc/arm-none-eabi/14.2.0/../../../../arm-none-eabi/lib/thumb/libg.a(libc_a-abort.o)
 .comment       0x00000023       0x24 /opt/devkitpro/devkitARM/bin/../lib/gcc/arm-none-eabi/14.2.0/../../../../arm-none-eabi/lib/thumb/libg.a(libc_a-fclose.o)
 .comment       0x00000023       0x24 /opt/devkitpro/devkitARM/bin/../lib/gcc/arm-none-eabi/14.2.0/../../../../arm-none-eabi/lib/thumb/libg.a(libc_a-callocr.o)
 .comment       0x00000023       0x24 /opt/devkitpro/devkitARM/bin/../lib/gcc/arm-none-eabi/14.2.0/../../../../arm-none-eabi/lib/thumb/libg.a(libc_a-categories.o)
 .comment       0x00000023       0x24 /opt/devkitpro/devkitARM/bin/../lib/gcc/arm-none-eabi/14.2.0/../../../../arm-none-eabi/lib/thumb/libg.a(libc_a-signal.o)
 .comment       0x00000023       0x24 /opt/devkitpro/devkitARM/bin/../lib/gcc/arm-none-eabi/14.2.0/../../../../arm-none-eabi/lib/thumb/libsysbase.a(libsysbase_libsysbase_a-_exit.o)
 .comment       0x00000023       0x24 /opt/devkitpro/devkitARM/bin/../lib/gcc/arm-none-eabi/14.2.0/../../../../arm-none-eabi/lib/thumb/libsysbase.a(libsysbase_libsysbase_a-fstat.o)
 .comment       0x00000023       0x24 /opt/devkitpro/devkitARM/bin/../lib/gcc/arm-none-eabi/14.2.0/../../../../arm-none-eabi/lib/thumb/libsysbase.a(libsysbase_libsysbase_a-getpid.o)
 .comment       0x00000023       0x24 /opt/devkitpro/devkitARM/bin/../lib/gcc/arm-none-eabi/14.2.0/../../../../arm-none-eabi/lib/thumb/libsysbase.a(libsysbase_libsysbase_a-getreent.o)
 .comment       0x00000023       0x24 /opt/devkitpro/devkitARM/bin/../lib/gcc/arm-none-eabi/14.2.0/../../../../arm-none-eabi/lib/thumb/libsysbase.a(libsysbase_libsysbase_a-handle_manager.o)
 .comment       0x00000023       0x24 /opt/devkitpro/devkitARM/bin/../lib/gcc/arm-none-eabi/14.2.0/../../../../arm-none-eabi/lib/thumb/libsysbase.a(libsysbase_libsysbase_a-iosupport.o)
 .comment       0x00000023       0x24 /opt/devkitpro/devkitARM/bin/../lib/gcc/arm-none-eabi/14.2.0/../../../../arm-none-eabi/lib/thumb/libsysbase.a(libsysbase_libsysbase_a-isatty.o)
 .comment       0x00000023       0x24 /opt/devkitpro/devkitARM/bin/../lib/gcc/arm-none-eabi/14.2.0/../../../../arm-none-eabi/lib/thumb/libsysbase.a(libsysbase_libsysbase_a-kill.o)
 .comment       0x00000023       0x24 /opt/devkitpro/devkitARM/bin/../lib/gcc/arm-none-eabi/14.2.0/../../../../arm-none-eabi/lib/thumb/libsysbase.a(libsysbase_libsysbase_a-lseek.o)