Archive member included to satisfy reference by file (symbol)

/opt/devkitpro/libnds/lib/libfat.a(fat_wrappers.o)
                              main.o (fatInitDefault)
/opt/devkitpro/libnds/lib/libfat.a(dvm_calico.o)
                              /opt/devkitpro/libnds/lib/libfat.a(fat_wrappers.o) (dvmInit)
/opt/devkitpro/libnds/lib/libfat.a(dvm_disc.o)
                              /opt/devkitpro/libnds/lib/libfat.a(fat_wrappers.o) (dvmDiscCreate)
/opt/devkitpro/libnds/lib/libfat.a(dvm_cache.o)
                              /opt/devkitpro/libnds/lib/libfat.a(fat_wrappers.o) (dvmDiscCacheCreate)
/opt/devkitpro/libnds/lib/libfat.a(dvm_volume.o)
                              /opt/devkitpro/libnds/lib/libfat.a(fat_wrappers.o) (dvmMountVolume)
/opt/devkitpro/libnds/lib/libfat.a(dvm_prober.o)
                              /opt/devkitpro/libnds/lib/libfat.a(dvm_calico.o) (dvmProbeMountDisc)
/opt/devkitpro/libnds/lib/libfat.a(fat_driver.o)
                              /opt/devkitpro/libnds/lib/libfat.a(dvm_volume.o) (g_vfatFsDriver)
/opt/devkitpro/libnds/lib/libfat.a(ff.o)
                              /opt/devkitpro/libnds/lib/libfat.a(fat_driver.o) (f_mount)
/opt/devkitpro/libnds/lib/libfat.a(ffunicode.o)
                              /opt/devkitpro/libnds/lib/libfat.a(ff.o) (ff_uni2oem)
/opt/devkitpro/libnds/lib/libnds9.a(console.o)
                              main.o (consoleDemoInit)
/opt/devkitpro/libnds/lib/libnds9.a(trig.o)
                              main.o (tanLerp)
/opt/devkitpro/libnds/lib/libnds9.a(videoGL_base.o)
                              main.o (glRotatef32i)
/opt/devkitpro/libnds/lib/libnds9.a(timers.o)
                              main.o (cpuStartTiming)
/opt/devkitpro/libnds/lib/libnds9.a(default_font.bin.o)
                              /opt/devkitpro/libnds/lib/libnds9.a(console.o) (default_font_bin)
/opt/devkitpro/libnds/lib/libnds9.a(background.o)
                              /opt/devkitpro/libnds/lib/libnds9.a(console.o) (bgState)
/opt/devkitpro/libnds/lib/libnds9.a(system.o)
                              /opt/devkitpro/libnds/lib/libnds9.a(videoGL_base.o) (powerOn)
/opt/devkitpro/calico/lib/libcalico_ds9.a(irq.o)
                              /opt/devkitpro/libnds/lib/libnds9.a(timers.o) (irqSet)
/opt/devkitpro/calico/lib/libcalico_ds9.a(tick.o)
                              /opt/devkitpro/libnds/lib/libnds9.a(timers.o) (tickInit)
/opt/devkitpro/calico/lib/libcalico_ds9.a(thread_cold.o)
                              main.o (threadIrqWait)
/opt/devkitpro/calico/lib/libcalico_ds9.a(thread_hot.32.o)
                              /opt/devkitpro/calico/lib/libcalico_ds9.a(thread_cold.o) (__sched_state)
/opt/devkitpro/calico/lib/libcalico_ds9.a(newlib_syscalls.o)
                              /opt/devkitpro/libnds/lib/libfat.a(fat_driver.o) (__errno)
/opt/devkitpro/calico/lib/libcalico_ds9.a(arm-copy-fill.32.o)
                              /opt/devkitpro/libnds/lib/libfat.a(dvm_calico.o) (armCopyMem32)
/opt/devkitpro/calico/lib/libcalico_ds9.a(arm-context.32.o)
                              /opt/devkitpro/calico/lib/libcalico_ds9.a(thread_cold.o) (armContextSave)
/opt/devkitpro/calico/lib/libcalico_ds9.a(arm-shims.32.o)
                              /opt/devkitpro/calico/lib/libcalico_ds9.a(thread_cold.o) (armWaitForIrq)
/opt/devkitpro/calico/lib/libcalico_ds9.a(startup.crt0.o)
                              /opt/devkitpro/libnds/lib/libfat.a(dvm_calico.o) (g_isTwlMode)
/opt/devkitpro/calico/lib/libcalico_ds9.a(utils.crt0.o)
                              /opt/devkitpro/calico/lib/libcalico_ds9.a(startup.crt0.o) (crt0CopyMem32)
/opt/devkitpro/calico/lib/libcalico_ds9.a(pxi.o)
                              /opt/devkitpro/calico/lib/libcalico_ds9.a(startup.crt0.o) (_pxiInit)
/opt/devkitpro/calico/lib/libcalico_ds9.a(bootstub_arm9.o)
                              (__ds9_bootstub)
/opt/devkitpro/calico/lib/libcalico_ds9.a(mpu_setup.crt0.o)
                              /opt/devkitpro/calico/lib/libcalico_ds9.a(startup.crt0.o) (crt0SetupMPU)
/opt/devkitpro/calico/lib/libcalico_ds9.a(sys_startup.o)
                              /opt/devkitpro/calico/lib/libcalico_ds9.a(startup.crt0.o) (systemStartup)
/opt/devkitpro/calico/lib/libcalico_ds9.a(excpt_handler.32.o)
                              /opt/devkitpro/calico/lib/libcalico_ds9.a(bootstub_arm9.o) (__arm_excpt_rst)
/opt/devkitpro/calico/lib/libcalico_ds9.a(blk.o)
                              /opt/devkitpro/libnds/lib/libfat.a(dvm_calico.o) (blkInit)
/opt/devkitpro/calico/lib/libcalico_ds9.a(mutex.o)
                              /opt/devkitpro/calico/lib/libcalico_ds9.a(newlib_syscalls.o) (mutexLock)
/opt/devkitpro/calico/lib/libcalico_ds9.a(mailbox.o)
                              /opt/devkitpro/calico/lib/libcalico_ds9.a(pxi.o) (mailboxTrySend)
/opt/devkitpro/calico/lib/libcalico_ds9.a(arm-cache.32.o)
                              /opt/devkitpro/calico/lib/libcalico_ds9.a(startup.crt0.o) (armDCacheFlushAll)
[...]
Memory Configuration

Name             Origin             Length             Attributes
lma9             0x02004000         0x0027c000
lma9i            0x02400000         0x00280000
vectors          0x00000000         0x00000020
itcm             0x01ff8020         0x00007fe0
main             0x02001000         0x00f7f000
dtcm             0x02ff0000         0x00003e80
dldi             0x0380b000         0x00004000
stub             0x0e000000         0x00004000
tls              0x00000000         0x00000400
*default*        0x00000000         0xffffffff

Linker script and memory map

                0x0200d6cc                        __sync_synchronize = __sync_synchronize_none
LOAD /opt/devkitpro/devkitARM/bin/../lib/gcc/arm-none-eabi/14.2.0/thumb/crti.o
LOAD /opt/devkitpro/devkitARM/bin/../lib/gcc/arm-none-eabi/14.2.0/thumb/crtbegin.o
LOAD main.o
LOAD /opt/devkitpro/libnds/lib/libfilesystem.a
LOAD /opt/devkitpro/libnds/lib/libfat.a
LOAD /opt/devkitpro/libnds/lib/libnds9.a
LOAD /opt/devkitpro/calico/lib/libcalico_ds9.a
LOAD /opt/devkitpro/devkitARM/bin/../lib/gcc/arm-none-eabi/14.2.0/../../../../arm-none-eabi/lib/thumb/libstdc++.a
LOAD /opt/devkitpro/devkitARM/bin/../lib/gcc/arm-none-eabi/14.2.0/../../../../arm-none-eabi/lib/thumb/libm.a
START GROUP
LOAD /opt/devkitpro/devkitARM/bin/../lib/gcc/arm-none-eabi/14.2.0/thumb/libgcc.a
LOAD /opt/devkitpro/devkitARM/bin/../lib/gcc/arm-none-eabi/14.2.0/../../../../arm-none-eabi/lib/thumb/libg.a
LOAD /opt/devkitpro/devkitARM/bin/../lib/gcc/arm-none-eabi/14.2.0/../../../../arm-none-eabi/lib/thumb/libc.a
LOAD /opt/devkitpro/devkitARM/bin/../lib/gcc/arm-none-eabi/14.2.0/../../../../arm-none-eabi/lib/thumb/libsysbase.a
END GROUP
LOAD /opt/devkitpro/devkitARM/bin/../lib/gcc/arm-none-eabi/14.2.0/thumb/crtend.o
LOAD /opt/devkitpro/devkitARM/bin/../lib/gcc/arm-none-eabi/14.2.0/thumb/crtn.o
                0x02ff3e80                        PROVIDE (__sp_usr = (ORIGIN (dtcm) + LENGTH (dtcm)))
                0x02ff3f80                        PROVIDE (__sp_irq = (__sp_usr + 0x100))
                0x02ff3fc0                        PROVIDE (__sp_svc = (__sp_irq + 0x40))
                0x02ff3ff8                        PROVIDE (__irq_flags = (__sp_svc + 0x38))
                [!provide]                        PROVIDE (__irq_vector = (__sp_svc + 0x3c))
                [!provide]                        PROVIDE (__arm_excpt_rst = 0xffff0000)
                [!provide]                        PROVIDE (__arm_excpt_und = 0xffff0004)
                0xffff0008                        PROVIDE (__arm_excpt_svc = 0xffff0008)
                [!provide]                        PROVIDE (__arm_excpt_pabt = 0xffff000c)
                [!provide]                        PROVIDE (__arm_excpt_dabt = 0xffff0010)
                [!provide]                        PROVIDE (__arm_excpt_irq = 0xffff0018)
                [!provide]                        PROVIDE (__arm_excpt_fiq = 0xffff001c)
                0x00000000                        PROVIDE (__end__ = 0x0)

.secure         0x0e000000      0x800 load address 0x02004000
                0x0e0007fc                        . = (. + 0x7fc)
 *fill*         0x0e000000      0x7fc 00000000
                0x0e0007fc        0x4 LONG 0x0

.bootstub       0x0e000800      0x190 load address 0x02004800
 *(.bootstub .bootstub.*)
 .bootstub.__ds9_bootstub
                0x0e000800      0x190 /opt/devkitpro/calico/lib/libcalico_ds9.a(bootstub_arm9.o)
                0x0e000800                __ds9_bootstub
                0x0e000990                        . = ALIGN (0x4)

.crt0           0x02001000      0x360 load address 0x02004990
 *(.crt0 .crt0.*)
 .crt0.__ds9_bootstub_trampoline
                0x02001000       0x20 /opt/devkitpro/calico/lib/libcalico_ds9.a(bootstub_arm9.o)
 *.crt0.*(.text .stub .text.* .gnu.linkonce.t.*)
 .text.crt0ProcessLoadList
                0x02001020       0x74 /opt/devkitpro/calico/lib/libcalico_ds9.a(startup.crt0.o)
                0x02001020                crt0ProcessLoadList
 .text.crt0Startup
                0x02001094      0x150 /opt/devkitpro/calico/lib/libcalico_ds9.a(startup.crt0.o)
                0x02001094                crt0Startup
 .text.crt0CopyMem32
                0x020011e4       0x4c /opt/devkitpro/calico/lib/libcalico_ds9.a(utils.crt0.o)
                0x020011e4                crt0CopyMem32
 .text.crt0FillMem32
                0x02001230       0x58 /opt/devkitpro/calico/lib/libcalico_ds9.a(utils.crt0.o)
                0x02001230                crt0FillMem32
 .text.crt0SetupMPU
                0x02001288       0xb4 /opt/devkitpro/calico/lib/libcalico_ds9.a(mpu_setup.crt0.o)
                0x02001288                crt0SetupMPU
 *fill*         0x0200133c        0x4 ff
 .text.crt0SetupMPU.__stub
                0x02001340        0x8 linker stubs
 *.crt0.*(.glue_7t .glue_7 .vfp11_veneer .v4_bx)
 *.crt0.*(.rodata .rodata.* .gnu.linkonce.r.*)
 *.crt0.*(.rodata1)
                0x02001360                        . = ALIGN (0x20)
 *fill*         0x02001348       0x18 ff
                0x02004990                        PROVIDE (__crt0_lma = LOADADDR (.crt0))
                0x02001000                        PROVIDE (__crt0_start = ADDR (.crt0))
                0x02001360                        PROVIDE (__crt0_end = (ADDR (.crt0) + SIZEOF (.crt0)))
                0x00000001                        ASSERT (((__crt0_end <= LOADADDR (.bootstub)) || (__crt0_start >= (LOADADDR (.bootstub) + SIZEOF (.bootstub)))), Error: crt0 section overlaps initial bootstrap)

.dldi           0x0380b000     0x4000 load address 0x02004cf0
 *(.dldi)
 .dldi          0x0380b000     0x4000 /opt/devkitpro/calico/lib/libcalico_ds9.a(dldi_stub.o)
                0x0380b000                __dldi_start
                0x02004cf0                        PROVIDE (__dldi_lma = SIZEOF (.dldi)?LOADADDR (.dldi):0x0)

.vectors        0x00000000       0x20 load address 0x02008cf0
 *(.vectors)
 .vectors       0x00000000       0x20 /opt/devkitpro/calico/lib/libcalico_ds9.a(bootstub_arm9.o)

.itcm           0x01ff8020      0x710 load address 0x02008d10
 *(.itcm .itcm.*)
 .itcm          0x01ff8020       0x30 /opt/devkitpro/calico/lib/libcalico_ds9.a(bootstub_arm9.o)
                0x01ff8038                __excpt_vectors
 *.itcm.*(.text .stub .text.* .gnu.linkonce.t.*)
 *.32.o(.text .stub .text.* .gnu.linkonce.t.*)
 .text.threadReschedule
                0x01ff8050       0x88 /opt/devkitpro/calico/lib/libcalico_ds9.a(thread_hot.32.o)
 .text.threadBlock
                0x01ff80d8       0xd4 /opt/devkitpro/calico/lib/libcalico_ds9.a(thread_hot.32.o)
                0x01ff80d8                threadBlock
 .text.threadUnblockOneByValue
                0x01ff81ac       0xc0 /opt/devkitpro/calico/lib/libcalico_ds9.a(thread_hot.32.o)
                0x01ff81ac                threadUnblockOneByValue
 .text.threadUnblockAllByValue
                0x01ff826c      0x144 /opt/devkitpro/calico/lib/libcalico_ds9.a(thread_hot.32.o)
                0x01ff826c                threadUnblockAllByValue
 .text.threadUnblockAllByMask
                0x01ff83b0      0x134 /opt/devkitpro/calico/lib/libcalico_ds9.a(thread_hot.32.o)
                0x01ff83b0                threadUnblockAllByMask
 .text.armCopyMem32
                0x01ff84e4       0x4c /opt/devkitpro/calico/lib/libcalico_ds9.a(arm-copy-fill.32.o)
                0x01ff84e4                armCopyMem32
 .text.armContextSave
                0x01ff8530       0x2c /opt/devkitpro/calico/lib/libcalico_ds9.a(arm-context.32.o)
                0x01ff8530                armContextSave
 .text.armContextLoad
                0x01ff855c       0x20 /opt/devkitpro/calico/lib/libcalico_ds9.a(arm-context.32.o)
                0x01ff855c                armContextLoad
                0x01ff8560                armContextLoadFromSvc
 .text.armWaitForIrq
                0x01ff857c        0x8 /opt/devkitpro/calico/lib/libcalico_ds9.a(arm-shims.32.o)
                0x01ff857c                armWaitForIrq
 .text.__excpt_entry
                0x01ff8584       0x50 /opt/devkitpro/calico/lib/libcalico_ds9.a(excpt_handler.32.o)
                0x01ff8584                __arm_excpt_rst
                0x01ff8588                __arm_excpt_pabt
                0x01ff858c                __arm_excpt_und
                0x01ff8598                __arm_excpt_dabt
 .text.armDrainWriteBuffer
                0x01ff85d4        0xc /opt/devkitpro/calico/lib/libcalico_ds9.a(arm-cache.32.o)
                0x01ff85d4                armDrainWriteBuffer
 .text.armDCacheFlushAll
                0x01ff85e0       0x28 /opt/devkitpro/calico/lib/libcalico_ds9.a(arm-cache.32.o)
                0x01ff85e0                armDCacheFlushAll
 .text.armDCacheFlush
                0x01ff8608       0x1c /opt/devkitpro/calico/lib/libcalico_ds9.a(arm-cache.32.o)
                0x01ff8608                armDCacheFlush
 .text.armDCacheInvalidate
                0x01ff8624       0x1c /opt/devkitpro/calico/lib/libcalico_ds9.a(arm-cache.32.o)
                0x01ff8624                armDCacheInvalidate
 .text.armICacheInvalidateAll
                0x01ff8640        0xc /opt/devkitpro/calico/lib/libcalico_ds9.a(arm-cache.32.o)
                0x01ff8640                armICacheInvalidateAll
 .text.__arm_excpt_irq
                0x01ff864c       0xe4 /opt/devkitpro/calico/lib/libcalico_ds9.a(irq_handler.32.o)
                0x01ff864c                __arm_excpt_irq
 *.itcm.*(.glue_7t .glue_7 .vfp11_veneer .v4_bx)
 *.32.o(.glue_7t .glue_7 .vfp11_veneer .v4_bx)
 *.itcm.*(.rodata .rodata.* .gnu.linkonce.r.*)
 *.32.o(.rodata .rodata.* .gnu.linkonce.r.*)
 *.itcm.*(.rodata1)
 *.32.o(.rodata1)
                0x01ff8730                        . = ALIGN (0x4)
                0x02008cf0                        PROVIDE (__itcm_lma = LOADADDR (.vectors))
                0x01ff8000                        PROVIDE (__itcm_start = (ADDR (.itcm) - SIZEOF (.vectors)))
                0x01ff8730                        PROVIDE (__itcm_end = (ADDR (.itcm) + SIZEOF (.itcm)))
                0x00000001                        ASSERT (((__itcm_lma + SIZEOF (.vectors)) == LOADADDR (.itcm)), Error: gap between vectors and itcm)

.dtcm           0x02ff0000        0x0 load address 0x02009420
 *(.dtcm .dtcm.*)
 *.32.o(.data .data.* .gnu.linkonce.d.*)
 *.32.o(.data1)
                0x02ff0000                        . = ALIGN (0x4)
                [!provide]                        PROVIDE (__dtcm_lma = LOADADDR (.dtcm))
                0x02ff0000                        PROVIDE (__dtcm_start = ADDR (.dtcm))
                0x02ff0000                        PROVIDE (__dtcm_end = (ADDR (.dtcm) + SIZEOF (.dtcm)))

.dtcm.bss       0x02ff0000       0x98 load address 0x02009420
 *(.sbss .sbss.*)
 *.32.o(.dynbss)
 *.32.o(.bss .bss.* .gnu.linkonce.b.*)
 .bss.__irq_table
                0x02ff0000       0x80 /opt/devkitpro/calico/lib/libcalico_ds9.a(thread_hot.32.o)
                0x02ff0000                __irq_table
 .bss.__sched_state
                0x02ff0080       0x18 /opt/devkitpro/calico/lib/libcalico_ds9.a(thread_hot.32.o)
                0x02ff0080                __sched_state
 *.32.o(COMMON)
                0x02ff0098                        . = ALIGN (0x4)
                [!provide]                        PROVIDE (__dtcm_bss_start = ADDR (.dtcm.bss))
                0x02ff0098                        PROVIDE (__dtcm_bss_end = (ADDR (.dtcm.bss) + SIZEOF (.dtcm.bss)))

.main           0x02001360    0x22f74 load address 0x02009420
 *(SORT_NONE(.init))
 .init          0x02001360        0x4 /opt/devkitpro/devkitARM/bin/../lib/gcc/arm-none-eabi/14.2.0/thumb/crti.o
                0x02001360                _init
 .init          0x02001364        0x8 /opt/devkitpro/devkitARM/bin/../lib/gcc/arm-none-eabi/14.2.0/thumb/crtn.o
 EXCLUDE_FILE(*.twl.*) *(.text.unlikely .text.*_unlikely .text.unlikely.*)
 .text.unlikely._ZN9__gnu_cxx30__throw_concurrence_lock_errorEv
                0x0200136c       0x20 /opt/devkitpro/devkitARM/bin/../lib/gcc/arm-none-eabi/14.2.0/../../../../arm-none-eabi/lib/thumb/libstdc++.a(eh_alloc.o)
                0x0200136c                __gnu_cxx::__throw_concurrence_lock_error()
 .text.unlikely._ZN9__gnu_cxx32__throw_concurrence_unlock_errorEv
                0x0200138c       0x20 /opt/devkitpro/devkitARM/bin/../lib/gcc/arm-none-eabi/14.2.0/../../../../arm-none-eabi/lib/thumb/libstdc++.a(eh_alloc.o)
                0x0200138c                __gnu_cxx::__throw_concurrence_unlock_error()
 .text.unlikely._ZSt9terminatev
                0x020013ac        0xa /opt/devkitpro/devkitARM/bin/../lib/gcc/arm-none-eabi/14.2.0/../../../../arm-none-eabi/lib/thumb/libstdc++.a(eh_terminate.o)
                0x020013ac                std::terminate()
 .text.unlikely._ZSt10unexpectedv
                0x020013b6        0xa /opt/devkitpro/devkitARM/bin/../lib/gcc/arm-none-eabi/14.2.0/../../../../arm-none-eabi/lib/thumb/libstdc++.a(eh_terminate.o)
                0x020013b6                std::unexpected()
 .text.unlikely._ZN10__cxxabiv1L24__is_gxx_exception_classEPc
                0x020013c0       0x38 /opt/devkitpro/devkitARM/bin/../lib/gcc/arm-none-eabi/14.2.0/../../../../arm-none-eabi/lib/thumb/libstdc++.a(eh_call.o)
 .text.unlikely.__cxa_call_terminate
                0x020013f8       0x20 /opt/devkitpro/devkitARM/bin/../lib/gcc/arm-none-eabi/14.2.0/../../../../arm-none-eabi/lib/thumb/libstdc++.a(eh_call.o)
                0x020013f8                __cxa_call_terminate
 .text.unlikely.__cxa_call_unexpected
                0x02001418       0xfc /opt/devkitpro/devkitARM/bin/../lib/gcc/arm-none-eabi/14.2.0/../../../../arm-none-eabi/lib/thumb/libstdc++.a(eh_call.o)
                0x02001418                __cxa_call_unexpected
 .text.unlikely._ZN9__gnu_cxx35__throw_concurrence_broadcast_errorEv
                0x02001514       0x20 /opt/devkitpro/devkitARM/bin/../lib/gcc/arm-none-eabi/14.2.0/../../../../arm-none-eabi/lib/thumb/libstdc++.a(guard.o)
                0x02001514                __gnu_cxx::__throw_concurrence_broadcast_error()
 .text.unlikely._Unwind_GetDataRelBase
                0x02001534        0x6 /opt/devkitpro/devkitARM/bin/../lib/gcc/arm-none-eabi/14.2.0/thumb/libgcc.a(pr-support.o)
                0x02001534                _Unwind_GetDataRelBase
 .text.unlikely._Unwind_GetTextRelBase
                0x0200153a        0x6 /opt/devkitpro/devkitARM/bin/../lib/gcc/arm-none-eabi/14.2.0/thumb/libgcc.a(pr-support.o)
                0x0200153a                _Unwind_GetTextRelBase
 EXCLUDE_FILE(*.twl.*) *(.text.exit .text.exit.*)
 .text.exit._GLOBAL__sub_D__ZN17__eh_globals_init7_S_initE
                0x02001540       0x28 /opt/devkitpro/devkitARM/bin/../lib/gcc/arm-none-eabi/14.2.0/../../../../arm-none-eabi/lib/thumb/libstdc++.a(eh_globals.o)
 .text.exit     0x02001568       0x24 /opt/devkitpro/devkitARM/bin/../lib/gcc/arm-none-eabi/14.2.0/../../../../arm-none-eabi/lib/thumb/libg.a(libc_a-exit.o)
                0x02001568                exit
 EXCLUDE_FILE(*.twl.*) *(.text.startup .text.startup.*)
 .text.startup.main
                0x0200158c       0xf0 main.o
                0x0200158c                main
 .text.startup._GLOBAL__sub_I__ZN9__gnu_cxx9__freeresEv
                0x0200167c      0x12c /opt/devkitpro/devkitARM/bin/../lib/gcc/arm-none-eabi/14.2.0/../../../../arm-none-eabi/lib/thumb/libstdc++.a(eh_alloc.o)
 .text.startup._GLOBAL__sub_I__ZN10__cxxabiv111__terminateEPFvvE
                0x020017a8       0x18 /opt/devkitpro/devkitARM/bin/../lib/gcc/arm-none-eabi/14.2.0/../../../../arm-none-eabi/lib/thumb/libstdc++.a(eh_terminate.o)
 .text.startup._GLOBAL__sub_I__ZSt7nothrow
                0x020017c0       0x18 /opt/devkitpro/devkitARM/bin/../lib/gcc/arm-none-eabi/14.2.0/../../../../arm-none-eabi/lib/thumb/libstdc++.a(new_handler.o)
 .text.startup._GLOBAL__sub_I__ZN17__eh_globals_init7_S_initE
                0x020017d8       0x30 /opt/devkitpro/devkitARM/bin/../lib/gcc/arm-none-eabi/14.2.0/../../../../arm-none-eabi/lib/thumb/libstdc++.a(eh_globals.o)
 EXCLUDE_FILE(*.twl.*) *(.text.hot .text.hot.*)
 EXCLUDE_FILE(*.twl.*) *(.text .iplt .stub .text.* .gnu.linkonce.t.*)
 .text.__do_global_dtors_aux
                0x02001808       0x2c /opt/devkitpro/devkitARM/bin/../lib/gcc/arm-none-eabi/14.2.0/thumb/crtbegin.o
 .text.frame_dummy
                0x02001834       0x24 /opt/devkitpro/devkitARM/bin/../lib/gcc/arm-none-eabi/14.2.0/thumb/crtbegin.o
 .iplt          0x02001858        0x0 /opt/devkitpro/devkitARM/bin/../lib/gcc/arm-none-eabi/14.2.0/thumb/crtbegin.o
 .text._Z10initOpenGLv
                0x02001858       0x74 main.o
                0x02001858                initOpenGL()
 .text._Z17perspectiveModeGLv
                0x020018cc      0x48c main.o
                0x020018cc                perspectiveModeGL()
 .text._Z9fileStartv
                0x02001d58       0x44 main.o
                0x02001d58                fileStart()
 .text._Z11render_cubei
                0x02001d9c       0xf0 main.o
                0x02001d9c                render_cube(int)
 .text._Z14gameRenderLoopv
                0x02001e8c      0x1c8 main.o
                0x02001e8c                gameRenderLoop()
 .text.fatInitDefault
                0x02002054       0x20 /opt/devkitpro/libnds/lib/libfat.a(fat_wrappers.o)
                0x02002054                fatInitDefault
 .text._dvmDiscCalicoDummy
                0x02002074        0x4 /opt/devkitpro/libnds/lib/libfat.a(dvm_calico.o)
 .text._dvmDiscCalicoWriteSectors
                0x02002078        0x8 /opt/devkitpro/libnds/lib/libfat.a(dvm_calico.o)
 .text._dvmDiscCalicoReadSectors
                0x02002080        0x8 /opt/devkitpro/libnds/lib/libfat.a(dvm_calico.o)
 .text._dvmIsAlignedAccess
                0x02002088       0x30 /opt/devkitpro/libnds/lib/libfat.a(dvm_calico.o)
                0x02002088                _dvmIsAlignedAccess
 .text._dvmCacheCopy
                0x020020b8       0x14 /opt/devkitpro/libnds/lib/libfat.a(dvm_calico.o)
                0x020020b8                _dvmCacheCopy
 .text.dvmInit  0x020020cc      0x254 /opt/devkitpro/libnds/lib/libfat.a(dvm_calico.o)
                0x020020cc                dvmInit
 .text.dvmDiscAddUser
                0x02002320       0x10 /opt/devkitpro/libnds/lib/libfat.a(dvm_disc.o)
                0x02002320                dvmDiscAddUser
 .text.dvmDiscRemoveUser
                0x02002330       0x28 /opt/devkitpro/libnds/lib/libfat.a(dvm_disc.o)
                0x02002330                dvmDiscRemoveUser
 .text._dvmDiscCacheReadWrite
                0x02002358      0x3e8 /opt/devkitpro/libnds/lib/libfat.a(dvm_cache.o)
 .text._dvmDiscCacheWriteSectors
                0x02002740       0x58 /opt/devkitpro/libnds/lib/libfat.a(dvm_cache.o)
 .text._dvmDiscCacheReadSectors
                0x02002798       0x58 /opt/devkitpro/libnds/lib/libfat.a(dvm_cache.o)
 .text._dvmDiscCacheFlush
                0x020027f0       0xb0 /opt/devkitpro/libnds/lib/libfat.a(dvm_cache.o)
 .text._dvmDiscCacheDestroy
                0x020028a0       0x28 /opt/devkitpro/libnds/lib/libfat.a(dvm_cache.o)
 .text.dvmDiscCacheCreate
                0x020028c8      0x188 /opt/devkitpro/libnds/lib/libfat.a(dvm_cache.o)
                0x020028c8                dvmDiscCacheCreate
 .text.dvmMountVolume
                0x02002a50      0x184 /opt/devkitpro/libnds/lib/libfat.a(dvm_volume.o)
                0x02002a50                dvmMountVolume
 .text._dvmSetAppWorkingDir
                0x02002bd4       0x70 /opt/devkitpro/libnds/lib/libfat.a(dvm_volume.o)
                0x02002bd4                _dvmSetAppWorkingDir
 .text._dvmIdentMbrVbr
                0x02002c44      0x1c8 /opt/devkitpro/libnds/lib/libfat.a(dvm_prober.o)
 .text._dvmReadPartitionTable
                0x02002e0c      0x204 /opt/devkitpro/libnds/lib/libfat.a(dvm_prober.o)
 .text.dvmProbeMountDisc
                0x02003010       0xf0 /opt/devkitpro/libnds/lib/libfat.a(dvm_prober.o)
                0x02003010                dvmProbeMountDisc
 .text._FAT_fstat_r
                0x02003100       0xa8 /opt/devkitpro/libnds/lib/libfat.a(fat_driver.o)
 .text._FAT_umount
                0x020031a8       0x1c /opt/devkitpro/libnds/lib/libfat.a(fat_driver.o)
 .text._FAT_mount
                0x020031c4       0x44 /opt/devkitpro/libnds/lib/libfat.a(fat_driver.o)
 .text._FAT_open_r
                0x02003208      0x124 /opt/devkitpro/libnds/lib/libfat.a(fat_driver.o)
 .text._FAT_set_stat.isra.0
                0x0200332c      0x10c /opt/devkitpro/libnds/lib/libfat.a(fat_driver.o)
 .text._FAT_fsync_r
                0x02003438       0x58 /opt/devkitpro/libnds/lib/libfat.a(fat_driver.o)
 .text._FAT_close_r
                0x02003490       0x58 /opt/devkitpro/libnds/lib/libfat.a(fat_driver.o)
 .text._FAT_dirclose_r
                0x020034e8       0x58 /opt/devkitpro/libnds/lib/libfat.a(fat_driver.o)
 .text._FAT_dirreset_r
                0x02003540       0x60 /opt/devkitpro/libnds/lib/libfat.a(fat_driver.o)
 .text._FAT_read_r
                0x020035a0       0x70 /opt/devkitpro/libnds/lib/libfat.a(fat_driver.o)
 .text._FAT_write_r
                0x02003610       0x70 /opt/devkitpro/libnds/lib/libfat.a(fat_driver.o)
 .text._FAT_mkdir_r
                0x02003680       0x68 /opt/devkitpro/libnds/lib/libfat.a(fat_driver.o)
 .text._FAT_chdir_r
                0x020036e8       0x68 /opt/devkitpro/libnds/lib/libfat.a(fat_driver.o)
 .text._FAT_unlink_r
                0x02003750       0x70 /opt/devkitpro/libnds/lib/libfat.a(fat_driver.o)
 .text._FAT_rmdir_r
                0x020037c0       0x6c /opt/devkitpro/libnds/lib/libfat.a(fat_driver.o)
 .text._FAT_diropen_r
                0x0200382c       0x78 /opt/devkitpro/libnds/lib/libfat.a(fat_driver.o)
 .text._FAT_stat_r
                0x020038a4       0x94 /opt/devkitpro/libnds/lib/libfat.a(fat_driver.o)
 .text._FAT_rename_r
                0x02003938       0x88 /opt/devkitpro/libnds/lib/libfat.a(fat_driver.o)
 .text._FAT_ftruncate_r
                0x020039c0      0x138 /opt/devkitpro/libnds/lib/libfat.a(fat_driver.o)
 .text._FAT_dirnext_r
                0x02003af8      0x114 /opt/devkitpro/libnds/lib/libfat.a(fat_driver.o)
 .text._FAT_statvfs_r
                0x02003c0c       0xec /opt/devkitpro/libnds/lib/libfat.a(fat_driver.o)
 .text._FAT_seek_r
                0x02003cf8      0x114 /opt/devkitpro/libnds/lib/libfat.a(fat_driver.o)
 .text.get_fattime
                0x02003e0c       0x64 /opt/devkitpro/libnds/lib/libfat.a(fat_driver.o)
                0x02003e0c                get_fattime
 .text.ff_mutex_create
                0x02003e70       0x18 /opt/devkitpro/libnds/lib/libfat.a(fat_driver.o)
                0x02003e70                ff_mutex_create
 .text.ff_mutex_delete
                0x02003e88        0x4 /opt/devkitpro/libnds/lib/libfat.a(fat_driver.o)
                0x02003e88                ff_mutex_delete
 .text.ff_mutex_take
                0x02003e8c       0x14 /opt/devkitpro/libnds/lib/libfat.a(fat_driver.o)
                0x02003e8c                ff_mutex_take
 .text.ff_mutex_give
                0x02003ea0        0x8 /opt/devkitpro/libnds/lib/libfat.a(fat_driver.o)
                0x02003ea0                ff_mutex_give
 .text.disk_initialize
                0x02003ea8       0x24 /opt/devkitpro/libnds/lib/libfat.a(fat_driver.o)
                0x02003ea8                disk_initialize
 .text.disk_status
                0x02003ecc       0x24 /opt/devkitpro/libnds/lib/libfat.a(fat_driver.o)
                0x02003ecc                disk_status
 .text.disk_read
                0x02003ef0       0x24 /opt/devkitpro/libnds/lib/libfat.a(fat_driver.o)
                0x02003ef0                disk_read
 .text.disk_write
                0x02003f14       0x24 /opt/devkitpro/libnds/lib/libfat.a(fat_driver.o)
                0x02003f14                disk_write
 .text.disk_ioctl
                0x02003f38       0x2c /opt/devkitpro/libnds/lib/libfat.a(fat_driver.o)
                0x02003f38                disk_ioctl
 .text.tchar2uni
                0x02003f64       0xf0 /opt/devkitpro/libnds/lib/libfat.a(ff.o)
 .text.sync_window
                0x02004054       0x8c /opt/devkitpro/libnds/lib/libfat.a(ff.o)
 .text.put_utf  0x020040e0      0x130 /opt/devkitpro/libnds/lib/libfat.a(ff.o)
 .text.dir_clear
                0x02004210       0xa0 /opt/devkitpro/libnds/lib/libfat.a(ff.o)
 .text.get_fileinfo
                0x020042b0      0x284 /opt/devkitpro/libnds/lib/libfat.a(ff.o)
 .text.sync_fs  0x02004534      0x174 /opt/devkitpro/libnds/lib/libfat.a(ff.o)
 .text.move_window
                0x020046a8       0xbc /opt/devkitpro/libnds/lib/libfat.a(ff.o)
 .text.put_fat.part.0
                0x02004764      0x1ac /opt/devkitpro/libnds/lib/libfat.a(ff.o)
 .text.get_fat.isra.0
                0x02004910      0x138 /opt/devkitpro/libnds/lib/libfat.a(ff.o)
 .text.remove_chain
                0x02004a48       0xec /opt/devkitpro/libnds/lib/libfat.a(ff.o)
 .text.create_chain
                0x02004b34      0x200 /opt/devkitpro/libnds/lib/libfat.a(ff.o)
 .text.dir_next
                0x02004d34      0x13c /opt/devkitpro/libnds/lib/libfat.a(ff.o)
 .text.dir_read
                0x02004e70      0x248 /opt/devkitpro/libnds/lib/libfat.a(ff.o)
 .text.dir_sdi  0x020050b8      0x128 /opt/devkitpro/libnds/lib/libfat.a(ff.o)
 .text.dir_alloc
                0x020051e0       0xd0 /opt/devkitpro/libnds/lib/libfat.a(ff.o)
 .text.dir_remove
                0x020052b0       0xc8 /opt/devkitpro/libnds/lib/libfat.a(ff.o)
 .text.dir_find
                0x02005378      0x2ec /opt/devkitpro/libnds/lib/libfat.a(ff.o)
 .text.follow_path
                0x02005664      0x59c /opt/devkitpro/libnds/lib/libfat.a(ff.o)
 .text.dir_register
                0x02005c00      0x408 /opt/devkitpro/libnds/lib/libfat.a(ff.o)
 .text.check_fs
                0x02006008      0x1e0 /opt/devkitpro/libnds/lib/libfat.a(ff.o)
 .text.mount_volume.part.0
                0x020061e8      0x57c /opt/devkitpro/libnds/lib/libfat.a(ff.o)
 .text.validate
                0x02006764       0x84 /opt/devkitpro/libnds/lib/libfat.a(ff.o)
 .text.f_mount  0x020067e8       0x6c /opt/devkitpro/libnds/lib/libfat.a(ff.o)
                0x020067e8                f_mount
 .text.f_umount
                0x02006854       0x20 /opt/devkitpro/libnds/lib/libfat.a(ff.o)
                0x02006854                f_umount
 .text.f_open   0x02006874      0x3c8 /opt/devkitpro/libnds/lib/libfat.a(ff.o)
                0x02006874                f_open
 .text.f_read   0x02006c3c      0x2a8 /opt/devkitpro/libnds/lib/libfat.a(ff.o)
                0x02006c3c                f_read
 .text.f_write  0x02006ee4      0x34c /opt/devkitpro/libnds/lib/libfat.a(ff.o)
                0x02006ee4                f_write
 .text.f_sync   0x02007230      0x168 /opt/devkitpro/libnds/lib/libfat.a(ff.o)
                0x02007230                f_sync
 .text.f_close  0x02007398       0x50 /opt/devkitpro/libnds/lib/libfat.a(ff.o)
                0x02007398                f_close
 .text.f_chdir  0x020073e8       0xe0 /opt/devkitpro/libnds/lib/libfat.a(ff.o)
                0x020073e8                f_chdir
 .text.f_lseek  0x020074c8      0x290 /opt/devkitpro/libnds/lib/libfat.a(ff.o)
                0x020074c8                f_lseek
 .text.f_opendir
                0x02007758      0x11c /opt/devkitpro/libnds/lib/libfat.a(ff.o)
                0x02007758                f_opendir
 .text.f_closedir
                0x02007874       0x94 /opt/devkitpro/libnds/lib/libfat.a(ff.o)
                0x02007874                f_closedir
 .text.f_readdir
                0x02007908       0xbc /opt/devkitpro/libnds/lib/libfat.a(ff.o)
                0x02007908                f_readdir
 .text.f_stat   0x020079c4       0xe0 /opt/devkitpro/libnds/lib/libfat.a(ff.o)
                0x020079c4                f_stat
 .text.f_getfree
                0x02007aa4      0x170 /opt/devkitpro/libnds/lib/libfat.a(ff.o)
                0x02007aa4                f_getfree
 .text.f_truncate
                0x02007c14      0x1f4 /opt/devkitpro/libnds/lib/libfat.a(ff.o)
                0x02007c14                f_truncate
 .text.f_unlink
                0x02007e08      0x1a4 /opt/devkitpro/libnds/lib/libfat.a(ff.o)
                0x02007e08                f_unlink
 .text.f_mkdir  0x02007fac      0x278 /opt/devkitpro/libnds/lib/libfat.a(ff.o)
                0x02007fac                f_mkdir
 .text.f_rename
                0x02008224      0x228 /opt/devkitpro/libnds/lib/libfat.a(ff.o)
                0x02008224                f_rename
 .text.ff_uni2oem
                0x0200844c       0x78 /opt/devkitpro/libnds/lib/libfat.a(ffunicode.o)
                0x0200844c                ff_uni2oem
 .text.ff_oem2uni
                0x020084c4       0x40 /opt/devkitpro/libnds/lib/libfat.a(ffunicode.o)
                0x020084c4                ff_oem2uni
 .text.ff_wtoupper
                0x02008504      0x12c /opt/devkitpro/libnds/lib/libfat.a(ffunicode.o)
                0x02008504                ff_wtoupper
 .text.newRow   0x02008630       0xdc /opt/devkitpro/libnds/lib/libnds9.a(console.o)
 .text.consolePrintChar
                0x0200870c       0xe0 /opt/devkitpro/libnds/lib/libnds9.a(console.o)
                0x0200870c                consolePrintChar
 .text.con_write
                0x020087ec      0x320 /opt/devkitpro/libnds/lib/libnds9.a(console.o)
                0x020087ec                con_write
 .text.consoleLoadFont
                0x02008b0c      0x314 /opt/devkitpro/libnds/lib/libnds9.a(console.o)
                0x02008b0c                consoleLoadFont
 .text.consoleInit
                0x02008e20      0x18c /opt/devkitpro/libnds/lib/libnds9.a(console.o)
                0x02008e20                consoleInit
 .text.consoleDemoInit
                0x02008fac       0x40 /opt/devkitpro/libnds/lib/libnds9.a(console.o)
                0x02008fac                consoleDemoInit
 .text.sinLutLookup
                0x02008fec       0x4c /opt/devkitpro/libnds/lib/libnds9.a(trig.o)
                0x02008fec                sinLutLookup
 .text.sinLerp  0x02009038       0x38 /opt/devkitpro/libnds/lib/libnds9.a(trig.o)
                0x02009038                sinLerp
 .text.cosLerp  0x02009070       0x48 /opt/devkitpro/libnds/lib/libnds9.a(trig.o)
                0x02009070                cosLerp
 .text.tanLerp  0x020090b8       0xb0 /opt/devkitpro/libnds/lib/libnds9.a(trig.o)
                0x020090b8                tanLerp
 .text.glRotatef32i
                0x02009168      0x2b8 /opt/devkitpro/libnds/lib/libnds9.a(videoGL_base.o)
                0x02009168                glRotatef32i
 .text._glInitGlobals
                0x02009420        0x4 /opt/devkitpro/libnds/lib/libnds9.a(videoGL_base.o)
                0x02009420                _glInitGlobals
 .text.glInit   0x02009424       0xdc /opt/devkitpro/libnds/lib/libnds9.a(videoGL_base.o)
                0x02009424                glInit
 .text.cpuStartTiming
                0x02009500       0x14 /opt/devkitpro/libnds/lib/libnds9.a(timers.o)
                0x02009500                cpuStartTiming
 .text.cpuGetTiming
                0x02009514       0x18 /opt/devkitpro/libnds/lib/libnds9.a(timers.o)
                0x02009514                cpuGetTiming
 .text.checkIfText
                0x0200952c       0x6c /opt/devkitpro/libnds/lib/libnds9.a(background.o)
                0x0200952c                checkIfText
 .text.bgUpdate
                0x02009598       0xf4 /opt/devkitpro/libnds/lib/libnds9.a(background.o)
                0x02009598                bgUpdate
 .text.bgInit_call
                0x0200968c       0xb0 /opt/devkitpro/libnds/lib/libnds9.a(background.o)
                0x0200968c                bgInit_call
 .text.bgInitSub_call
                0x0200973c       0xb8 /opt/devkitpro/libnds/lib/libnds9.a(background.o)
                0x0200973c                bgInitSub_call
 .text.powerOn  0x020097f4       0x18 /opt/devkitpro/libnds/lib/libnds9.a(system.o)
                0x020097f4                powerOn
 .text.irqSet   0x0200980c       0x64 /opt/devkitpro/calico/lib/libcalico_ds9.a(irq.o)
                0x0200980c                irqSet
 .text._tickCountIsr
                0x02009870       0x1c /opt/devkitpro/calico/lib/libcalico_ds9.a(tick.o)
 .text._tickTaskSchedule.part.0.isra.0
                0x0200988c       0x98 /opt/devkitpro/calico/lib/libcalico_ds9.a(tick.o)
 .text.tickInit
                0x02009924       0x8c /opt/devkitpro/calico/lib/libcalico_ds9.a(tick.o)
                0x02009924                tickInit
 .text.tickGetCount
                0x020099b0       0x6c /opt/devkitpro/calico/lib/libcalico_ds9.a(tick.o)
                0x020099b0                tickGetCount
 .text._tickTaskIsr
                0x02009a1c      0x110 /opt/devkitpro/calico/lib/libcalico_ds9.a(tick.o)
 .text.tickTaskStart
                0x02009b2c      0x11c /opt/devkitpro/calico/lib/libcalico_ds9.a(tick.o)
                0x02009b2c                tickTaskStart
 .text.threadExit
                0x02009c48       0x98 /opt/devkitpro/calico/lib/libcalico_ds9.a(thread_cold.o)
                0x02009c48                threadExit
 .text._threadTickTask
                0x02009ce0       0x10 /opt/devkitpro/calico/lib/libcalico_ds9.a(thread_cold.o)
 .text._threadInit
                0x02009cf0       0x98 /opt/devkitpro/calico/lib/libcalico_ds9.a(thread_cold.o)
                0x02009cf0                _threadInit
 .text.threadPrepare
                0x02009d88       0x98 /opt/devkitpro/calico/lib/libcalico_ds9.a(thread_cold.o)
                0x02009d88                threadPrepare
 .text.threadStart
                0x02009e20       0xc0 /opt/devkitpro/calico/lib/libcalico_ds9.a(thread_cold.o)
                0x02009e20                threadStart
 .text.threadIrqWait
                0x02009ee0       0x98 /opt/devkitpro/calico/lib/libcalico_ds9.a(thread_cold.o)
                0x02009ee0                threadIrqWait
 .text.threadSleepTicks
                0x02009f78       0x58 /opt/devkitpro/calico/lib/libcalico_ds9.a(thread_cold.o)
                0x02009f78                threadSleepTicks
 .text.__syscall_getreent
                0x02009fd0       0x14 /opt/devkitpro/calico/lib/libcalico_ds9.a(newlib_syscalls.o)
                0x02009fd0                __syscall_getreent
 .text.__errno  0x02009fe4       0x24 /opt/devkitpro/calico/lib/libcalico_ds9.a(newlib_syscalls.o)
                0x02009fe4                __errno
 .text.__syscall_gettod_r
                0x0200a008       0x30 /opt/devkitpro/calico/lib/libcalico_ds9.a(newlib_syscalls.o)
                0x0200a008                __syscall_gettod_r
 .text.__syscall_lock_acquire
                0x0200a038        0x4 /opt/devkitpro/calico/lib/libcalico_ds9.a(newlib_syscalls.o)
                0x0200a038                __syscall_lock_acquire
 .text.__syscall_lock_release
                0x0200a03c        0x4 /opt/devkitpro/calico/lib/libcalico_ds9.a(newlib_syscalls.o)
                0x0200a03c                __syscall_lock_release
 .text.__syscall_lock_acquire_recursive
                0x0200a040       0x40 /opt/devkitpro/calico/lib/libcalico_ds9.a(newlib_syscalls.o)
                0x0200a040                __syscall_lock_acquire_recursive
 .text.__syscall_lock_release_recursive
                0x0200a080       0x18 /opt/devkitpro/calico/lib/libcalico_ds9.a(newlib_syscalls.o)
                0x0200a080                __syscall_lock_release_recursive
 .text._pxiMailboxHandler
                0x0200a098        0x4 /opt/devkitpro/calico/lib/libcalico_ds9.a(pxi.o)
 .text._pxiRecvUnhandled
                0x0200a09c        0x4 /opt/devkitpro/calico/lib/libcalico_ds9.a(pxi.o)
                0x0200a09c                _pxiRecvUnhandled
 .text._pxiRecvIrqHandler
                0x0200a0a0      0x154 /opt/devkitpro/calico/lib/libcalico_ds9.a(pxi.o)
 .text._pxiInit
                0x0200a1f4       0x58 /opt/devkitpro/calico/lib/libcalico_ds9.a(pxi.o)
                0x0200a1f4                _pxiInit
 .text.pxiSetHandler
                0x0200a24c       0x74 /opt/devkitpro/calico/lib/libcalico_ds9.a(pxi.o)
                0x0200a24c                pxiSetHandler
 .text.pxiSetMailbox
                0x0200a2c0       0x68 /opt/devkitpro/calico/lib/libcalico_ds9.a(pxi.o)
                0x0200a2c0                pxiSetMailbox
 .text.pxiWaitRemote
                0x0200a328       0x38 /opt/devkitpro/calico/lib/libcalico_ds9.a(pxi.o)
                0x0200a328                pxiWaitRemote
 .text.pxiSendPacket
                0x0200a360       0x50 /opt/devkitpro/calico/lib/libcalico_ds9.a(pxi.o)
                0x0200a360                pxiSendPacket
 .text.pxiSendExtPacket
                0x0200a3b0       0x98 /opt/devkitpro/calico/lib/libcalico_ds9.a(pxi.o)
                0x0200a3b0                pxiSendExtPacket
 .text.pxiBeginReceive
                0x0200a448       0x2c /opt/devkitpro/calico/lib/libcalico_ds9.a(pxi.o)
                0x0200a448                pxiBeginReceive
 .text.pxiEndReceive
                0x0200a474       0x94 /opt/devkitpro/calico/lib/libcalico_ds9.a(pxi.o)
                0x0200a474                pxiEndReceive
 .text.systemUserStartup
                0x0200a508        0x4 /opt/devkitpro/calico/lib/libcalico_ds9.a(sys_startup.o)
                0x0200a508                systemUserStartup
 .text.systemStartup
                0x0200a50c      0x104 /opt/devkitpro/calico/lib/libcalico_ds9.a(sys_startup.o)
                0x0200a50c                systemStartup
 .text._blkDevReadWriteSectors
                0x0200a610       0x44 /opt/devkitpro/calico/lib/libcalico_ds9.a(blk.o)
 .text.blkInit  0x0200a654        0x8 /opt/devkitpro/calico/lib/libcalico_ds9.a(blk.o)
                0x0200a654                blkInit
 .text.blkDevIsPresent
                0x0200a65c       0x30 /opt/devkitpro/calico/lib/libcalico_ds9.a(blk.o)
                0x0200a65c                blkDevIsPresent
 .text.blkDevInit
                0x0200a68c       0x30 /opt/devkitpro/calico/lib/libcalico_ds9.a(blk.o)
                0x0200a68c                blkDevInit
 .text.blkDevGetSectorCount
                0x0200a6bc       0x34 /opt/devkitpro/calico/lib/libcalico_ds9.a(blk.o)
                0x0200a6bc                blkDevGetSectorCount
 .text.blkDevReadSectors
                0x0200a6f0       0x60 /opt/devkitpro/calico/lib/libcalico_ds9.a(blk.o)
                0x0200a6f0                blkDevReadSectors
 .text.blkDevWriteSectors
                0x0200a750       0x60 /opt/devkitpro/calico/lib/libcalico_ds9.a(blk.o)
                0x0200a750                blkDevWriteSectors
 .text.threadUpdateDynamicPrio
                0x0200a7b0      0x1c4 /opt/devkitpro/calico/lib/libcalico_ds9.a(mutex.o)
 .text.threadRemoveWaiter
                0x0200a974      0x1a8 /opt/devkitpro/calico/lib/libcalico_ds9.a(mutex.o)
 .text.mutexLock
                0x0200ab1c      0x144 /opt/devkitpro/calico/lib/libcalico_ds9.a(mutex.o)
                0x0200ab1c                mutexLock
 .text.mutexUnlock
                0x0200ac60       0xbc /opt/devkitpro/calico/lib/libcalico_ds9.a(mutex.o)
                0x0200ac60                mutexUnlock
 .text.mailboxTrySend
                0x0200ad1c       0x9c /opt/devkitpro/calico/lib/libcalico_ds9.a(mailbox.o)
                0x0200ad1c                mailboxTrySend
 .text.mailboxRecv
                0x0200adb8       0x8c /opt/devkitpro/calico/lib/libcalico_ds9.a(mailbox.o)
                0x0200adb8                mailboxRecv
 .text._pmCallEventHandlers
                0x0200ae44       0x40 /opt/devkitpro/calico/lib/libcalico_ds9.a(pm.o)
 .text._pmPxiThreadMain
                0x0200ae84       0xa0 /opt/devkitpro/calico/lib/libcalico_ds9.a(pm.o)
 .text._pmResetPxiHandler
                0x0200af24       0x28 /opt/devkitpro/calico/lib/libcalico_ds9.a(pm.o)
 .text.systemUserExit
                0x0200af4c        0x4 /opt/devkitpro/calico/lib/libcalico_ds9.a(pm.o)
                0x0200af4c                systemUserExit
 .text.systemErrorExit
                0x0200af50        0x4 /opt/devkitpro/calico/lib/libcalico_ds9.a(pm.o)
                0x0200af50                systemErrorExit
 .text.__syscall_exit
                0x0200af54      0x138 /opt/devkitpro/calico/lib/libcalico_ds9.a(pm.o)
                0x0200af54                __syscall_exit
 .text.pmInit   0x0200b08c       0x58 /opt/devkitpro/calico/lib/libcalico_ds9.a(pm.o)
                0x0200b08c                pmInit
 .text._ZdlPvj  0x0200b0e4        0xc /opt/devkitpro/devkitARM/bin/../lib/gcc/arm-none-eabi/14.2.0/../../../../arm-none-eabi/lib/thumb/libstdc++.a(del_ops.o)
                0x0200b0e4                operator delete(void*, unsigned int)
 .text._ZNK9__gnu_cxx24__concurrence_lock_error4whatEv
                0x0200b0f0        0x8 /opt/devkitpro/devkitARM/bin/../lib/gcc/arm-none-eabi/14.2.0/../../../../arm-none-eabi/lib/thumb/libstdc++.a(eh_alloc.o)
                0x0200b0f0                __gnu_cxx::__concurrence_lock_error::what() const
 .text._ZNK9__gnu_cxx26__concurrence_unlock_error4whatEv
                0x0200b0f8        0x8 /opt/devkitpro/devkitARM/bin/../lib/gcc/arm-none-eabi/14.2.0/../../../../arm-none-eabi/lib/thumb/libstdc++.a(eh_alloc.o)
                0x0200b0f8                __gnu_cxx::__concurrence_unlock_error::what() const
 .text._ZN9__gnu_cxx24__concurrence_lock_errorD2Ev
                0x0200b100       0x18 /opt/devkitpro/devkitARM/bin/../lib/gcc/arm-none-eabi/14.2.0/../../../../arm-none-eabi/lib/thumb/libstdc++.a(eh_alloc.o)
                0x0200b100                __gnu_cxx::__concurrence_lock_error::~__concurrence_lock_error()
                0x0200b100                __gnu_cxx::__concurrence_lock_error::~__concurrence_lock_error()
 .text._ZN9__gnu_cxx24__concurrence_lock_errorD0Ev
                0x0200b118       0x20 /opt/devkitpro/devkitARM/bin/../lib/gcc/arm-none-eabi/14.2.0/../../../../arm-none-eabi/lib/thumb/libstdc++.a(eh_alloc.o)
                0x0200b118                __gnu_cxx::__concurrence_lock_error::~__concurrence_lock_error()
 .text._ZN9__gnu_cxx26__concurrence_unlock_errorD2Ev
                0x0200b138       0x18 /opt/devkitpro/devkitARM/bin/../lib/gcc/arm-none-eabi/14.2.0/../../../../arm-none-eabi/lib/thumb/libstdc++.a(eh_alloc.o)
                0x0200b138                __gnu_cxx::__concurrence_unlock_error::~__concurrence_unlock_error()
                0x0200b138                __gnu_cxx::__concurrence_unlock_error::~__concurrence_unlock_error()
 .text._ZN9__gnu_cxx26__concurrence_unlock_errorD0Ev
                0x0200b150       0x20 /opt/devkitpro/devkitARM/bin/../lib/gcc/arm-none-eabi/14.2.0/../../../../arm-none-eabi/lib/thumb/libstdc++.a(eh_alloc.o)
                0x0200b150                __gnu_cxx::__concurrence_unlock_error::~__concurrence_unlock_error()
 .text._ZN12_GLOBAL__N_14pool4freeEPv.constprop.0
                0x0200b170       0xac /opt/devkitpro/devkitARM/bin/../lib/gcc/arm-none-eabi/14.2.0/../../../../arm-none-eabi/lib/thumb/libstdc++.a(eh_alloc.o)
 .text._ZN12_GLOBAL__N_14pool8allocateEj.constprop.0
                0x0200b21c       0x88 /opt/devkitpro/devkitARM/bin/../lib/gcc/arm-none-eabi/14.2.0/../../../../arm-none-eabi/lib/thumb/libstdc++.a(eh_alloc.o)
 .text.__cxa_allocate_exception
                0x0200b2a4       0x30 /opt/devkitpro/devkitARM/bin/../lib/gcc/arm-none-eabi/14.2.0/../../../../arm-none-eabi/lib/thumb/libstdc++.a(eh_alloc.o)
                0x0200b2a4                __cxa_allocate_exception
 .text.__cxa_free_exception
                0x0200b2d4       0x28 /opt/devkitpro/devkitARM/bin/../lib/gcc/arm-none-eabi/14.2.0/../../../../arm-none-eabi/lib/thumb/libstdc++.a(eh_alloc.o)
                0x0200b2d4                __cxa_free_exception
 .text._ZNSt9exceptionD2Ev
                0x0200b2fc        0x4 /opt/devkitpro/devkitARM/bin/../lib/gcc/arm-none-eabi/14.2.0/../../../../arm-none-eabi/lib/thumb/libstdc++.a(eh_exception.o)
                0x0200b2fc                std::exception::~exception()
                0x0200b2fc                std::exception::~exception()
 .text._ZNSt13bad_exceptionD2Ev
                0x0200b300        0x4 /opt/devkitpro/devkitARM/bin/../lib/gcc/arm-none-eabi/14.2.0/../../../../arm-none-eabi/lib/thumb/libstdc++.a(eh_exception.o)
                0x0200b300                std::bad_exception::~bad_exception()
                0x0200b300                std::bad_exception::~bad_exception()
 .text._ZNKSt9exception4whatEv
                0x0200b304        0x8 /opt/devkitpro/devkitARM/bin/../lib/gcc/arm-none-eabi/14.2.0/../../../../arm-none-eabi/lib/thumb/libstdc++.a(eh_exception.o)
                0x0200b304                transaction clone for std::exception::what() const
                0x0200b304                std::exception::what() const
 .text._ZNKSt13bad_exception4whatEv
                0x0200b30c        0x8 /opt/devkitpro/devkitARM/bin/../lib/gcc/arm-none-eabi/14.2.0/../../../../arm-none-eabi/lib/thumb/libstdc++.a(eh_exception.o)
                0x0200b30c                transaction clone for std::bad_exception::what() const
                0x0200b30c                std::bad_exception::what() const
 .text._ZNSt13bad_exceptionD0Ev
                0x0200b314       0x14 /opt/devkitpro/devkitARM/bin/../lib/gcc/arm-none-eabi/14.2.0/../../../../arm-none-eabi/lib/thumb/libstdc++.a(eh_exception.o)
                0x0200b314                std::bad_exception::~bad_exception()
 .text._ZL28read_encoded_value_with_basehjPKhPj
                0x0200b328      0x104 /opt/devkitpro/devkitARM/bin/../lib/gcc/arm-none-eabi/14.2.0/../../../../arm-none-eabi/lib/thumb/libstdc++.a(eh_personality.o)
 .text._ZL21base_of_encoded_valuehP15_Unwind_Context
                0x0200b42c       0x44 /opt/devkitpro/devkitARM/bin/../lib/gcc/arm-none-eabi/14.2.0/../../../../arm-none-eabi/lib/thumb/libstdc++.a(eh_personality.o)
 .text._ZL17parse_lsda_headerP15_Unwind_ContextPKhP16lsda_header_info
                0x0200b470       0x94 /opt/devkitpro/devkitARM/bin/../lib/gcc/arm-none-eabi/14.2.0/../../../../arm-none-eabi/lib/thumb/libstdc++.a(eh_personality.o)
 .text.__gxx_personality_v0
                0x0200b504      0x4f0 /opt/devkitpro/devkitARM/bin/../lib/gcc/arm-none-eabi/14.2.0/../../../../arm-none-eabi/lib/thumb/libstdc++.a(eh_personality.o)
                0x0200b504                __gxx_personality_v0
 .text._ZN10__cxxabiv111__terminateEPFvvE
                0x0200b9f4       0x14 /opt/devkitpro/devkitARM/bin/../lib/gcc/arm-none-eabi/14.2.0/../../../../arm-none-eabi/lib/thumb/libstdc++.a(eh_terminate.o)
                0x0200b9f4                __cxxabiv1::__terminate(void (*)())
 .text._ZSt13get_terminatev
                0x0200ba08       0x40 /opt/devkitpro/devkitARM/bin/../lib/gcc/arm-none-eabi/14.2.0/../../../../arm-none-eabi/lib/thumb/libstdc++.a(eh_terminate.o)
                0x0200ba08                std::get_terminate()
 .text._ZN10__cxxabiv112__unexpectedEPFvvE
                0x0200ba48        0xc /opt/devkitpro/devkitARM/bin/../lib/gcc/arm-none-eabi/14.2.0/../../../../arm-none-eabi/lib/thumb/libstdc++.a(eh_terminate.o)
                0x0200ba48                __cxxabiv1::__unexpected(void (*)())
 .text._ZSt14get_unexpectedv
                0x0200ba54       0x40 /opt/devkitpro/devkitARM/bin/../lib/gcc/arm-none-eabi/14.2.0/../../../../arm-none-eabi/lib/thumb/libstdc++.a(eh_terminate.o)
                0x0200ba54                std::get_unexpected()
 .text._ZL23__gxx_exception_cleanup19_Unwind_Reason_CodeP21_Unwind_Control_Block
                0x0200ba94       0x58 /opt/devkitpro/devkitARM/bin/../lib/gcc/arm-none-eabi/14.2.0/../../../../arm-none-eabi/lib/thumb/libstdc++.a(eh_throw.o)
 .text.__cxa_init_primary_exception
                0x0200baec       0x50 /opt/devkitpro/devkitARM/bin/../lib/gcc/arm-none-eabi/14.2.0/../../../../arm-none-eabi/lib/thumb/libstdc++.a(eh_throw.o)
                0x0200baec                __cxa_init_primary_exception
 .text.__cxa_throw
                0x0200bb3c       0x34 /opt/devkitpro/devkitARM/bin/../lib/gcc/arm-none-eabi/14.2.0/../../../../arm-none-eabi/lib/thumb/libstdc++.a(eh_throw.o)
                0x0200bb3c                __cxa_throw
 .text.__cxa_rethrow
                0x0200bb70       0x70 /opt/devkitpro/devkitARM/bin/../lib/gcc/arm-none-eabi/14.2.0/../../../../arm-none-eabi/lib/thumb/libstdc++.a(eh_throw.o)
                0x0200bb70                __cxa_rethrow
 .text._ZN10__cxxabiv120__si_class_type_infoD2Ev
                0x0200bbe0       0x18 /opt/devkitpro/devkitARM/bin/../lib/gcc/arm-none-eabi/14.2.0/../../../../arm-none-eabi/lib/thumb/libstdc++.a(si_class_type_info.o)
                0x0200bbe0                __cxxabiv1::__si_class_type_info::~__si_class_type_info()
                0x0200bbe0                __cxxabiv1::__si_class_type_info::~__si_class_type_info()
 .text._ZN10__cxxabiv120__si_class_type_infoD0Ev
                0x0200bbf8       0x20 /opt/devkitpro/devkitARM/bin/../lib/gcc/arm-none-eabi/14.2.0/../../../../arm-none-eabi/lib/thumb/libstdc++.a(si_class_type_info.o)
                0x0200bbf8                __cxxabiv1::__si_class_type_info::~__si_class_type_info()
 .text._ZNK10__cxxabiv120__si_class_type_info12__do_dyncastEiNS_17__class_type_info10__sub_kindEPKS1_PKvS4_S6_RNS1_16__dyncast_resultE
                0x0200bc18       0xd8 /opt/devkitpro/devkitARM/bin/../lib/gcc/arm-none-eabi/14.2.0/../../../../arm-none-eabi/lib/thumb/libstdc++.a(si_class_type_info.o)
                0x0200bc18                __cxxabiv1::__si_class_type_info::__do_dyncast(int, __cxxabiv1::__class_type_info::__sub_kind, __cxxabiv1::__class_type_info const*, void const*, __cxxabiv1::__class_type_info const*, void const*, __cxxabiv1::__class_type_info::__dyncast_result&) const
 .text._ZNK10__cxxabiv120__si_class_type_info20__do_find_public_srcEiPKvPKNS_17__class_type_infoES2_
                0x0200bcf0       0x5c /opt/devkitpro/devkitARM/bin/../lib/gcc/arm-none-eabi/14.2.0/../../../../arm-none-eabi/lib/thumb/libstdc++.a(si_class_type_info.o)
                0x0200bcf0                __cxxabiv1::__si_class_type_info::__do_find_public_src(int, void const*, __cxxabiv1::__class_type_info const*, void const*) const
 .text._ZNK10__cxxabiv120__si_class_type_info11__do_upcastEPKNS_17__class_type_infoEPKvRNS1_15__upcast_resultE
                0x0200bd4c       0x2c /opt/devkitpro/devkitARM/bin/../lib/gcc/arm-none-eabi/14.2.0/../../../../arm-none-eabi/lib/thumb/libstdc++.a(si_class_type_info.o)
                0x0200bd4c                __cxxabiv1::__si_class_type_info::__do_upcast(__cxxabiv1::__class_type_info const*, void const*, __cxxabiv1::__class_type_info::__upcast_result&) const
 .text._ZNSt9type_infoD2Ev
                0x0200bd78        0x4 /opt/devkitpro/devkitARM/bin/../lib/gcc/arm-none-eabi/14.2.0/../../../../arm-none-eabi/lib/thumb/libstdc++.a(tinfo.o)
                0x0200bd78                std::type_info::~type_info()
                0x0200bd78                std::type_info::~type_info()
 .text._ZNKSt9type_info14__is_pointer_pEv
                0x0200bd7c        0x4 /opt/devkitpro/devkitARM/bin/../lib/gcc/arm-none-eabi/14.2.0/../../../../arm-none-eabi/lib/thumb/libstdc++.a(tinfo.o)
                0x0200bd7c                std::type_info::__is_function_p() const
                0x0200bd7c                std::type_info::__is_pointer_p() const
 .text._ZN9__gnu_cxx18__exchange_and_addEPVii
                0x0200bd80       0x9c /opt/devkitpro/devkitARM/bin/../lib/gcc/arm-none-eabi/14.2.0/../../../../arm-none-eabi/lib/thumb/libstdc++.a(atomicity.o)
                0x0200bd80                __gnu_cxx::__exchange_and_add(int volatile*, int)
 .text._ZNK10__cxxabiv117__class_type_info11__do_upcastEPKS0_PPv
                0x0200be1c       0x3c /opt/devkitpro/devkitARM/bin/../lib/gcc/arm-none-eabi/14.2.0/../../../../arm-none-eabi/lib/thumb/libstdc++.a(class_type_info.o)
                0x0200be1c                __cxxabiv1::__class_type_info::__do_upcast(__cxxabiv1::__class_type_info const*, void**) const
 .text._ZNK10__cxxabiv117__class_type_info20__do_find_public_srcEiPKvPKS0_S2_
                0x0200be58       0x14 /opt/devkitpro/devkitARM/bin/../lib/gcc/arm-none-eabi/14.2.0/../../../../arm-none-eabi/lib/thumb/libstdc++.a(class_type_info.o)
                0x0200be58                __cxxabiv1::__class_type_info::__do_find_public_src(int, void const*, __cxxabiv1::__class_type_info const*, void const*) const
 .text._ZN10__cxxabiv117__class_type_infoD2Ev
                0x0200be6c       0x18 /opt/devkitpro/devkitARM/bin/../lib/gcc/arm-none-eabi/14.2.0/../../../../arm-none-eabi/lib/thumb/libstdc++.a(class_type_info.o)
                0x0200be6c                __cxxabiv1::__class_type_info::~__class_type_info()
                0x0200be6c                __cxxabiv1::__class_type_info::~__class_type_info()
 .text._ZN10__cxxabiv117__class_type_infoD0Ev
                0x0200be84       0x20 /opt/devkitpro/devkitARM/bin/../lib/gcc/arm-none-eabi/14.2.0/../../../../arm-none-eabi/lib/thumb/libstdc++.a(class_type_info.o)
                0x0200be84                __cxxabiv1::__class_type_info::~__class_type_info()
 .text._ZNK10__cxxabiv117__class_type_info11__do_upcastEPKS0_PKvRNS0_15__upcast_resultE
                0x0200bea4       0x3c /opt/devkitpro/devkitARM/bin/../lib/gcc/arm-none-eabi/14.2.0/../../../../arm-none-eabi/lib/thumb/libstdc++.a(class_type_info.o)
                0x0200bea4                __cxxabiv1::__class_type_info::__do_upcast(__cxxabiv1::__class_type_info const*, void const*, __cxxabiv1::__class_type_info::__upcast_result&) const
 .text._ZNK10__cxxabiv117__class_type_info10__do_catchEPKSt9type_infoPPvj
                0x0200bee0       0x54 /opt/devkitpro/devkitARM/bin/../lib/gcc/arm-none-eabi/14.2.0/../../../../arm-none-eabi/lib/thumb/libstdc++.a(class_type_info.o)
                0x0200bee0                __cxxabiv1::__class_type_info::__do_catch(std::type_info const*, void**, unsigned int) const
 .text._ZNK10__cxxabiv117__class_type_info12__do_dyncastEiNS0_10__sub_kindEPKS0_PKvS3_S5_RNS0_16__dyncast_resultE
                0x0200bf34       0x80 /opt/devkitpro/devkitARM/bin/../lib/gcc/arm-none-eabi/14.2.0/../../../../arm-none-eabi/lib/thumb/libstdc++.a(class_type_info.o)
                0x0200bf34                __cxxabiv1::__class_type_info::__do_dyncast(int, __cxxabiv1::__class_type_info::__sub_kind, __cxxabiv1::__class_type_info const*, void const*, __cxxabiv1::__class_type_info const*, void const*, __cxxabiv1::__class_type_info::__dyncast_result&) const
 .text._ZdlPv   0x0200bfb4        0xc /opt/devkitpro/devkitARM/bin/../lib/gcc/arm-none-eabi/14.2.0/../../../../arm-none-eabi/lib/thumb/libstdc++.a(del_op.o)
                0x0200bfb4                operator delete(void*)
 .text.__cxa_end_cleanup
                0x0200bfc0        0xc /opt/devkitpro/devkitARM/bin/../lib/gcc/arm-none-eabi/14.2.0/../../../../arm-none-eabi/lib/thumb/libstdc++.a(eh_arm.o)
                0x0200bfc0                __cxa_end_cleanup
 .text.__cxa_type_match
                0x0200bfcc       0xcc /opt/devkitpro/devkitARM/bin/../lib/gcc/arm-none-eabi/14.2.0/../../../../arm-none-eabi/lib/thumb/libstdc++.a(eh_arm.o)
                0x0200bfcc                __cxa_type_match
 .text.__cxa_begin_cleanup
                0x0200c098       0x64 /opt/devkitpro/devkitARM/bin/../lib/gcc/arm-none-eabi/14.2.0/../../../../arm-none-eabi/lib/thumb/libstdc++.a(eh_arm.o)
                0x0200c098                __cxa_begin_cleanup
 .text.__gnu_end_cleanup
                0x0200c0fc       0x74 /opt/devkitpro/devkitARM/bin/../lib/gcc/arm-none-eabi/14.2.0/../../../../arm-none-eabi/lib/thumb/libstdc++.a(eh_arm.o)
                0x0200c0fc                __gnu_end_cleanup
 .text.__cxa_begin_catch
                0x0200c170       0x78 /opt/devkitpro/devkitARM/bin/../lib/gcc/arm-none-eabi/14.2.0/../../../../arm-none-eabi/lib/thumb/libstdc++.a(eh_catch.o)
                0x0200c170                __cxa_begin_catch
 .text.__cxa_end_catch
                0x0200c1e8       0x94 /opt/devkitpro/devkitARM/bin/../lib/gcc/arm-none-eabi/14.2.0/../../../../arm-none-eabi/lib/thumb/libstdc++.a(eh_catch.o)
                0x0200c1e8                __cxa_end_catch
 .text._ZL15eh_globals_dtorPv
                0x0200c27c       0x28 /opt/devkitpro/devkitARM/bin/../lib/gcc/arm-none-eabi/14.2.0/../../../../arm-none-eabi/lib/thumb/libstdc++.a(eh_globals.o)
 .text.__cxa_get_globals_fast
                0x0200c2a4       0x28 /opt/devkitpro/devkitARM/bin/../lib/gcc/arm-none-eabi/14.2.0/../../../../arm-none-eabi/lib/thumb/libstdc++.a(eh_globals.o)
                0x0200c2a4                __cxa_get_globals_fast
 .text.__cxa_get_globals
                0x0200c2cc       0x50 /opt/devkitpro/devkitARM/bin/../lib/gcc/arm-none-eabi/14.2.0/../../../../arm-none-eabi/lib/thumb/libstdc++.a(eh_globals.o)
                0x0200c2cc                __cxa_get_globals
 .text._ZNK9__gnu_cxx29__concurrence_broadcast_error4whatEv
                0x0200c31c        0x8 /opt/devkitpro/devkitARM/bin/../lib/gcc/arm-none-eabi/14.2.0/../../../../arm-none-eabi/lib/thumb/libstdc++.a(guard.o)
                0x0200c31c                __gnu_cxx::__concurrence_broadcast_error::what() const
 .text._ZNK9__gnu_cxx24__concurrence_wait_error4whatEv
                0x0200c324        0x8 /opt/devkitpro/devkitARM/bin/../lib/gcc/arm-none-eabi/14.2.0/../../../../arm-none-eabi/lib/thumb/libstdc++.a(guard.o)
                0x0200c324                __gnu_cxx::__concurrence_wait_error::what() const
 .text._ZN12_GLOBAL__N_1L4initEv
                0x0200c32c       0x20 /opt/devkitpro/devkitARM/bin/../lib/gcc/arm-none-eabi/14.2.0/../../../../arm-none-eabi/lib/thumb/libstdc++.a(guard.o)
 .text._ZN12_GLOBAL__N_1L16init_static_condEv
                0x0200c34c       0x18 /opt/devkitpro/devkitARM/bin/../lib/gcc/arm-none-eabi/14.2.0/../../../../arm-none-eabi/lib/thumb/libstdc++.a(guard.o)
 .text._ZN9__gnu_cxx24__concurrence_wait_errorD2Ev
                0x0200c364       0x18 /opt/devkitpro/devkitARM/bin/../lib/gcc/arm-none-eabi/14.2.0/../../../../arm-none-eabi/lib/thumb/libstdc++.a(guard.o)
                0x0200c364                __gnu_cxx::__concurrence_wait_error::~__concurrence_wait_error()
                0x0200c364                __gnu_cxx::__concurrence_wait_error::~__concurrence_wait_error()
 .text._ZN9__gnu_cxx24__concurrence_wait_errorD0Ev
                0x0200c37c       0x20 /opt/devkitpro/devkitARM/bin/../lib/gcc/arm-none-eabi/14.2.0/../../../../arm-none-eabi/lib/thumb/libstdc++.a(guard.o)
                0x0200c37c                __gnu_cxx::__concurrence_wait_error::~__concurrence_wait_error()
 .text._ZN9__gnu_cxx29__concurrence_broadcast_errorD2Ev
                0x0200c39c       0x18 /opt/devkitpro/devkitARM/bin/../lib/gcc/arm-none-eabi/14.2.0/../../../../arm-none-eabi/lib/thumb/libstdc++.a(guard.o)
                0x0200c39c                __gnu_cxx::__concurrence_broadcast_error::~__concurrence_broadcast_error()
                0x0200c39c                __gnu_cxx::__concurrence_broadcast_error::~__concurrence_broadcast_error()
 .text._ZN9__gnu_cxx29__concurrence_broadcast_errorD0Ev
                0x0200c3b4       0x20 /opt/devkitpro/devkitARM/bin/../lib/gcc/arm-none-eabi/14.2.0/../../../../arm-none-eabi/lib/thumb/libstdc++.a(guard.o)
                0x0200c3b4                __gnu_cxx::__concurrence_broadcast_error::~__concurrence_broadcast_error()
 .text.__cxa_guard_acquire
                0x0200c3d4      0x12c /opt/devkitpro/devkitARM/bin/../lib/gcc/arm-none-eabi/14.2.0/../../../../arm-none-eabi/lib/thumb/libstdc++.a(guard.o)
                0x0200c3d4                __cxa_guard_acquire
 .text.__cxa_guard_release
                0x0200c500       0x80 /opt/devkitpro/devkitARM/bin/../lib/gcc/arm-none-eabi/14.2.0/../../../../arm-none-eabi/lib/thumb/libstdc++.a(guard.o)
                0x0200c500                __cxa_guard_release
 .text._ZN9__gnu_cxx20recursive_init_errorD2Ev
                0x0200c580       0x18 /opt/devkitpro/devkitARM/bin/../lib/gcc/arm-none-eabi/14.2.0/../../../../arm-none-eabi/lib/thumb/libstdc++.a(guard_error.o)
                0x0200c580                __gnu_cxx::recursive_init_error::~recursive_init_error()
                0x0200c580                __gnu_cxx::recursive_init_error::~recursive_init_error()
 .text._ZN9__gnu_cxx20recursive_init_errorD0Ev
                0x0200c598       0x20 /opt/devkitpro/devkitARM/bin/../lib/gcc/arm-none-eabi/14.2.0/../../../../arm-none-eabi/lib/thumb/libstdc++.a(guard_error.o)
                0x0200c598                __gnu_cxx::recursive_init_error::~recursive_init_error()
 .text._ZN9__gnu_cxx20recursive_init_errorC2Ev
                0x0200c5b8        0xc /opt/devkitpro/devkitARM/bin/../lib/gcc/arm-none-eabi/14.2.0/../../../../arm-none-eabi/lib/thumb/libstdc++.a(guard_error.o)
                0x0200c5b8                __gnu_cxx::recursive_init_error::recursive_init_error()
                0x0200c5b8                __gnu_cxx::recursive_init_error::recursive_init_error()
 .text          0x0200c5c4      0x198 /opt/devkitpro/devkitARM/bin/../lib/gcc/arm-none-eabi/14.2.0/thumb/libgcc.a(_arm_mulsf3.o)
                0x0200c5c4                __mulsf3
                0x0200c5c4                __aeabi_fmul
 .text          0x0200c75c      0x11c /opt/devkitpro/devkitARM/bin/../lib/gcc/arm-none-eabi/14.2.0/thumb/libgcc.a(_udivsi3.o)
                0x0200c75c                __udivsi3
                0x0200c75c                __aeabi_uidiv
                0x0200c858                __aeabi_uidivmod
 .text          0x0200c878      0x150 /opt/devkitpro/devkitARM/bin/../lib/gcc/arm-none-eabi/14.2.0/thumb/libgcc.a(_divsi3.o)
                0x0200c878                __aeabi_idiv
                0x0200c878                __divsi3
                0x0200c9a8                __aeabi_idivmod
 .text          0x0200c9c8        0x4 /opt/devkitpro/devkitARM/bin/../lib/gcc/arm-none-eabi/14.2.0/thumb/libgcc.a(_dvmd_tls.o)
                0x0200c9c8                __aeabi_ldiv0
                0x0200c9c8                __aeabi_idiv0
 .text          0x0200c9cc      0x424 /opt/devkitpro/devkitARM/bin/../lib/gcc/arm-none-eabi/14.2.0/thumb/libgcc.a(_arm_addsubdf3.o)
                0x0200c9cc                __aeabi_drsub
                0x0200c9d4                __aeabi_dsub
                0x0200c9d4                __subdf3
                0x0200c9d8                __adddf3
                0x0200c9d8                __aeabi_dadd
                0x0200cce8                __aeabi_ui2d
                0x0200cce8                __floatunsidf
                0x0200cd0c                __floatsidf
                0x0200cd0c                __aeabi_i2d
                0x0200cd34                __extendsfdf2
                0x0200cd34                __aeabi_f2d
                0x0200cd7c                __aeabi_ul2d
                0x0200cd7c                __floatundidf
                0x0200cd90                __floatdidf
                0x0200cd90                __aeabi_l2d
 .text          0x0200cdf0      0x49c /opt/devkitpro/devkitARM/bin/../lib/gcc/arm-none-eabi/14.2.0/thumb/libgcc.a(_arm_muldivdf3.o)
                0x0200cdf0                __aeabi_dmul
                0x0200cdf0                __muldf3
                0x0200d080                __aeabi_ddiv
                0x0200d080                __divdf3
 .text          0x0200d28c       0x5c /opt/devkitpro/devkitARM/bin/../lib/gcc/arm-none-eabi/14.2.0/thumb/libgcc.a(_arm_fixdfsi.o)
                0x0200d28c                __fixdfsi
                0x0200d28c                __aeabi_d2iz
 .text          0x0200d2e8       0xa0 /opt/devkitpro/devkitARM/bin/../lib/gcc/arm-none-eabi/14.2.0/thumb/libgcc.a(_arm_truncdfsf2.o)
                0x0200d2e8                __aeabi_d2f
                0x0200d2e8                __truncdfsf2
 .text          0x0200d388      0x2ac /opt/devkitpro/devkitARM/bin/../lib/gcc/arm-none-eabi/14.2.0/thumb/libgcc.a(_arm_addsubsf3.o)
                0x0200d388                __aeabi_frsub
                0x0200d390                __subsf3
                0x0200d390                __aeabi_fsub
                0x0200d394                __aeabi_fadd
                0x0200d394                __addsf3
                0x0200d550                __aeabi_ui2f
                0x0200d550                __floatunsisf
                0x0200d558                __aeabi_i2f
                0x0200d558                __floatsisf
                0x0200d578                __floatundisf
                0x0200d578                __aeabi_ul2f
                0x0200d588                __floatdisf
                0x0200d588                __aeabi_l2f
 .text          0x0200d634       0x5c /opt/devkitpro/devkitARM/bin/../lib/gcc/arm-none-eabi/14.2.0/thumb/libgcc.a(_arm_fixsfsi.o)
                0x0200d634                __fixsfsi
                0x0200d634                __aeabi_f2iz
 .text          0x0200d690       0x3c /opt/devkitpro/devkitARM/bin/../lib/gcc/arm-none-eabi/14.2.0/thumb/libgcc.a(_aeabi_uldivmod.o)
                0x0200d690                __aeabi_uldivmod
 .text          0x0200d6cc        0x4 /opt/devkitpro/devkitARM/bin/../lib/gcc/arm-none-eabi/14.2.0/thumb/libgcc.a(_sync_none.o)
                0x0200d6cc                __sync_synchronize_none
 .text.__muldi3
                0x0200d6d0       0x64 /opt/devkitpro/devkitARM/bin/../lib/gcc/arm-none-eabi/14.2.0/thumb/libgcc.a(_muldi3.o)
                0x0200d6d0                __aeabi_lmul
                0x0200d6d0                __muldi3
 .text.__udivmoddi4
                0x0200d734      0x19c /opt/devkitpro/devkitARM/bin/../lib/gcc/arm-none-eabi/14.2.0/thumb/libgcc.a(_udivmoddi4.o)
                0x0200d734                __udivmoddi4
 .text.selfrel_offset31
                0x0200d8d0       0x18 /opt/devkitpro/devkitARM/bin/../lib/gcc/arm-none-eabi/14.2.0/thumb/libgcc.a(unwind-arm.o)
 .text.search_EIT_table
                0x0200d8e8       0x74 /opt/devkitpro/devkitARM/bin/../lib/gcc/arm-none-eabi/14.2.0/thumb/libgcc.a(unwind-arm.o)
 .text.__gnu_unwind_get_pr_addr
                0x0200d95c       0x28 /opt/devkitpro/devkitARM/bin/../lib/gcc/arm-none-eabi/14.2.0/thumb/libgcc.a(unwind-arm.o)
 .text.get_eit_entry
                0x0200d984       0x98 /opt/devkitpro/devkitARM/bin/../lib/gcc/arm-none-eabi/14.2.0/thumb/libgcc.a(unwind-arm.o)
 .text.restore_non_core_regs
                0x0200da1c       0x60 /opt/devkitpro/devkitARM/bin/../lib/gcc/arm-none-eabi/14.2.0/thumb/libgcc.a(unwind-arm.o)
 .text._Unwind_decode_typeinfo_ptr.constprop.0
                0x0200da7c        0xc /opt/devkitpro/devkitARM/bin/../lib/gcc/arm-none-eabi/14.2.0/thumb/libgcc.a(unwind-arm.o)
 .text._Unwind_DebugHook
                0x0200da88        0x4 /opt/devkitpro/devkitARM/bin/../lib/gcc/arm-none-eabi/14.2.0/thumb/libgcc.a(unwind-arm.o)
 .text.unwind_phase2
                0x0200da8c       0x40 /opt/devkitpro/devkitARM/bin/../lib/gcc/arm-none-eabi/14.2.0/thumb/libgcc.a(unwind-arm.o)
 .text.unwind_phase2_forced
                0x0200dacc       0xe8 /opt/devkitpro/devkitARM/bin/../lib/gcc/arm-none-eabi/14.2.0/thumb/libgcc.a(unwind-arm.o)
 .text.__gnu_Unwind_RaiseException
                0x0200dbb4       0x5c /opt/devkitpro/devkitARM/bin/../lib/gcc/arm-none-eabi/14.2.0/thumb/libgcc.a(unwind-arm.o)
                0x0200dbb4                __gnu_Unwind_RaiseException
 .text.__gnu_Unwind_ForcedUnwind
                0x0200dc10       0x18 /opt/devkitpro/devkitARM/bin/../lib/gcc/arm-none-eabi/14.2.0/thumb/libgcc.a(unwind-arm.o)
                0x0200dc10                __gnu_Unwind_ForcedUnwind
 .text.__gnu_Unwind_Resume
                0x0200dc28       0x4c /opt/devkitpro/devkitARM/bin/../lib/gcc/arm-none-eabi/14.2.0/thumb/libgcc.a(unwind-arm.o)
                0x0200dc28                __gnu_Unwind_Resume
 .text.__gnu_Unwind_Resume_or_Rethrow
                0x0200dc74       0x20 /opt/devkitpro/devkitARM/bin/../lib/gcc/arm-none-eabi/14.2.0/thumb/libgcc.a(unwind-arm.o)
                0x0200dc74                __gnu_Unwind_Resume_or_Rethrow
 .text._Unwind_Complete
                0x0200dc94        0x4 /opt/devkitpro/devkitARM/bin/../lib/gcc/arm-none-eabi/14.2.0/thumb/libgcc.a(unwind-arm.o)
                0x0200dc94                _Unwind_Complete
 .text._Unwind_DeleteException
                0x0200dc98       0x18 /opt/devkitpro/devkitARM/bin/../lib/gcc/arm-none-eabi/14.2.0/thumb/libgcc.a(unwind-arm.o)
                0x0200dc98                _Unwind_DeleteException
 .text._Unwind_VRS_Get
                0x0200dcb0       0x44 /opt/devkitpro/devkitARM/bin/../lib/gcc/arm-none-eabi/14.2.0/thumb/libgcc.a(unwind-arm.o)
                0x0200dcb0                _Unwind_VRS_Get
 .text._Unwind_GetGR
                0x0200dcf4       0x1c /opt/devkitpro/devkitARM/bin/../lib/gcc/arm-none-eabi/14.2.0/thumb/libgcc.a(unwind-arm.o)
 .text._Unwind_VRS_Set
                0x0200dd10       0x44 /opt/devkitpro/devkitARM/bin/../lib/gcc/arm-none-eabi/14.2.0/thumb/libgcc.a(unwind-arm.o)
                0x0200dd10                _Unwind_VRS_Set
 .text._Unwind_SetGR
                0x0200dd54       0x1c /opt/devkitpro/devkitARM/bin/../lib/gcc/arm-none-eabi/14.2.0/thumb/libgcc.a(unwind-arm.o)
 .text.__gnu_Unwind_Backtrace
                0x0200dd70       0x8c /opt/devkitpro/devkitARM/bin/../lib/gcc/arm-none-eabi/14.2.0/thumb/libgcc.a(unwind-arm.o)
                0x0200dd70                __gnu_Unwind_Backtrace
 .text.__gnu_unwind_pr_common
                0x0200ddfc      0x2cc /opt/devkitpro/devkitARM/bin/../lib/gcc/arm-none-eabi/14.2.0/thumb/libgcc.a(unwind-arm.o)
 .text.__aeabi_unwind_cpp_pr0
                0x0200e0c8       0x10 /opt/devkitpro/devkitARM/bin/../lib/gcc/arm-none-eabi/14.2.0/thumb/libgcc.a(unwind-arm.o)
                0x0200e0c8                __aeabi_unwind_cpp_pr0
 .text.__aeabi_unwind_cpp_pr1
                0x0200e0d8       0x10 /opt/devkitpro/devkitARM/bin/../lib/gcc/arm-none-eabi/14.2.0/thumb/libgcc.a(unwind-arm.o)
                0x0200e0d8                __aeabi_unwind_cpp_pr1
 .text.__aeabi_unwind_cpp_pr2
                0x0200e0e8       0x10 /opt/devkitpro/devkitARM/bin/../lib/gcc/arm-none-eabi/14.2.0/thumb/libgcc.a(unwind-arm.o)
                0x0200e0e8                __aeabi_unwind_cpp_pr2
 .text._Unwind_VRS_Pop
                0x0200e0f8      0x2e4 /opt/devkitpro/devkitARM/bin/../lib/gcc/arm-none-eabi/14.2.0/thumb/libgcc.a(unwind-arm.o)
                0x0200e0f8                _Unwind_VRS_Pop
 .text          0x0200e3dc      0x1d8 /opt/devkitpro/devkitARM/bin/../lib/gcc/arm-none-eabi/14.2.0/thumb/libgcc.a(libunwind.o)
                0x0200e3dc                __restore_core_regs
                0x0200e3dc                restore_core_regs
                0x0200e3f8                __gnu_Unwind_Restore_VFP
                0x0200e400                __gnu_Unwind_Save_VFP
                0x0200e408                __gnu_Unwind_Restore_VFP_D
                0x0200e410                __gnu_Unwind_Save_VFP_D
                0x0200e418                __gnu_Unwind_Restore_VFP_D_16_to_31
                0x0200e420                __gnu_Unwind_Save_VFP_D_16_to_31
                0x0200e428                __gnu_Unwind_Restore_WMMXD
                0x0200e46c                __gnu_Unwind_Save_WMMXD
                0x0200e4b0                __gnu_Unwind_Restore_WMMXC
                0x0200e4c4                __gnu_Unwind_Save_WMMXC
                0x0200e4d8                ___Unwind_RaiseException
                0x0200e4d8                _Unwind_RaiseException
                0x0200e504                ___Unwind_Resume
                0x0200e504                _Unwind_Resume
                0x0200e530                _Unwind_Resume_or_Rethrow
                0x0200e530                ___Unwind_Resume_or_Rethrow
                0x0200e55c                ___Unwind_ForcedUnwind
                0x0200e55c                _Unwind_ForcedUnwind
                0x0200e588                _Unwind_Backtrace
                0x0200e588                ___Unwind_Backtrace
 .text.next_unwind_byte
                0x0200e5b4       0x34 /opt/devkitpro/devkitARM/bin/../lib/gcc/arm-none-eabi/14.2.0/thumb/libgcc.a(pr-support.o)
 .text._Unwind_GetGR.constprop.0
                0x0200e5e8       0x1c /opt/devkitpro/devkitARM/bin/../lib/gcc/arm-none-eabi/14.2.0/thumb/libgcc.a(pr-support.o)
 .text.unwind_UCB_from_context
                0x0200e604        0xc /opt/devkitpro/devkitARM/bin/../lib/gcc/arm-none-eabi/14.2.0/thumb/libgcc.a(pr-support.o)
 .text.__gnu_unwind_execute
                0x0200e610      0x30c /opt/devkitpro/devkitARM/bin/../lib/gcc/arm-none-eabi/14.2.0/thumb/libgcc.a(pr-support.o)
                0x0200e610                __gnu_unwind_execute
 .text.__gnu_unwind_frame
                0x0200e91c       0x2c /opt/devkitpro/devkitARM/bin/../lib/gcc/arm-none-eabi/14.2.0/thumb/libgcc.a(pr-support.o)
                0x0200e91c                __gnu_unwind_frame
 .text._Unwind_GetRegionStart
                0x0200e948       0x10 /opt/devkitpro/devkitARM/bin/../lib/gcc/arm-none-eabi/14.2.0/thumb/libgcc.a(pr-support.o)
                0x0200e948                _Unwind_GetRegionStart
 .text._Unwind_GetLanguageSpecificData
                0x0200e958       0x18 /opt/devkitpro/devkitARM/bin/../lib/gcc/arm-none-eabi/14.2.0/thumb/libgcc.a(pr-support.o)
                0x0200e958                _Unwind_GetLanguageSpecificData
 .text          0x0200e970       0x28 /opt/devkitpro/devkitARM/bin/../lib/gcc/arm-none-eabi/14.2.0/thumb/libgcc.a(_clzdi2.o)
                0x0200e970                __clzdi2
 .text          0x0200e998       0x48 /opt/devkitpro/devkitARM/bin/../lib/gcc/arm-none-eabi/14.2.0/thumb/libgcc.a(_clzsi2.o)
                0x0200e998                __clzsi2
 .text.strchr   0x0200e9e0       0xc8 /opt/devkitpro/devkitARM/bin/../lib/gcc/arm-none-eabi/14.2.0/../../../../arm-none-eabi/lib/thumb/libg.a(libc_a-strchr.o)
                0x0200e9e0                strchr
 .text.getenv   0x0200eaa8       0x1c /opt/devkitpro/devkitARM/bin/../lib/gcc/arm-none-eabi/14.2.0/../../../../arm-none-eabi/lib/thumb/libg.a(libc_a-getenv.o)
                0x0200eaa8                getenv
 .text.sprintf  0x0200eac4       0x44 /opt/devkitpro/devkitARM/bin/../lib/gcc/arm-none-eabi/14.2.0/../../../../arm-none-eabi/lib/thumb/libg.a(libc_a-sprintf.o)
                0x0200eac4                sprintf
 .text.memcmp   0x0200eb08       0x4c /opt/devkitpro/devkitARM/bin/../lib/gcc/arm-none-eabi/14.2.0/../../../../arm-none-eabi/lib/thumb/libg.a(libc_a-memcmp.o)
                0x0200eb08                memcmp
 .text._strtoul_l.isra.0
                0x0200eb54      0x154 /opt/devkitpro/devkitARM/bin/../lib/gcc/arm-none-eabi/14.2.0/../../../../arm-none-eabi/lib/thumb/libg.a(libc_a-strtoul.o)
 .text._strtoul_r
                0x0200eca8       0x20 /opt/devkitpro/devkitARM/bin/../lib/gcc/arm-none-eabi/14.2.0/../../../../arm-none-eabi/lib/thumb/libg.a(libc_a-strtoul.o)
                0x0200eca8                _strtoul_r
 .text.strtoul  0x0200ecc8       0x24 /opt/devkitpro/devkitARM/bin/../lib/gcc/arm-none-eabi/14.2.0/../../../../arm-none-eabi/lib/thumb/libg.a(libc_a-strtoul.o)
                0x0200ecc8                strtoul
 .text.calloc   0x0200ecec       0x18 /opt/devkitpro/devkitARM/bin/../lib/gcc/arm-none-eabi/14.2.0/../../../../arm-none-eabi/lib/thumb/libg.a(libc_a-calloc.o)
                0x0200ecec                calloc
 .text.siscanf  0x0200ed04       0x50 /opt/devkitpro/devkitARM/bin/../lib/gcc/arm-none-eabi/14.2.0/../../../../arm-none-eabi/lib/thumb/libg.a(libc_a-siscanf.o)
                0x0200ed04                siscanf
 .text.__sread  0x0200ed54       0x34 /opt/devkitpro/devkitARM/bin/../lib/gcc/arm-none-eabi/14.2.0/../../../../arm-none-eabi/lib/thumb/libg.a(libc_a-stdio.o)
                0x0200ed54                __sread
 .text.__seofread
                0x0200ed88        0x4 /opt/devkitpro/devkitARM/bin/../lib/gcc/arm-none-eabi/14.2.0/../../../../arm-none-eabi/lib/thumb/libg.a(libc_a-stdio.o)
                0x0200ed88                __seofread
 .text.__swrite
                0x0200ed8c       0x4c /opt/devkitpro/devkitARM/bin/../lib/gcc/arm-none-eabi/14.2.0/../../../../arm-none-eabi/lib/thumb/libg.a(libc_a-stdio.o)
                0x0200ed8c                __swrite
 .text.__sseek  0x0200edd8       0x3c /opt/devkitpro/devkitARM/bin/../lib/gcc/arm-none-eabi/14.2.0/../../../../arm-none-eabi/lib/thumb/libg.a(libc_a-stdio.o)
                0x0200edd8                __sseek
 .text.__sclose
                0x0200ee14       0x10 /opt/devkitpro/devkitARM/bin/../lib/gcc/arm-none-eabi/14.2.0/../../../../arm-none-eabi/lib/thumb/libg.a(libc_a-stdio.o)
                0x0200ee14                __sclose
 .text.strrchr  0x0200ee24       0x30 /opt/devkitpro/devkitARM/bin/../lib/gcc/arm-none-eabi/14.2.0/../../../../arm-none-eabi/lib/thumb/libg.a(libc_a-strrchr.o)
                0x0200ee24                strrchr
 .text.aligned_alloc
                0x0200ee54       0x18 /opt/devkitpro/devkitARM/bin/../lib/gcc/arm-none-eabi/14.2.0/../../../../arm-none-eabi/lib/thumb/libg.a(libc_a-aligned_alloc.o)
                0x0200ee54                aligned_alloc
 .text.abort    0x0200ee6c       0x10 /opt/devkitpro/devkitARM/bin/../lib/gcc/arm-none-eabi/14.2.0/../../../../arm-none-eabi/lib/thumb/libg.a(libc_a-abort.o)
                0x0200ee6c                abort
 .text._calloc_r
                0x0200ee7c       0xb8 /opt/devkitpro/devkitARM/bin/../lib/gcc/arm-none-eabi/14.2.0/../../../../arm-none-eabi/lib/thumb/libg.a(libc_a-callocr.o)
                0x0200ee7c                _calloc_r
 .text.validate_structure
                0x0200ef34      0x1f0 /opt/devkitpro/devkitARM/bin/../lib/gcc/arm-none-eabi/14.2.0/../../../../arm-none-eabi/lib/thumb/libg.a(libc_a-mktime.o)
 .text.mktime   0x0200f124      0x43c /opt/devkitpro/devkitARM/bin/../lib/gcc/arm-none-eabi/14.2.0/../../../../arm-none-eabi/lib/thumb/libg.a(libc_a-mktime.o)
                0x0200f124                mktime
 .text.__tz_lock
                0x0200f560       0x14 /opt/devkitpro/devkitARM/bin/../lib/gcc/arm-none-eabi/14.2.0/../../../../arm-none-eabi/lib/thumb/libg.a(libc_a-tzlock.o)
                0x0200f560                __tz_lock
 .text.__tz_unlock
                0x0200f574       0x14 /opt/devkitpro/devkitARM/bin/../lib/gcc/arm-none-eabi/14.2.0/../../../../arm-none-eabi/lib/thumb/libg.a(libc_a-tzlock.o)
                0x0200f574                __tz_unlock
 .text._malloc_r
                0x0200f588      0x588 /opt/devkitpro/devkitARM/bin/../lib/gcc/arm-none-eabi/14.2.0/../../../../arm-none-eabi/lib/thumb/libg.a(libc_a-mallocr.o)
                0x0200f588                _malloc_r
 .text._malloc_trim_r
                0x0200fb10       0xac /opt/devkitpro/devkitARM/bin/../lib/gcc/arm-none-eabi/14.2.0/../../../../arm-none-eabi/lib/thumb/libg.a(libc_a-freer.o)
                0x0200fb10                _malloc_trim_r
 .text._free_r  0x0200fbbc      0x1f4 /opt/devkitpro/devkitARM/bin/../lib/gcc/arm-none-eabi/14.2.0/../../../../arm-none-eabi/lib/thumb/libg.a(libc_a-freer.o)
                0x0200fbbc                _free_r
 .text.get_arg  0x0200fdb0      0x428 /opt/devkitpro/devkitARM/bin/../lib/gcc/arm-none-eabi/14.2.0/../../../../arm-none-eabi/lib/thumb/libg.a(libc_a-svfprintf.o)
 .text._svfprintf_r
                0x020101d8     0x23dc /opt/devkitpro/devkitARM/bin/../lib/gcc/arm-none-eabi/14.2.0/../../../../arm-none-eabi/lib/thumb/libg.a(libc_a-svfprintf.o)
                0x020101d8                _svfprintf_r
 .text.setvbuf  0x020125b4      0x1ac /opt/devkitpro/devkitARM/bin/../lib/gcc/arm-none-eabi/14.2.0/../../../../arm-none-eabi/lib/thumb/libg.a(libc_a-setvbuf.o)
                0x020125b4                setvbuf
 .text.strnlen  0x02012760       0x24 /opt/devkitpro/devkitARM/bin/../lib/gcc/arm-none-eabi/14.2.0/../../../../arm-none-eabi/lib/thumb/libg.a(libc_a-strnlen.o)
                0x02012760                strnlen
 .text.malloc   0x02012784       0x28 /opt/devkitpro/devkitARM/bin/../lib/gcc/arm-none-eabi/14.2.0/../../../../arm-none-eabi/lib/thumb/libg.a(libc_a-malloc.o)
                0x02012784                malloc
 .text.free     0x020127ac       0x14 /opt/devkitpro/devkitARM/bin/../lib/gcc/arm-none-eabi/14.2.0/../../../../arm-none-eabi/lib/thumb/libg.a(libc_a-malloc.o)
                0x020127ac                free
 .text.memcpy   0x020127c0       0xb0 /opt/devkitpro/devkitARM/bin/../lib/gcc/arm-none-eabi/14.2.0/../../../../arm-none-eabi/lib/thumb/libg.a(libc_a-memcpy-stub.o)
                0x020127c0                memcpy
 .text.printf   0x02012870       0x24 /opt/devkitpro/devkitARM/bin/../lib/gcc/arm-none-eabi/14.2.0/../../../../arm-none-eabi/lib/thumb/libg.a(libc_a-printf.o)
                0x02012870                printf
 .text.time     0x02012894       0x38 /opt/devkitpro/devkitARM/bin/../lib/gcc/arm-none-eabi/14.2.0/../../../../arm-none-eabi/lib/thumb/libg.a(libc_a-time.o)
                0x02012894                time
 .text._puts_r  0x020128cc       0x88 /opt/devkitpro/devkitARM/bin/../lib/gcc/arm-none-eabi/14.2.0/../../../../arm-none-eabi/lib/thumb/libg.a(libc_a-puts.o)
                0x020128cc                _puts_r
 .text.puts     0x02012954       0x14 /opt/devkitpro/devkitARM/bin/../lib/gcc/arm-none-eabi/14.2.0/../../../../arm-none-eabi/lib/thumb/libg.a(libc_a-puts.o)
                0x02012954                puts
 .text._findenv_r
                0x02012968       0x94 /opt/devkitpro/devkitARM/bin/../lib/gcc/arm-none-eabi/14.2.0/../../../../arm-none-eabi/lib/thumb/libg.a(libc_a-getenv_r.o)
                0x02012968                _findenv_r
 .text._getenv_r
                0x020129fc       0x10 /opt/devkitpro/devkitARM/bin/../lib/gcc/arm-none-eabi/14.2.0/../../../../arm-none-eabi/lib/thumb/libg.a(libc_a-getenv_r.o)
                0x020129fc                _getenv_r
 .text.memset   0x02012a0c       0x98 /opt/devkitpro/devkitARM/bin/../lib/gcc/arm-none-eabi/14.2.0/../../../../arm-none-eabi/lib/thumb/libg.a(libc_a-memset.o)
                0x02012a0c                memset
 .text.localtime_r
                0x02012aa4      0x228 /opt/devkitpro/devkitARM/bin/../lib/gcc/arm-none-eabi/14.2.0/../../../../arm-none-eabi/lib/thumb/libg.a(libc_a-lcltime_r.o)
                0x02012aa4                localtime_r
 .text.__malloc_lock
                0x02012ccc       0x14 /opt/devkitpro/devkitARM/bin/../lib/gcc/arm-none-eabi/14.2.0/../../../../arm-none-eabi/lib/thumb/libg.a(libc_a-mlock.o)
                0x02012ccc                __malloc_lock
 .text.__malloc_unlock
                0x02012ce0       0x14 /opt/devkitpro/devkitARM/bin/../lib/gcc/arm-none-eabi/14.2.0/../../../../arm-none-eabi/lib/thumb/libg.a(libc_a-mlock.o)
                0x02012ce0                __malloc_unlock
 .text.__tzcalc_limits
                0x02012cf4      0x1b4 /opt/devkitpro/devkitARM/bin/../lib/gcc/arm-none-eabi/14.2.0/../../../../arm-none-eabi/lib/thumb/libg.a(libc_a-tzcalc_limits.o)
                0x02012cf4                __tzcalc_limits
 .text.__call_exitprocs
                0x02012ea8        0xc /opt/devkitpro/devkitARM/bin/../lib/gcc/arm-none-eabi/14.2.0/../../../../arm-none-eabi/lib/thumb/libg.a(libc_a-exit.o)
                0x02012ea8                __call_exitprocs
 .text.strncpy  0x02012eb4       0x68 /opt/devkitpro/devkitARM/bin/../lib/gcc/arm-none-eabi/14.2.0/../../../../arm-none-eabi/lib/thumb/libg.a(libc_a-strncpy.o)
                0x02012eb4                strncpy
 .text._wcsrtombs_r
                0x02012f1c       0x1c /opt/devkitpro/devkitARM/bin/../lib/gcc/arm-none-eabi/14.2.0/../../../../arm-none-eabi/lib/thumb/libg.a(libc_a-wcsrtombs.o)
                0x02012f1c                _wcsrtombs_r
 .text          0x02012f38      0x224 /opt/devkitpro/devkitARM/bin/../lib/gcc/arm-none-eabi/14.2.0/../../../../arm-none-eabi/lib/thumb/libg.a(libc_a-strcmp.o)
                0x02012f38                strcmp
 .text.__libc_init_array
                0x0201315c       0x54 /opt/devkitpro/devkitARM/bin/../lib/gcc/arm-none-eabi/14.2.0/../../../../arm-none-eabi/lib/thumb/libg.a(libc_a-init.o)
                0x0201315c                __libc_init_array
 .text.__sflush_r
                0x020131b0      0x194 /opt/devkitpro/devkitARM/bin/../lib/gcc/arm-none-eabi/14.2.0/../../../../arm-none-eabi/lib/thumb/libg.a(libc_a-fflush.o)
                0x020131b0                __sflush_r
 .text._fflush_r
                0x02013344       0x70 /opt/devkitpro/devkitARM/bin/../lib/gcc/arm-none-eabi/14.2.0/../../../../arm-none-eabi/lib/thumb/libg.a(libc_a-fflush.o)
                0x02013344                _fflush_r
 .text.frexp    0x020133b4       0x6c /opt/devkitpro/devkitARM/bin/../lib/gcc/arm-none-eabi/14.2.0/../../../../arm-none-eabi/lib/thumb/libg.a(libm_a-s_frexp.o)
                0x020133b4                frexp
 .text.strncmp  0x02013420       0x6c /opt/devkitpro/devkitARM/bin/../lib/gcc/arm-none-eabi/14.2.0/../../../../arm-none-eabi/lib/thumb/libg.a(libc_a-strncmp.o)
                0x02013420                strncmp
 .text.strlen   0x0201348c       0x60 /opt/devkitpro/devkitARM/bin/../lib/gcc/arm-none-eabi/14.2.0/../../../../arm-none-eabi/lib/thumb/libg.a(libc_a-strlen-stub.o)
                0x0201348c                strlen
 .text._raise_r
                0x020134ec       0x60 /opt/devkitpro/devkitARM/bin/../lib/gcc/arm-none-eabi/14.2.0/../../../../arm-none-eabi/lib/thumb/libg.a(libc_a-signal.o)
                0x020134ec                _raise_r
 .text.raise    0x0201354c       0x14 /opt/devkitpro/devkitARM/bin/../lib/gcc/arm-none-eabi/14.2.0/../../../../arm-none-eabi/lib/thumb/libg.a(libc_a-signal.o)
                0x0201354c                raise
 .text.__env_lock
                0x02013560       0x14 /opt/devkitpro/devkitARM/bin/../lib/gcc/arm-none-eabi/14.2.0/../../../../arm-none-eabi/lib/thumb/libg.a(libc_a-envlock.o)
                0x02013560                __env_lock
 .text.__env_unlock
                0x02013574       0x14 /opt/devkitpro/devkitARM/bin/../lib/gcc/arm-none-eabi/14.2.0/../../../../arm-none-eabi/lib/thumb/libg.a(libc_a-envlock.o)
                0x02013574                __env_unlock
 .text.__sfvwrite_r
                0x02013588      0x304 /opt/devkitpro/devkitARM/bin/../lib/gcc/arm-none-eabi/14.2.0/../../../../arm-none-eabi/lib/thumb/libg.a(libc_a-fvwrite.o)
                0x02013588                __sfvwrite_r
 .text.__locale_mb_cur_max
                0x0201388c       0x20 /opt/devkitpro/devkitARM/bin/../lib/gcc/arm-none-eabi/14.2.0/../../../../arm-none-eabi/lib/thumb/libg.a(libc_a-locale.o)
                0x0201388c                __locale_mb_cur_max
 .text.__ssprint_r
                0x020138ac       0x60 /opt/devkitpro/devkitARM/bin/../lib/gcc/arm-none-eabi/14.2.0/../../../../arm-none-eabi/lib/thumb/libg.a(libc_a-ssprint_r.o)
                0x020138ac                __ssprint_r
 .text.gmtime_r
                0x0201390c      0x1c4 /opt/devkitpro/devkitARM/bin/../lib/gcc/arm-none-eabi/14.2.0/../../../../arm-none-eabi/lib/thumb/libg.a(libc_a-gmtime_r.o)
                0x0201390c                gmtime_r
 .text.get_arg  0x02013ad0      0x428 /opt/devkitpro/devkitARM/bin/../lib/gcc/arm-none-eabi/14.2.0/../../../../arm-none-eabi/lib/thumb/libg.a(libc_a-vfiprintf.o)
 .text._vfiprintf_r
                0x02013ef8     0x1724 /opt/devkitpro/devkitARM/bin/../lib/gcc/arm-none-eabi/14.2.0/../../../../arm-none-eabi/lib/thumb/libg.a(libc_a-vfiprintf.o)
                0x02013ef8                _vfiprintf_r
 .text.__sbprintf
                0x0201561c       0x7c /opt/devkitpro/devkitARM/bin/../lib/gcc/arm-none-eabi/14.2.0/../../../../arm-none-eabi/lib/thumb/libg.a(libc_a-vfiprintf.o)
 .text._memalign_r
                0x02015698      0x128 /opt/devkitpro/devkitARM/bin/../lib/gcc/arm-none-eabi/14.2.0/../../../../arm-none-eabi/lib/thumb/libg.a(libc_a-malignr.o)
                0x02015698                _memalign_r
 .text.memchr   0x020157c0       0x80 /opt/devkitpro/devkitARM/bin/../lib/gcc/arm-none-eabi/14.2.0/../../../../arm-none-eabi/lib/thumb/libg.a(libc_a-memchr-stub.o)
                0x020157c0                memchr
 .text.div      0x02015840       0x18 /opt/devkitpro/devkitARM/bin/../lib/gcc/arm-none-eabi/14.2.0/../../../../arm-none-eabi/lib/thumb/libg.a(libc_a-div.o)
                0x02015840                div
 .text._wcsnrtombs_l
                0x02015858      0x10c /opt/devkitpro/devkitARM/bin/../lib/gcc/arm-none-eabi/14.2.0/../../../../arm-none-eabi/lib/thumb/libg.a(libc_a-wcsnrtombs.o)
                0x02015858                _wcsnrtombs_l
 .text._wcsnrtombs_r
                0x02015964       0x40 /opt/devkitpro/devkitARM/bin/../lib/gcc/arm-none-eabi/14.2.0/../../../../arm-none-eabi/lib/thumb/libg.a(libc_a-wcsnrtombs.o)
                0x02015964                _wcsnrtombs_r
 .text.get_arg  0x020159a4       0x3e /opt/devkitpro/devkitARM/bin/../lib/gcc/arm-none-eabi/14.2.0/../../../../arm-none-eabi/lib/thumb/libg.a(libc_a-svfiscanf.o)
 .text._sungetc_r
                0x020159e2       0x7e /opt/devkitpro/devkitARM/bin/../lib/gcc/arm-none-eabi/14.2.0/../../../../arm-none-eabi/lib/thumb/libg.a(libc_a-svfiscanf.o)
                0x020159e2                _sungetc_r
 .text.__ssrefill_r
                0x02015a60       0x42 /opt/devkitpro/devkitARM/bin/../lib/gcc/arm-none-eabi/14.2.0/../../../../arm-none-eabi/lib/thumb/libg.a(libc_a-svfiscanf.o)
                0x02015a60                __ssrefill_r
 .text._sfread_r
                0x02015aa2       0x88 /opt/devkitpro/devkitARM/bin/../lib/gcc/arm-none-eabi/14.2.0/../../../../arm-none-eabi/lib/thumb/libg.a(libc_a-svfiscanf.o)
                0x02015aa2                _sfread_r
 *fill*         0x02015b2a        0x2 ff
 .text.__ssvfiscanf_r
                0x02015b2c     0x1a88 /opt/devkitpro/devkitARM/bin/../lib/gcc/arm-none-eabi/14.2.0/../../../../arm-none-eabi/lib/thumb/libg.a(libc_a-svfiscanf.o)
                0x02015b2c                __ssvfiscanf_r
 .text.__utf8_mbtowc
                0x020175b4      0x234 /opt/devkitpro/devkitARM/bin/../lib/gcc/arm-none-eabi/14.2.0/../../../../arm-none-eabi/lib/thumb/libg.a(libc_a-mbtowc_r.o)
                0x020175b4                __utf8_mbtowc
 .text.__libc_fini_array
                0x020177e8       0x30 /opt/devkitpro/devkitARM/bin/../lib/gcc/arm-none-eabi/14.2.0/../../../../arm-none-eabi/lib/thumb/libg.a(libc_a-fini.o)
                0x020177e8                __libc_fini_array
 .text._tzset_unlocked
                0x02017818       0x10 /opt/devkitpro/devkitARM/bin/../lib/gcc/arm-none-eabi/14.2.0/../../../../arm-none-eabi/lib/thumb/libg.a(libc_a-tzset.o)
                0x02017818                _tzset_unlocked
 .text.__sprint_r
                0x02017828       0x24 /opt/devkitpro/devkitARM/bin/../lib/gcc/arm-none-eabi/14.2.0/../../../../arm-none-eabi/lib/thumb/libg.a(libc_a-sprint_r.o)
                0x02017828                __sprint_r
 .text.iswspace
                0x0201784c       0x10 /opt/devkitpro/devkitARM/bin/../lib/gcc/arm-none-eabi/14.2.0/../../../../arm-none-eabi/lib/thumb/libg.a(libc_a-iswspace.o)
                0x0201784c                iswspace
 .text.__sccl   0x0201785c       0xa0 /opt/devkitpro/devkitARM/bin/../lib/gcc/arm-none-eabi/14.2.0/../../../../arm-none-eabi/lib/thumb/libg.a(libc_a-sccl.o)
                0x0201785c                __sccl
 .text.__gettzinfo
                0x020178fc        0x8 /opt/devkitpro/devkitARM/bin/../lib/gcc/arm-none-eabi/14.2.0/../../../../arm-none-eabi/lib/thumb/libg.a(libc_a-gettzinfo.o)
                0x020178fc                __gettzinfo
 .text._localeconv_r
                0x02017904       0x1c /opt/devkitpro/devkitARM/bin/../lib/gcc/arm-none-eabi/14.2.0/../../../../arm-none-eabi/lib/thumb/libg.a(libc_a-localeconv.o)
                0x02017904                _localeconv_r
 .text.get_arg  0x02017920      0x428 /opt/devkitpro/devkitARM/bin/../lib/gcc/arm-none-eabi/14.2.0/../../../../arm-none-eabi/lib/thumb/libg.a(libc_a-vfprintf.o)
 .text._vfprintf_r
                0x02017d48     0x243c /opt/devkitpro/devkitARM/bin/../lib/gcc/arm-none-eabi/14.2.0/../../../../arm-none-eabi/lib/thumb/libg.a(libc_a-vfprintf.o)
                0x02017d48                _vfprintf_r
 .text.__sbprintf
                0x0201a184       0x7c /opt/devkitpro/devkitARM/bin/../lib/gcc/arm-none-eabi/14.2.0/../../../../arm-none-eabi/lib/thumb/libg.a(libc_a-vfprintf.o)
 .text.__smakebuf_r
                0x0201a200       0xdc /opt/devkitpro/devkitARM/bin/../lib/gcc/arm-none-eabi/14.2.0/../../../../arm-none-eabi/lib/thumb/libg.a(libc_a-makebuf.o)
                0x0201a200                __smakebuf_r
 .text.__swhatbuf_r
                0x0201a2dc       0x5c /opt/devkitpro/devkitARM/bin/../lib/gcc/arm-none-eabi/14.2.0/../../../../arm-none-eabi/lib/thumb/libg.a(libc_a-makebuf.o)
                0x0201a2dc                __swhatbuf_r
 .text.realloc  0x0201a338       0x18 /opt/devkitpro/devkitARM/bin/../lib/gcc/arm-none-eabi/14.2.0/../../../../arm-none-eabi/lib/thumb/libg.a(libc_a-realloc.o)
                0x0201a338                realloc
 .text.stdio_exit_handler
                0x0201a350       0x20 /opt/devkitpro/devkitARM/bin/../lib/gcc/arm-none-eabi/14.2.0/../../../../arm-none-eabi/lib/thumb/libg.a(libc_a-findfp.o)
 .text.cleanup_stdio
                0x0201a370       0x40 /opt/devkitpro/devkitARM/bin/../lib/gcc/arm-none-eabi/14.2.0/../../../../arm-none-eabi/lib/thumb/libg.a(libc_a-findfp.o)
 .text.global_stdio_init.part.0
                0x0201a3b0      0x128 /opt/devkitpro/devkitARM/bin/../lib/gcc/arm-none-eabi/14.2.0/../../../../arm-none-eabi/lib/thumb/libg.a(libc_a-findfp.o)
 .text.__sinit  0x0201a4d8       0x3c /opt/devkitpro/devkitARM/bin/../lib/gcc/arm-none-eabi/14.2.0/../../../../arm-none-eabi/lib/thumb/libg.a(libc_a-findfp.o)
                0x0201a4d8                __sinit
 .text.__sfp_lock_acquire
                0x0201a514       0x14 /opt/devkitpro/devkitARM/bin/../lib/gcc/arm-none-eabi/14.2.0/../../../../arm-none-eabi/lib/thumb/libg.a(libc_a-findfp.o)
                0x0201a514                __sfp_lock_acquire
 .text.__sfp_lock_release
                0x0201a528       0x14 /opt/devkitpro/devkitARM/bin/../lib/gcc/arm-none-eabi/14.2.0/../../../../arm-none-eabi/lib/thumb/libg.a(libc_a-findfp.o)
                0x0201a528                __sfp_lock_release
 .text.quorem   0x0201a53c      0x154 /opt/devkitpro/devkitARM/bin/../lib/gcc/arm-none-eabi/14.2.0/../../../../arm-none-eabi/lib/thumb/libg.a(libc_a-dtoa.o)
 .text._dtoa_r  0x0201a690     0x1140 /opt/devkitpro/devkitARM/bin/../lib/gcc/arm-none-eabi/14.2.0/../../../../arm-none-eabi/lib/thumb/libg.a(libc_a-dtoa.o)
                0x0201a690                _dtoa_r
 .text._wcrtomb_r